ARM Linker, 5.03 [Build 24] [MDK-ARM Lite]

==============================================================================

Section Cross References

    operators.o(i.dNormalizedCentralMoments) refers to operators.o(i.vCentroid) for vCentroid
    operators.o(i.dNormalizedCentralMoments) refers to dflti.o(.text) for __aeabi_i2d
    operators.o(i.dNormalizedCentralMoments) refers to pow.o(i.__hardfp_pow) for __hardfp_pow
    operators.o(i.dNormalizedCentralMoments) refers to dmul.o(.text) for __aeabi_dmul
    operators.o(i.dNormalizedCentralMoments) refers to dadd.o(.text) for __aeabi_dadd
    operators.o(i.dNormalizedCentralMoments) refers to dfltui.o(.text) for __aeabi_ui2d
    operators.o(i.dNormalizedCentralMoments) refers to ddiv.o(.text) for __aeabi_ddiv
    operators.o(i.eGetShape) refers to cdcmple.o(.text) for __aeabi_cdcmple
    operators.o(i.eGetShape) refers to cdrcmple.o(.text) for __aeabi_cdrcmple
    operators.o(i.iLabelBlobs) refers to operators.o(i.vSetSelectedToValue) for vSetSelectedToValue
    operators.o(i.vBlobAnalyse) refers to operators.o(i.iNeighbourCount) for iNeighbourCount
    operators.o(i.vBlobAnalyse) refers to dadd.o(.text) for __aeabi_dadd
    operators.o(i.vContrastStretchFast) refers to operators.o(i.vContrastStretch) for vContrastStretch
    operators.o(i.vFillHoles) refers to operators.o(i.vMarkBorders) for vMarkBorders
    operators.o(i.vFillHoles) refers to operators.o(i.vMarkConnectedToBorders) for vMarkConnectedToBorders
    operators.o(i.vFindEdges) refers to operators.o(i.vSetBorders) for vSetBorders
    operators.o(i.vFindEdges) refers to operators.o(i.vMarkConnectedToBorders) for vMarkConnectedToBorders
    operators.o(i.vFindEdges) refers to operators.o(i.iNeighbourCount) for iNeighbourCount
    operators.o(i.vMarkConnectedToBorders) refers to operators.o(i.iNeighbourCount) for iNeighbourCount
    operators.o(i.vRemoveBorderBlobs) refers to operators.o(i.vMarkBorders) for vMarkBorders
    operators.o(i.vRemoveBorderBlobs) refers to operators.o(i.vMarkConnectedToBorders) for vMarkConnectedToBorders
    operators.o(i.vThresholdIsoData) refers to memseta.o(.text) for __aeabi_memclr4
    operators.o(i.vThresholdIsoData) refers to operators.o(i.vHistogram) for vHistogram
    operators.o(i.vThresholdIsoData) refers to dfltui.o(.text) for __aeabi_ui2d
    operators.o(i.vThresholdIsoData) refers to dadd.o(.text) for __aeabi_dadd
    operators.o(i.vThresholdIsoData) refers to dfixui.o(.text) for __aeabi_d2uiz
    operators.o(i.vThresholdIsoData) refers to operators.o(i.vThreshold) for vThreshold
    operators.o(i.vThresholdOtsu) refers to memseta.o(.text) for __aeabi_memclr4
    operators.o(i.vThresholdOtsu) refers to operators.o(i.vHistogram) for vHistogram
    operators.o(i.vThresholdOtsu) refers to operators.o(i.vThreshold) for vThreshold
    visionset_evd.o(i.VisionSet2) refers to pc_interface.o(i.pc_send_string) for pc_send_string
    visionset_evd.o(i.VisionSet2) refers to pc_interface.o(i.pc_send_image) for pc_send_image
    visionset_evd.o(i.VisionSet2) refers to timer.o(i.benchmark_start) for benchmark_start
    visionset_evd.o(i.VisionSet2) refers to operators.o(i.vCopy) for vCopy
    visionset_evd.o(i.VisionSet2) refers to timer.o(i.benchmark_stop) for benchmark_stop
    visionset_evd.o(i.VisionSet2) refers to pc_interface.o(i.pc_send_benchmark) for pc_send_benchmark
    visionset_evd.o(i.VisionSet2) refers to operators.o(i.vContrastStretchFast) for vContrastStretchFast
    visionset_evd.o(i.VisionSet2) refers to operators.o(i.vThresholdIsoData) for vThresholdIsoData
    visionset_evd.o(i.VisionSet2) refers to operators.o(i.vRemoveBorderBlobs) for vRemoveBorderBlobs
    visionset_evd.o(i.VisionSet2) refers to operators.o(i.vFillHoles) for vFillHoles
    visionset_evd.o(i.VisionSet2) refers to operators.o(i.iLabelBlobs) for iLabelBlobs
    visionset_evd.o(i.VisionSet2) refers to led.o(i.led_reset) for led_reset
    visionset_evd.o(i.VisionSet2) refers to operators.o(i.vCentroid) for vCentroid
    visionset_evd.o(i.VisionSet2) refers to operators.o(i.dNormalizedCentralMoments) for dNormalizedCentralMoments
    visionset_evd.o(i.VisionSet2) refers to dadd.o(.text) for __aeabi_dadd
    visionset_evd.o(i.VisionSet2) refers to dmul.o(.text) for __aeabi_dmul
    visionset_evd.o(i.VisionSet2) refers to operators.o(i.eGetShape) for eGetShape
    visionset_evd.o(i.VisionSet2) refers to led.o(i.led_set) for led_set
    visionset_project.o(i.VisionSet1) refers to pc_interface.o(i.pc_send_string) for pc_send_string
    visionset_project.o(i.VisionSet1) refers to pc_interface.o(i.pc_send_image) for pc_send_image
    visionset_project.o(i.VisionSet1) refers to timer.o(i.benchmark_start) for benchmark_start
    visionset_project.o(i.VisionSet1) refers to operators.o(i.vThresholdIsoData) for vThresholdIsoData
    visionset_project.o(i.VisionSet1) refers to timer.o(i.benchmark_stop) for benchmark_stop
[...]
    .text                                    0x08000552   Section        0  dfltui.o(.text)
    .text                                    0x0800056c   Section        0  dfixui.o(.text)
    .text                                    0x080005a0   Section       40  cdcmple.o(.text)
    .text                                    0x080005c8   Section       40  cdrcmple.o(.text)
    .text                                    0x080005f0   Section        0  llshl.o(.text)
    .text                                    0x0800060e   Section        0  llushr.o(.text)
    .text                                    0x0800062e   Section        0  llsshr.o(.text)
    .text                                    0x08000652   Section        0  depilogue.o(.text)
    .text                                    0x08000652   Section        0  iusefp.o(.text)
    .text                                    0x08000710   Section        0  dscalb.o(.text)
    .text                                    0x08000740   Section       36  init.o(.text)
    .text                                    0x08000764   Section        0  dsqrt.o(.text)
    i.Audio_MAL_IRQHandler                   0x08000808   Section        0  stm32f4_discovery_audio_codec.o(i.Audio_MAL_IRQHandler)
    Audio_MAL_IRQHandler                     0x08000809   Thumb Code   148  stm32f4_discovery_audio_codec.o(i.Audio_MAL_IRQHandler)
    i.Audio_MAL_Init                         0x080008a4   Section        0  stm32f4_discovery_audio_codec.o(i.Audio_MAL_Init)
    Audio_MAL_Init                           0x080008a5   Thumb Code   190  stm32f4_discovery_audio_codec.o(i.Audio_MAL_Init)
    i.Audio_MAL_PauseResume                  0x08000970   Section        0  stm32f4_discovery_audio_codec.o(i.Audio_MAL_PauseResume)
    Audio_MAL_PauseResume                    0x08000971   Thumb Code    76  stm32f4_discovery_audio_codec.o(i.Audio_MAL_PauseResume)
    i.Audio_MAL_Play                         0x080009c4   Section        0  stm32f4_discovery_audio_codec.o(i.Audio_MAL_Play)
    i.BusFault_Handler                       0x08000a24   Section        0  stm32f4xx_it.o(i.BusFault_Handler)
    i.Codec_AudioInterface_Init              0x08000a28   Section        0  stm32f4_discovery_audio_codec.o(i.Codec_AudioInterface_Init)
    Codec_AudioInterface_Init                0x08000a29   Thumb Code    98  stm32f4_discovery_audio_codec.o(i.Codec_AudioInterface_Init)
    i.Codec_CtrlInterface_Init               0x08000a94   Section        0  stm32f4_discovery_audio_codec.o(i.Codec_CtrlInterface_Init)
    Codec_CtrlInterface_Init                 0x08000a95   Thumb Code    72  stm32f4_discovery_audio_codec.o(i.Codec_CtrlInterface_Init)
    i.Codec_GPIO_Init                        0x08000ae4   Section        0  stm32f4_discovery_audio_codec.o(i.Codec_GPIO_Init)
    Codec_GPIO_Init                          0x08000ae5   Thumb Code   264  stm32f4_discovery_audio_codec.o(i.Codec_GPIO_Init)
    i.Codec_Init                             0x08000c00   Section        0  stm32f4_discovery_audio_codec.o(i.Codec_Init)
    Codec_Init                               0x08000c01   Thumb Code   216  stm32f4_discovery_audio_codec.o(i.Codec_Init)
    i.Codec_Mute                             0x08000cdc   Section        0  stm32f4_discovery_audio_codec.o(i.Codec_Mute)
    Codec_Mute                               0x08000cdd   Thumb Code    22  stm32f4_discovery_audio_codec.o(i.Codec_Mute)
    i.Codec_PauseResume                      0x08000cf8   Section        0  stm32f4_discovery_audio_codec.o(i.Codec_PauseResume)
    Codec_PauseResume                        0x08000cf9   Thumb Code    58  stm32f4_discovery_audio_codec.o(i.Codec_PauseResume)
    i.Codec_ReadRegister                     0x08000d38   Section        0  stm32f4_discovery_audio_codec.o(i.Codec_ReadRegister)
    i.Codec_Reset                            0x08000edc   Section        0  stm32f4_discovery_audio_codec.o(i.Codec_Reset)
    Codec_Reset                              0x08000edd   Thumb Code    36  stm32f4_discovery_audio_codec.o(i.Codec_Reset)
    i.Codec_TIMEOUT_UserCallback             0x08000f04   Section        0  audio_driver.o(i.Codec_TIMEOUT_UserCallback)
    i.Codec_VolumeCtrl                       0x08000f0c   Section        0  stm32f4_discovery_audio_codec.o(i.Codec_VolumeCtrl)
    Codec_VolumeCtrl                         0x08000f0d   Thumb Code    58  stm32f4_discovery_audio_codec.o(i.Codec_VolumeCtrl)
    i.Codec_WriteRegister                    0x08000f48   Section        0  stm32f4_discovery_audio_codec.o(i.Codec_WriteRegister)
    i.DAC_Cmd                                0x0800106c   Section        0  stm32f4xx_dac.o(i.DAC_Cmd)
    i.DAC_Config                             0x0800108c   Section        0  stm32f4_discovery_audio_codec.o(i.DAC_Config)
    i.DAC_Init                               0x080010dc   Section        0  stm32f4xx_dac.o(i.DAC_Init)
    i.DAC_SetChannel1Data                    0x08001104   Section        0  stm32f4xx_dac.o(i.DAC_SetChannel1Data)
    i.DCMI_CaptureCmd                        0x08001118   Section        0  stm32f4xx_dcmi.o(i.DCMI_CaptureCmd)
    i.DCMI_ClearFlag                         0x08001138   Section        0  stm32f4xx_dcmi.o(i.DCMI_ClearFlag)
    i.DCMI_Cmd                               0x08001144   Section        0  stm32f4xx_dcmi.o(i.DCMI_Cmd)
    i.DCMI_IRQHandler                        0x08001164   Section        0  dcmi.o(i.DCMI_IRQHandler)
    i.DCMI_ITConfig                          0x08001188   Section        0  stm32f4xx_dcmi.o(i.DCMI_ITConfig)
    i.DCMI_Init                              0x080011a8   Section        0  stm32f4xx_dcmi.o(i.DCMI_Init)
    i.DMA1_Stream6_IRQHandler                0x080011e4   Section        0  stm32f4_discovery_audio_codec.o(i.DMA1_Stream6_IRQHandler)
    i.DMA1_Stream7_IRQHandler                0x080011e8   Section        0  stm32f4_discovery_audio_codec.o(i.DMA1_Stream7_IRQHandler)
    i.DMA_ClearFlag                          0x080011ec   Section        0  stm32f4xx_dma.o(i.DMA_ClearFlag)
    i.DMA_Cmd                                0x08001218   Section        0  stm32f4xx_dma.o(i.DMA_Cmd)
    i.DMA_DeInit                             0x08001230   Section        0  stm32f4xx_dma.o(i.DMA_DeInit)
    i.DMA_DoubleBufferModeCmd                0x0800135c   Section        0  stm32f4xx_dma.o(i.DMA_DoubleBufferModeCmd)
    i.DMA_DoubleBufferModeConfig             0x08001374   Section        0  stm32f4xx_dma.o(i.DMA_DoubleBufferModeConfig)
    i.DMA_GetCmdStatus                       0x0800138e   Section        0  stm32f4xx_dma.o(i.DMA_GetCmdStatus)
    i.DMA_GetCurrentMemoryTarget             0x0800139c   Section        0  stm32f4xx_dma.o(i.DMA_GetCurrentMemoryTarget)
    i.DMA_GetFlagStatus                      0x080013ac   Section        0  stm32f4xx_dma.o(i.DMA_GetFlagStatus)
    i.DMA_ITConfig                           0x080013e0   Section        0  stm32f4xx_dma.o(i.DMA_ITConfig)
    i.DMA_Init                               0x08001414   Section        0  stm32f4xx_dma.o(i.DMA_Init)
    i.DMA_MemoryTargetConfig                 0x08001468   Section        0  stm32f4xx_dma.o(i.DMA_MemoryTargetConfig)
    i.DMA_SetCurrDataCounter                 0x08001474   Section        0  stm32f4xx_dma.o(i.DMA_SetCurrDataCounter)
    i.DMA_StructInit                         0x08001478   Section        0  stm32f4xx_dma.o(i.DMA_StructInit)
    i.DebugMon_Handler                       0x0800149a   Section        0  stm32f4xx_it.o(i.DebugMon_Handler)
    i.Delay                                  0x0800149c   Section        0  stm32f4_discovery_audio_codec.o(i.Delay)
    Delay                                    0x0800149d   Thumb Code    18  stm32f4_discovery_audio_codec.o(i.Delay)
    i.EVAL_AUDIO_GetSampleCallBack           0x080014ae   Section        0  audio_driver.o(i.EVAL_AUDIO_GetSampleCallBack)
    i.EVAL_AUDIO_Init                        0x080014b2   Section        0  stm32f4_discovery_audio_codec.o(i.EVAL_AUDIO_Init)
    i.EVAL_AUDIO_PauseResume                 0x080014da   Section        0  stm32f4_discovery_audio_codec.o(i.EVAL_AUDIO_PauseResume)
    i.EVAL_AUDIO_SetAudioInterface           0x080014f8   Section        0  stm32f4_discovery_audio_codec.o(i.EVAL_AUDIO_SetAudioInterface)
    i.EVAL_AUDIO_TransferComplete_CallBack   0x0800158c   Section        0  audio_driver.o(i.EVAL_AUDIO_TransferComplete_CallBack)
    i.EXTI0_IRQHandler                       0x08001598   Section        0  pc_interface.o(i.EXTI0_IRQHandler)
    i.EXTI1_IRQHandler                       0x08001680   Section        0  pc_interface.o(i.EXTI1_IRQHandler)
    i.EXTI9_5_IRQHandler                     0x080017a0   Section        0  pc_interface.o(i.EXTI9_5_IRQHandler)
    i.EXTI_ClearITPendingBit                 0x080017cc   Section        0  stm32f4xx_exti.o(i.EXTI_ClearITPendingBit)
    i.EXTI_GenerateSWInterrupt               0x080017d8   Section        0  stm32f4xx_exti.o(i.EXTI_GenerateSWInterrupt)
    i.EXTI_GetITStatus                       0x080017e8   Section        0  stm32f4xx_exti.o(i.EXTI_GetITStatus)
    i.EXTI_Init                              0x08001808   Section        0  stm32f4xx_exti.o(i.EXTI_Init)
    i.GPIO_Init                              0x0800187c   Section        0  stm32f4xx_gpio.o(i.GPIO_Init)
    i.GPIO_PinAFConfig                       0x080018f8   Section        0  stm32f4xx_gpio.o(i.GPIO_PinAFConfig)
    i.GPIO_ReadInputDataBit                  0x08001918   Section        0  stm32f4xx_gpio.o(i.GPIO_ReadInputDataBit)
    i.GPIO_ResetBits                         0x08001926   Section        0  stm32f4xx_gpio.o(i.GPIO_ResetBits)
    i.GPIO_SetBits                           0x0800192a   Section        0  stm32f4xx_gpio.o(i.GPIO_SetBits)
    i.GPIO_WriteBit                          0x0800192e   Section        0  stm32f4xx_gpio.o(i.GPIO_WriteBit)
    i.HardFault_Handler                      0x0800193a   Section        0  stm32f4xx_it.o(i.HardFault_Handler)
    i.I2C_AcknowledgeConfig                  0x0800193c   Section        0  stm32f4xx_i2c.o(i.I2C_AcknowledgeConfig)
    i.I2C_CheckEvent                         0x08001954   Section        0  stm32f4xx_i2c.o(i.I2C_CheckEvent)
    i.I2C_ClearFlag                          0x0800196c   Section        0  stm32f4xx_i2c.o(i.I2C_ClearFlag)
    i.I2C_Cmd                                0x08001972   Section        0  stm32f4xx_i2c.o(i.I2C_Cmd)
    i.I2C_DeInit                             0x0800198c   Section        0  stm32f4xx_i2c.o(i.I2C_DeInit)
    i.I2C_GenerateSTART                      0x080019f0   Section        0  stm32f4xx_i2c.o(i.I2C_GenerateSTART)
    i.I2C_GenerateSTOP                       0x08001a08   Section        0  stm32f4xx_i2c.o(i.I2C_GenerateSTOP)
    i.I2C_GetFlagStatus                      0x08001a20   Section        0  stm32f4xx_i2c.o(i.I2C_GetFlagStatus)
    i.I2C_Init                               0x08001a54   Section        0  stm32f4xx_i2c.o(i.I2C_Init)
    i.I2C_ReceiveData                        0x08001b0c   Section        0  stm32f4xx_i2c.o(i.I2C_ReceiveData)
    i.I2C_Send7bitAddress                    0x08001b12   Section        0  stm32f4xx_i2c.o(i.I2C_Send7bitAddress)
    i.I2C_SendData                           0x08001b24   Section        0  stm32f4xx_i2c.o(i.I2C_SendData)
    i.I2S_Cmd                                0x08001b28   Section        0  stm32f4xx_spi.o(i.I2S_Cmd)
    i.I2S_Init                               0x08001b40   Section        0  stm32f4xx_spi.o(i.I2S_Init)
    i.MemManage_Handler                      0x08001c18   Section        0  stm32f4xx_it.o(i.MemManage_Handler)
    i.NMI_Handler                            0x08001c1a   Section        0  stm32f4xx_it.o(i.NMI_Handler)
    i.NVIC_EnableIRQ                         0x08001c1c   Section        0  pc_interface.o(i.NVIC_EnableIRQ)
    NVIC_EnableIRQ                           0x08001c1d   Thumb Code    24  pc_interface.o(i.NVIC_EnableIRQ)
    i.NVIC_Init                              0x08001c34   Section        0  misc.o(i.NVIC_Init)
    i.PendSV_Handler                         0x08001c9c   Section        0  stm32f4xx_it.o(i.PendSV_Handler)
    i.Project_Init                           0x08001ca0   Section        0  audio_driver.o(i.Project_Init)
    i.Project_PlayTone                       0x08001ccc   Section        0  audio_driver.o(i.Project_PlayTone)
    i.RCC_AHB1PeriphClockCmd                 0x08001d24   Section        0  stm32f4xx_rcc.o(i.RCC_AHB1PeriphClockCmd)
    i.RCC_AHB2PeriphClockCmd                 0x08001d40   Section        0  stm32f4xx_rcc.o(i.RCC_AHB2PeriphClockCmd)
    i.RCC_APB1PeriphClockCmd                 0x08001d5c   Section        0  stm32f4xx_rcc.o(i.RCC_APB1PeriphClockCmd)
    i.RCC_APB1PeriphResetCmd                 0x08001d78   Section        0  stm32f4xx_rcc.o(i.RCC_APB1PeriphResetCmd)
    i.RCC_APB2PeriphClockCmd                 0x08001d94   Section        0  stm32f4xx_rcc.o(i.RCC_APB2PeriphClockCmd)
    i.RCC_APB2PeriphResetCmd                 0x08001db0   Section        0  stm32f4xx_rcc.o(i.RCC_APB2PeriphResetCmd)
    i.RCC_GetClocksFreq                      0x08001dcc   Section        0  stm32f4xx_rcc.o(i.RCC_GetClocksFreq)
    i.SPI3_IRQHandler                        0x08001e6c   Section        0  stm32f4_discovery_audio_codec.o(i.SPI3_IRQHandler)
    i.SPI_I2S_DMACmd                         0x08001eac   Section        0  stm32f4xx_spi.o(i.SPI_I2S_DMACmd)
    i.SPI_I2S_DeInit                         0x08001ec0   Section        0  stm32f4xx_spi.o(i.SPI_I2S_DeInit)
    i.SPI_I2S_GetFlagStatus                  0x08001f24   Section        0  stm32f4xx_spi.o(i.SPI_I2S_GetFlagStatus)
    i.SPI_I2S_ITConfig                       0x08001f32   Section        0  stm32f4xx_spi.o(i.SPI_I2S_ITConfig)
    i.SPI_I2S_SendData                       0x08001f4e   Section        0  stm32f4xx_spi.o(i.SPI_I2S_SendData)
    i.SVC_Handler                            0x08001f52   Section        0  stm32f4xx_it.o(i.SVC_Handler)
    i.SYSCFG_EXTILineConfig                  0x08001f54   Section        0  stm32f4xx_syscfg.o(i.SYSCFG_EXTILineConfig)
    i.SetSysClock                            0x08001f7c   Section        0  system_stm32f4xx.o(i.SetSysClock)
    SetSysClock                              0x08001f7d   Thumb Code   198  system_stm32f4xx.o(i.SetSysClock)
    i.SysTick_Handler                        0x08002058   Section        0  stm32f4xx_it.o(i.SysTick_Handler)
    i.SystemInit                             0x0800205c   Section        0  system_stm32f4xx.o(i.SystemInit)
    i.TIM2_IRQHandler                        0x080020ac   Section        0  timer.o(i.TIM2_IRQHandler)
    i.TIM_CCxCmd                             0x080020c0   Section        0  stm32f4xx_tim.o(i.TIM_CCxCmd)
    i.TIM_ClearFlag                          0x080020d6   Section        0  stm32f4xx_tim.o(i.TIM_ClearFlag)
    i.TIM_Cmd                                0x080020dc   Section        0  stm32f4xx_tim.o(i.TIM_Cmd)
    i.TIM_GetCounter                         0x080020f4   Section        0  stm32f4xx_tim.o(i.TIM_GetCounter)
    i.TIM_ITConfig                           0x080020f8   Section        0  stm32f4xx_tim.o(i.TIM_ITConfig)
    i.TIM_OC3Init                            0x0800210c   Section        0  stm32f4xx_tim.o(i.TIM_OC3Init)
    i.TIM_OCStructInit                       0x08002190   Section        0  stm32f4xx_tim.o(i.TIM_OCStructInit)
    i.TIM_SetCompare3                        0x080021a4   Section        0  stm32f4xx_tim.o(i.TIM_SetCompare3)
    i.TIM_SetCounter                         0x080021a8   Section        0  stm32f4xx_tim.o(i.TIM_SetCounter)
    i.TIM_TimeBaseInit                       0x080021ac   Section        0  stm32f4xx_tim.o(i.TIM_TimeBaseInit)
    i.TIM_TimeBaseStructInit                 0x08002228   Section        0  stm32f4xx_tim.o(i.TIM_TimeBaseStructInit)
    i.UsageFault_Handler                     0x0800223a   Section        0  stm32f4xx_it.o(i.UsageFault_Handler)
    i.VisionSet1                             0x0800223c   Section        0  visionset_project.o(i.VisionSet1)
    i.VisionSet2                             0x08002614   Section        0  visionset_evd.o(i.VisionSet2)
    i.WebcamMode                             0x08002964   Section        0  programma.o(i.WebcamMode)
    i.__ARM_fpclassify                       0x0800296e   Section        0  fpclassify.o(i.__ARM_fpclassify)
    i.__hardfp_pow                           0x080029a0   Section        0  pow.o(i.__hardfp_pow)
    i.__kernel_poly                          0x08003630   Section        0  poly.o(i.__kernel_poly)
    i.__mathlib_dbl_underflow                0x08003728   Section        0  dunder.o(i.__mathlib_dbl_underflow)
    i.__scatterload_copy                     0x08003748   Section       14  handlers.o(i.__scatterload_copy)
    i.__scatterload_null                     0x08003756   Section        2  handlers.o(i.__scatterload_null)
    i.__scatterload_zeroinit                 0x08003758   Section       14  handlers.o(i.__scatterload_zeroinit)
    i.__set_errno                            0x08003768   Section        0  errno.o(i.__set_errno)
    i.benchmark_start                        0x08003774   Section        0  timer.o(i.benchmark_start)
    i.benchmark_stop                         0x08003792   Section        0  timer.o(i.benchmark_stop)
    i.camera_init                            0x080037a4   Section        0  camera.o(i.camera_init)
    i.camera_io_init                         0x08003800   Section        0  camera_io.o(i.camera_io_init)
    i.camera_io_reset                        0x08003858   Section        0  camera_io.o(i.camera_io_reset)
    i.camera_snapshot                        0x08003890   Section        0  camera.o(i.camera_snapshot)
    i.dNormalizedCentralMoments              0x08003894   Section        0  operators.o(i.dNormalizedCentralMoments)
    i.dcmi_init                              0x080039d0   Section        0  dcmi.o(i.dcmi_init)
    i.dcmi_snapshot                          0x08003be0   Section        0  dcmi.o(i.dcmi_snapshot)
    i.dcmi_start                             0x08003c30   Section        0  dcmi.o(i.dcmi_start)
    i.eGetShape                              0x08003c38   Section        0  operators.o(i.eGetShape)
    i.fabs                                   0x08003d4c   Section        0  fabs.o(i.fabs)
    i.free                                   0x08003d6c   Section        0  malloc.o(i.free)
    i.hardware_init                          0x08003dbc   Section        0  pc_interface.o(i.hardware_init)
    i.iLabelBlobs                            0x08003e98   Section        0  operators.o(i.iLabelBlobs)
    i.iNeighbourCount                        0x08003fac   Section        0  operators.o(i.iNeighbourCount)
    i.led_init                               0x08004040   Section        0  led.o(i.led_init)
    i.led_reset                              0x0800408c   Section        0  led.o(i.led_reset)
    i.led_set                                0x080040b8   Section        0  led.o(i.led_set)
    i.led_toggle                             0x080040e4   Section        0  led.o(i.led_toggle)
    i.main                                   0x08004118   Section        0  main.o(i.main)
    i.malloc                                 0x080041a4   Section        0  malloc.o(i.malloc)
    i.mem_manager_alloc                      0x08004210   Section        0  mem_manager.o(i.mem_manager_alloc)
    i.mem_manager_init                       0x08004234   Section        0  mem_manager.o(i.mem_manager_init)
    i.pc_interface_init                      0x08004268   Section        0  pc_interface.o(i.pc_interface_init)
    i.pc_mode_from_pc                        0x08004278   Section        0  pc_interface.o(i.pc_mode_from_pc)
    i.pc_receive_image                       0x0800428c   Section        0  pc_interface.o(i.pc_receive_image)
    i.pc_reset_connection                    0x080042c4   Section        0  pc_interface.o(i.pc_reset_connection)
    i.pc_reset_image_counter                 0x080042f8   Section        0  pc_interface.o(i.pc_reset_image_counter)
    i.pc_send_benchmark                      0x08004314   Section        0  pc_interface.o(i.pc_send_benchmark)
    i.pc_send_hello                          0x0800434c   Section        0  pc_interface.o(i.pc_send_hello)
    i.pc_send_image                          0x08004374   Section        0  pc_interface.o(i.pc_send_image)
    i.pc_send_string                         0x080043b8   Section        0  pc_interface.o(i.pc_send_string)
    i.programma_set                          0x080043f8   Section        0  programma.o(i.programma_set)
    i.programma_start                        0x08004404   Section        0  programma.o(i.programma_start)
    i.sccb_init                              0x08004420   Section        0  sccb.o(i.sccb_init)
    i.sccb_read                              0x080044b4   Section        0  sccb.o(i.sccb_read)
    i.sccb_write                             0x08004610   Section        0  sccb.o(i.sccb_write)
    i.sqrt                                   0x080046dc   Section        0  sqrt.o(i.sqrt)
    i.timer_init                             0x0800474c   Section        0  timer.o(i.timer_init)
    i.timer_reset                            0x080047c8   Section        0  timer.o(i.timer_reset)
    i.timer_set_fps                          0x080047e0   Section        0  timer.o(i.timer_set_fps)
    i.timer_sleep                            0x080047f4   Section        0  timer.o(i.timer_sleep)
    i.vBlobAnalyse                           0x08004804   Section        0  operators.o(i.vBlobAnalyse)
    i.vCentroid                              0x08004914   Section        0  operators.o(i.vCentroid)
    i.vContrastStretch                       0x08004980   Section        0  operators.o(i.vContrastStretch)
    i.vContrastStretchFast                   0x08004a24   Section        0  operators.o(i.vContrastStretchFast)
    i.vCopy                                  0x08004a2c   Section        0  operators.o(i.vCopy)
    i.vCropVertical                          0x08004a4a   Section        0  operators.o(i.vCropVertical)
    i.vDrawLine                              0x08004aa8   Section        0  operators.o(i.vDrawLine)
    i.vFillHoles                             0x08004bb8   Section        0  operators.o(i.vFillHoles)
    i.vHistogram                             0x08004c04   Section        0  operators.o(i.vHistogram)
    i.vMarkBorders                           0x08004c48   Section        0  operators.o(i.vMarkBorders)
    i.vMarkConnectedToBorders                0x08004cb4   Section        0  operators.o(i.vMarkConnectedToBorders)
    i.vRemoveBorderBlobs                     0x08004ec4   Section        0  operators.o(i.vRemoveBorderBlobs)
    i.vRotate180                             0x08004f04   Section        0  operators.o(i.vRotate180)
    i.vSetBorders                            0x08004f22   Section        0  operators.o(i.vSetBorders)
    i.vSetSelectedToValue                    0x08004f70   Section        0  operators.o(i.vSetSelectedToValue)
    i.vThreshold                             0x08004f94   Section        0  operators.o(i.vThreshold)
    i.vThresholdIsoData                      0x08004fc0   Section        0  operators.o(i.vThresholdIsoData)
    .constdata                               0x0800507c   Section       96  audio_driver.o(.constdata)
    .constdata                               0x080050e0   Section      136  pow.o(.constdata)
    bp                                       0x080050e0   Data          16  pow.o(.constdata)
    dp_h                                     0x080050f0   Data          16  pow.o(.constdata)
    dp_l                                     0x08005100   Data          16  pow.o(.constdata)
    L                                        0x08005110   Data          48  pow.o(.constdata)
    P                                        0x08005140   Data          40  pow.o(.constdata)
    .constdata                               0x08005168   Section        8  qnan.o(.constdata)
    .data                                    0x20000000   Section        1  camera.o(.data)
    .data                                    0x20000004   Section        8  dcmi.o(.data)
    .data                                    0x2000000c   Section        8  mem_manager.o(.data)
    .data                                    0x20000014   Section       32  pc_interface.o(.data)
    .data                                    0x20000034   Section       16  programma.o(.data)
    .data                                    0x20000044   Section        4  timer.o(.data)
    .data                                    0x20000048   Section        2  audio_driver.o(.data)
    .data                                    0x2000004c   Section       64  stm32f4_discovery_audio_codec.o(.data)
    .data                                    0x2000008c   Section       16  stm32f4xx_rcc.o(.data)
    APBAHBPrescTable                         0x2000008c   Data          16  stm32f4xx_rcc.o(.data)
    .data                                    0x2000009c   Section        4  mvars.o(.data)
    .data                                    0x200000a0   Section        4  mvars.o(.data)
    .data                                    0x200000a4   Section        4  errno.o(.data)
    _errno                                   0x200000a4   Data           4  errno.o(.data)
    .bss                                     0x200000a8   Section    101408  mem_manager.o(.bss)
    .bss                                     0x20018cc8   Section      226  pc_interface.o(.bss)
    .bss                                     0x20018dac   Section       60  stm32f4_discovery_audio_codec.o(.bss)
    HEAP                                     0x20018de8   Section      512  startup_stm32f4xx.o(HEAP)
    STACK                                    0x20018fe8   Section     1024  startup_stm32f4xx.o(STACK)

    Global Symbols

    Symbol Name                              Value     Ov Type        Size  Object(Section)

    BuildAttributes$$THM_ISAv4$E$P$D$K$B$S$7EM$VFPi3$EXTD16$VFPS$VFMA$PE$A:L22UL41UL21$X:L11$S22US41US21$IEEE1$IW$USESV6$~STKCKD$USESV7$~SHL$OTIME$ROPI$IEEEX$EBA8$MICROLIB$REQ8$PRES8$EABIv2 0x00000000   Number         0  anon$$obj.o ABSOLUTE
    __ARM_use_no_argv                        0x00000000   Number         0  main.o ABSOLUTE
    __cpp_initialize__aeabi_                  - Undefined Weak Reference
    __cxa_finalize                            - Undefined Weak Reference
    __decompress                              - Undefined Weak Reference
    _clock_init                               - Undefined Weak Reference
    _microlib_exit                            - Undefined Weak Reference
    __Vectors_Size                           0x00000188   Number         0  startup_stm32f4xx.o ABSOLUTE
    __Vectors                                0x08000000   Data           4  startup_stm32f4xx.o(RESET)
    __Vectors_End                            0x08000188   Data           0  startup_stm32f4xx.o(RESET)
    __main                                   0x08000189   Thumb Code     0  entry.o(.ARM.Collect$$$$00000000)
    _main_stk                                0x08000189   Thumb Code     0  entry2.o(.ARM.Collect$$$$00000001)
    _main_scatterload                        0x0800018d   Thumb Code     0  entry5.o(.ARM.Collect$$$$00000004)
    __main_after_scatterload                 0x08000191   Thumb Code     0  entry5.o(.ARM.Collect$$$$00000004)
    _main_clock                              0x08000191   Thumb Code     0  entry7b.o(.ARM.Collect$$$$00000008)
    _main_cpp_init                           0x08000191   Thumb Code     0  entry8b.o(.ARM.Collect$$$$0000000A)
    _main_init                               0x08000191   Thumb Code     0  entry9a.o(.ARM.Collect$$$$0000000B)
    __rt_final_cpp                           0x08000199   Thumb Code     0  entry10a.o(.ARM.Collect$$$$0000000D)
    __rt_final_exit                          0x08000199   Thumb Code     0  entry11a.o(.ARM.Collect$$$$0000000F)
    Reset_Handler                            0x0800019d   Thumb Code     8  startup_stm32f4xx.o(.text)
    ADC_IRQHandler                           0x080001b7   Thumb Code     0  startup_stm32f4xx.o(.text)
    CAN1_RX0_IRQHandler                      0x080001b7   Thumb Code     0  startup_stm32f4xx.o(.text)
    CAN1_RX1_IRQHandler                      0x080001b7   Thumb Code     0  startup_stm32f4xx.o(.text)
    CAN1_SCE_IRQHandler                      0x080001b7   Thumb Code     0  startup_stm32f4xx.o(.text)
    CAN1_TX_IRQHandler                       0x080001b7   Thumb Code     0  startup_stm32f4xx.o(.text)
    CAN2_RX0_IRQHandler                      0x080001b7   Thumb Code     0  startup_stm32f4xx.o(.text)
    CAN2_RX1_IRQHandler                      0x080001b7   Thumb Code     0  startup_stm32f4xx.o(.text)
    CAN2_SCE_IRQHandler                      0x080001b7   Thumb Code     0  startup_stm32f4xx.o(.text)
    CAN2_TX_IRQHandler                       0x080001b7   Thumb Code     0  startup_stm32f4xx.o(.text)
    CRYP_IRQHandler                          0x080001b7   Thumb Code     0  startup_stm32f4xx.o(.text)
    DMA1_Stream0_IRQHandler                  0x080001b7   Thumb Code     0  startup_stm32f4xx.o(.text)
    DMA1_Stream1_IRQHandler                  0x080001b7   Thumb Code     0  startup_stm32f4xx.o(.text)
    DMA1_Stream2_IRQHandler                  0x080001b7   Thumb Code     0  startup_stm32f4xx.o(.text)
    DMA1_Stream3_IRQHandler                  0x080001b7   Thumb Code     0  startup_stm32f4xx.o(.text)
    DMA1_Stream4_IRQHandler                  0x080001b7   Thumb Code     0  startup_stm32f4xx.o(.text)
    DMA1_Stream5_IRQHandler                  0x080001b7   Thumb Code     0  startup_stm32f4xx.o(.text)
    DMA2_Stream0_IRQHandler                  0x080001b7   Thumb Code     0  startup_stm32f4xx.o(.text)
    DMA2_Stream1_IRQHandler                  0x080001b7   Thumb Code     0  startup_stm32f4xx.o(.text)
    DMA2_Stream2_IRQHandler                  0x080001b7   Thumb Code     0  startup_stm32f4xx.o(.text)
    DMA2_Stream3_IRQHandler                  0x080001b7   Thumb Code     0  startup_stm32f4xx.o(.text)
    DMA2_Stream4_IRQHandler                  0x080001b7   Thumb Code     0  startup_stm32f4xx.o(.text)
    DMA2_Stream5_IRQHandler                  0x080001b7   Thumb Code     0  startup_stm32f4xx.o(.text)
    DMA2_Stream6_IRQHandler                  0x080001b7   Thumb Code     0  startup_stm32f4xx.o(.text)
    DMA2_Stream7_IRQHandler                  0x080001b7   Thumb Code     0  startup_stm32f4xx.o(.text)
    ETH_IRQHandler                           0x080001b7   Thumb Code     0  startup_stm32f4xx.o(.text)
    ETH_WKUP_IRQHandler                      0x080001b7   Thumb Code     0  startup_stm32f4xx.o(.text)
    EXTI15_10_IRQHandler                     0x080001b7   Thumb Code     0  startup_stm32f4xx.o(.text)
    EXTI2_IRQHandler                         0x080001b7   Thumb Code     0  startup_stm32f4xx.o(.text)
    EXTI3_IRQHandler                         0x080001b7   Thumb Code     0  startup_stm32f4xx.o(.text)
    EXTI4_IRQHandler                         0x080001b7   Thumb Code     0  startup_stm32f4xx.o(.text)
    FLASH_IRQHandler                         0x080001b7   Thumb Code     0  startup_stm32f4xx.o(.text)
    FPU_IRQHandler                           0x080001b7   Thumb Code     0  startup_stm32f4xx.o(.text)
    FSMC_IRQHandler                          0x080001b7   Thumb Code     0  startup_stm32f4xx.o(.text)
    HASH_RNG_IRQHandler                      0x080001b7   Thumb Code     0  startup_stm32f4xx.o(.text)
    I2C1_ER_IRQHandler                       0x080001b7   Thumb Code     0  startup_stm32f4xx.o(.text)
    I2C1_EV_IRQHandler                       0x080001b7   Thumb Code     0  startup_stm32f4xx.o(.text)
    I2C2_ER_IRQHandler                       0x080001b7   Thumb Code     0  startup_stm32f4xx.o(.text)
    I2C2_EV_IRQHandler                       0x080001b7   Thumb Code     0  startup_stm32f4xx.o(.text)
    I2C3_ER_IRQHandler                       0x080001b7   Thumb Code     0  startup_stm32f4xx.o(.text)
    I2C3_EV_IRQHandler                       0x080001b7   Thumb Code     0  startup_stm32f4xx.o(.text)
    OTG_FS_IRQHandler                        0x080001b7   Thumb Code     0  startup_stm32f4xx.o(.text)
    OTG_FS_WKUP_IRQHandler                   0x080001b7   Thumb Code     0  startup_stm32f4xx.o(.text)
    OTG_HS_EP1_IN_IRQHandler                 0x080001b7   Thumb Code     0  startup_stm32f4xx.o(.text)
    OTG_HS_EP1_OUT_IRQHandler                0x080001b7   Thumb Code     0  startup_stm32f4xx.o(.text)
    OTG_HS_IRQHandler                        0x080001b7   Thumb Code     0  startup_stm32f4xx.o(.text)
    OTG_HS_WKUP_IRQHandler                   0x080001b7   Thumb Code     0  startup_stm32f4xx.o(.text)
    PVD_IRQHandler                           0x080001b7   Thumb Code     0  startup_stm32f4xx.o(.text)
    RCC_IRQHandler                           0x080001b7   Thumb Code     0  startup_stm32f4xx.o(.text)
    RTC_Alarm_IRQHandler                     0x080001b7   Thumb Code     0  startup_stm32f4xx.o(.text)
    RTC_WKUP_IRQHandler                      0x080001b7   Thumb Code     0  startup_stm32f4xx.o(.text)
    SDIO_IRQHandler                          0x080001b7   Thumb Code     0  startup_stm32f4xx.o(.text)
    SPI1_IRQHandler                          0x080001b7   Thumb Code     0  startup_stm32f4xx.o(.text)
    SPI2_IRQHandler                          0x080001b7   Thumb Code     0  startup_stm32f4xx.o(.text)
    TAMP_STAMP_IRQHandler                    0x080001b7   Thumb Code     0  startup_stm32f4xx.o(.text)
    TIM1_BRK_TIM9_IRQHandler                 0x080001b7   Thumb Code     0  startup_stm32f4xx.o(.text)
    TIM1_CC_IRQHandler                       0x080001b7   Thumb Code     0  startup_stm32f4xx.o(.text)
    TIM1_TRG_COM_TIM11_IRQHandler            0x080001b7   Thumb Code     0  startup_stm32f4xx.o(.text)
    TIM1_UP_TIM10_IRQHandler                 0x080001b7   Thumb Code     0  startup_stm32f4xx.o(.text)
    TIM3_IRQHandler                          0x080001b7   Thumb Code     0  startup_stm32f4xx.o(.text)
    TIM4_IRQHandler                          0x080001b7   Thumb Code     0  startup_stm32f4xx.o(.text)
    TIM5_IRQHandler                          0x080001b7   Thumb Code     0  startup_stm32f4xx.o(.text)
    TIM6_DAC_IRQHandler                      0x080001b7   Thumb Code     0  startup_stm32f4xx.o(.text)
    TIM7_IRQHandler                          0x080001b7   Thumb Code     0  startup_stm32f4xx.o(.text)
    TIM8_BRK_TIM12_IRQHandler                0x080001b7   Thumb Code     0  startup_stm32f4xx.o(.text)
    TIM8_CC_IRQHandler                       0x080001b7   Thumb Code     0  startup_stm32f4xx.o(.text)
    TIM8_TRG_COM_TIM14_IRQHandler            0x080001b7   Thumb Code     0  startup_stm32f4xx.o(.text)
    TIM8_UP_TIM13_IRQHandler                 0x080001b7   Thumb Code     0  startup_stm32f4xx.o(.text)
    UART4_IRQHandler                         0x080001b7   Thumb Code     0  startup_stm32f4xx.o(.text)
    UART5_IRQHandler                         0x080001b7   Thumb Code     0  startup_stm32f4xx.o(.text)
    USART1_IRQHandler                        0x080001b7   Thumb Code     0  startup_stm32f4xx.o(.text)
    USART2_IRQHandler                        0x080001b7   Thumb Code     0  startup_stm32f4xx.o(.text)
    USART3_IRQHandler                        0x080001b7   Thumb Code     0  startup_stm32f4xx.o(.text)
    USART6_IRQHandler                        0x080001b7   Thumb Code     0  startup_stm32f4xx.o(.text)
    WWDG_IRQHandler                          0x080001b7   Thumb Code     0  startup_stm32f4xx.o(.text)
    __aeabi_memcpy                           0x080001c1   Thumb Code    36  memcpya.o(.text)
    __aeabi_memcpy4                          0x080001c1   Thumb Code     0  memcpya.o(.text)
    __aeabi_memcpy8                          0x080001c1   Thumb Code     0  memcpya.o(.text)
    __aeabi_memset                           0x080001e5   Thumb Code    14  memseta.o(.text)
    __aeabi_memset4                          0x080001e5   Thumb Code     0  memseta.o(.text)
    __aeabi_memset8                          0x080001e5   Thumb Code     0  memseta.o(.text)
    __aeabi_memclr                           0x080001f3   Thumb Code     4  memseta.o(.text)
    __aeabi_memclr4                          0x080001f3   Thumb Code     0  memseta.o(.text)
    __aeabi_memclr8                          0x080001f3   Thumb Code     0  memseta.o(.text)
    _memset$wrapper                          0x080001f7   Thumb Code    18  memseta.o(.text)
    strncpy                                  0x08000209   Thumb Code    24  strncpy.o(.text)
    __aeabi_dadd                             0x08000221   Thumb Code   322  dadd.o(.text)
    __aeabi_dsub                             0x08000363   Thumb Code     6  dadd.o(.text)
    __aeabi_drsub                            0x08000369   Thumb Code     6  dadd.o(.text)
    __aeabi_dmul                             0x0800036f   Thumb Code   228  dmul.o(.text)
    __aeabi_ddiv                             0x08000453   Thumb Code   222  ddiv.o(.text)
    __aeabi_i2d                              0x08000531   Thumb Code    34  dflti.o(.text)
    __aeabi_ui2d                             0x08000553   Thumb Code    26  dfltui.o(.text)
    __aeabi_d2uiz                            0x0800056d   Thumb Code    50  dfixui.o(.text)
    __aeabi_cdcmpeq                          0x080005a1   Thumb Code     0  cdcmple.o(.text)
    __aeabi_cdcmple                          0x080005a1   Thumb Code    38  cdcmple.o(.text)
    __aeabi_cdrcmple                         0x080005c9   Thumb Code    38  cdrcmple.o(.text)
    __aeabi_llsl                             0x080005f1   Thumb Code    30  llshl.o(.text)
    _ll_shift_l                              0x080005f1   Thumb Code     0  llshl.o(.text)
    __aeabi_llsr                             0x0800060f   Thumb Code    32  llushr.o(.text)
    _ll_ushift_r                             0x0800060f   Thumb Code     0  llushr.o(.text)
    __aeabi_lasr                             0x0800062f   Thumb Code    36  llsshr.o(.text)
    _ll_sshift_r                             0x0800062f   Thumb Code     0  llsshr.o(.text)
    __I$use$fp                               0x08000653   Thumb Code     0  iusefp.o(.text)
    _double_round                            0x08000653   Thumb Code    26  depilogue.o(.text)
    _double_epilogue                         0x0800066d   Thumb Code   164  depilogue.o(.text)
    __ARM_scalbn                             0x08000711   Thumb Code    46  dscalb.o(.text)
    scalbn                                   0x08000711   Thumb Code     0  dscalb.o(.text)
    __scatterload                            0x08000741   Thumb Code    28  init.o(.text)
    __scatterload_rt2                        0x08000741   Thumb Code     0  init.o(.text)
    _dsqrt                                   0x08000765   Thumb Code   162  dsqrt.o(.text)
    Audio_MAL_Play                           0x080009c5   Thumb Code    82  stm32f4_discovery_audio_codec.o(i.Audio_MAL_Play)
    BusFault_Handler                         0x08000a25   Thumb Code     2  stm32f4xx_it.o(i.BusFault_Handler)
    Codec_ReadRegister                       0x08000d39   Thumb Code   396  stm32f4_discovery_audio_codec.o(i.Codec_ReadRegister)
    Codec_TIMEOUT_UserCallback               0x08000f05   Thumb Code     8  audio_driver.o(i.Codec_TIMEOUT_UserCallback)
    Codec_WriteRegister                      0x08000f49   Thumb Code   272  stm32f4_discovery_audio_codec.o(i.Codec_WriteRegister)
    DAC_Cmd                                  0x0800106d   Thumb Code    26  stm32f4xx_dac.o(i.DAC_Cmd)
    DAC_Config                               0x0800108d   Thumb Code    70  stm32f4_discovery_audio_codec.o(i.DAC_Config)
    DAC_Init                                 0x080010dd   Thumb Code    36  stm32f4xx_dac.o(i.DAC_Init)
    DAC_SetChannel1Data                      0x08001105   Thumb Code    16  stm32f4xx_dac.o(i.DAC_SetChannel1Data)
    DCMI_CaptureCmd                          0x08001119   Thumb Code    26  stm32f4xx_dcmi.o(i.DCMI_CaptureCmd)
    DCMI_ClearFlag                           0x08001139   Thumb Code     6  stm32f4xx_dcmi.o(i.DCMI_ClearFlag)
    DCMI_Cmd                                 0x08001145   Thumb Code    26  stm32f4xx_dcmi.o(i.DCMI_Cmd)
    DCMI_IRQHandler                          0x08001165   Thumb Code    30  dcmi.o(i.DCMI_IRQHandler)
    DCMI_ITConfig                            0x08001189   Thumb Code    26  stm32f4xx_dcmi.o(i.DCMI_ITConfig)
    DCMI_Init                                0x080011a9   Thumb Code    54  stm32f4xx_dcmi.o(i.DCMI_Init)
    DMA1_Stream6_IRQHandler                  0x080011e5   Thumb Code     4  stm32f4_discovery_audio_codec.o(i.DMA1_Stream6_IRQHandler)
    DMA1_Stream7_IRQHandler                  0x080011e9   Thumb Code     4  stm32f4_discovery_audio_codec.o(i.DMA1_Stream7_IRQHandler)
    DMA_ClearFlag                            0x080011ed   Thumb Code    32  stm32f4xx_dma.o(i.DMA_ClearFlag)
    DMA_Cmd                                  0x08001219   Thumb Code    24  stm32f4xx_dma.o(i.DMA_Cmd)
    DMA_DeInit                               0x08001231   Thumb Code   278  stm32f4xx_dma.o(i.DMA_DeInit)
    DMA_DoubleBufferModeCmd                  0x0800135d   Thumb Code    24  stm32f4xx_dma.o(i.DMA_DoubleBufferModeCmd)
    DMA_DoubleBufferModeConfig               0x08001375   Thumb Code    26  stm32f4xx_dma.o(i.DMA_DoubleBufferModeConfig)
    DMA_GetCmdStatus                         0x0800138f   Thumb Code    14  stm32f4xx_dma.o(i.DMA_GetCmdStatus)
    DMA_GetCurrentMemoryTarget               0x0800139d   Thumb Code    16  stm32f4xx_dma.o(i.DMA_GetCurrentMemoryTarget)
    DMA_GetFlagStatus                        0x080013ad   Thumb Code    40  stm32f4xx_dma.o(i.DMA_GetFlagStatus)
    DMA_ITConfig                             0x080013e1   Thumb Code    52  stm32f4xx_dma.o(i.DMA_ITConfig)
    DMA_Init                                 0x08001415   Thumb Code    80  stm32f4xx_dma.o(i.DMA_Init)
    DMA_MemoryTargetConfig                   0x08001469   Thumb Code    12  stm32f4xx_dma.o(i.DMA_MemoryTargetConfig)
    DMA_SetCurrDataCounter                   0x08001475   Thumb Code     4  stm32f4xx_dma.o(i.DMA_SetCurrDataCounter)
    DMA_StructInit                           0x08001479   Thumb Code    34  stm32f4xx_dma.o(i.DMA_StructInit)
    DebugMon_Handler                         0x0800149b   Thumb Code     2  stm32f4xx_it.o(i.DebugMon_Handler)
    EVAL_AUDIO_GetSampleCallBack             0x080014af   Thumb Code     4  audio_driver.o(i.EVAL_AUDIO_GetSampleCallBack)
    EVAL_AUDIO_Init                          0x080014b3   Thumb Code    40  stm32f4_discovery_audio_codec.o(i.EVAL_AUDIO_Init)
    EVAL_AUDIO_PauseResume                   0x080014db   Thumb Code    28  stm32f4_discovery_audio_codec.o(i.EVAL_AUDIO_PauseResume)
    EVAL_AUDIO_SetAudioInterface             0x080014f9   Thumb Code   110  stm32f4_discovery_audio_codec.o(i.EVAL_AUDIO_SetAudioInterface)
    EVAL_AUDIO_TransferComplete_CallBack     0x0800158d   Thumb Code     8  audio_driver.o(i.EVAL_AUDIO_TransferComplete_CallBack)
    EXTI0_IRQHandler                         0x08001599   Thumb Code   218  pc_interface.o(i.EXTI0_IRQHandler)
    EXTI1_IRQHandler                         0x08001681   Thumb Code   272  pc_interface.o(i.EXTI1_IRQHandler)
    EXTI9_5_IRQHandler                       0x080017a1   Thumb Code    40  pc_interface.o(i.EXTI9_5_IRQHandler)
    EXTI_ClearITPendingBit                   0x080017cd   Thumb Code     6  stm32f4xx_exti.o(i.EXTI_ClearITPendingBit)
    EXTI_GenerateSWInterrupt                 0x080017d9   Thumb Code    10  stm32f4xx_exti.o(i.EXTI_GenerateSWInterrupt)
    EXTI_GetITStatus                         0x080017e9   Thumb Code    28  stm32f4xx_exti.o(i.EXTI_GetITStatus)
    EXTI_Init                                0x08001809   Thumb Code   110  stm32f4xx_exti.o(i.EXTI_Init)
    GPIO_Init                                0x0800187d   Thumb Code   124  stm32f4xx_gpio.o(i.GPIO_Init)
    GPIO_PinAFConfig                         0x080018f9   Thumb Code    32  stm32f4xx_gpio.o(i.GPIO_PinAFConfig)
    GPIO_ReadInputDataBit                    0x08001919   Thumb Code    14  stm32f4xx_gpio.o(i.GPIO_ReadInputDataBit)
    GPIO_ResetBits                           0x08001927   Thumb Code     4  stm32f4xx_gpio.o(i.GPIO_ResetBits)
    GPIO_SetBits                             0x0800192b   Thumb Code     4  stm32f4xx_gpio.o(i.GPIO_SetBits)
    GPIO_WriteBit                            0x0800192f   Thumb Code    12  stm32f4xx_gpio.o(i.GPIO_WriteBit)
    HardFault_Handler                        0x0800193b   Thumb Code     2  stm32f4xx_it.o(i.HardFault_Handler)
    I2C_AcknowledgeConfig                    0x0800193d   Thumb Code    24  stm32f4xx_i2c.o(i.I2C_AcknowledgeConfig)
    I2C_CheckEvent                           0x08001955   Thumb Code    24  stm32f4xx_i2c.o(i.I2C_CheckEvent)
    I2C_ClearFlag                            0x0800196d   Thumb Code     6  stm32f4xx_i2c.o(i.I2C_ClearFlag)
    I2C_Cmd                                  0x08001973   Thumb Code    24  stm32f4xx_i2c.o(i.I2C_Cmd)
    I2C_DeInit                               0x0800198d   Thumb Code    88  stm32f4xx_i2c.o(i.I2C_DeInit)
    I2C_GenerateSTART                        0x080019f1   Thumb Code    24  stm32f4xx_i2c.o(i.I2C_GenerateSTART)
    I2C_GenerateSTOP                         0x08001a09   Thumb Code    24  stm32f4xx_i2c.o(i.I2C_GenerateSTOP)
    I2C_GetFlagStatus                        0x08001a21   Thumb Code    50  stm32f4xx_i2c.o(i.I2C_GetFlagStatus)
    I2C_Init                                 0x08001a55   Thumb Code   176  stm32f4xx_i2c.o(i.I2C_Init)
    I2C_ReceiveData                          0x08001b0d   Thumb Code     6  stm32f4xx_i2c.o(i.I2C_ReceiveData)
    I2C_Send7bitAddress                      0x08001b13   Thumb Code    18  stm32f4xx_i2c.o(i.I2C_Send7bitAddress)
    I2C_SendData                             0x08001b25   Thumb Code     4  stm32f4xx_i2c.o(i.I2C_SendData)
    I2S_Cmd                                  0x08001b29   Thumb Code    24  stm32f4xx_spi.o(i.I2S_Cmd)
    I2S_Init                                 0x08001b41   Thumb Code   206  stm32f4xx_spi.o(i.I2S_Init)
    MemManage_Handler                        0x08001c19   Thumb Code     2  stm32f4xx_it.o(i.MemManage_Handler)
    NMI_Handler                              0x08001c1b   Thumb Code     2  stm32f4xx_it.o(i.NMI_Handler)
    NVIC_Init                                0x08001c35   Thumb Code    94  misc.o(i.NVIC_Init)
    PendSV_Handler                           0x08001c9d   Thumb Code     2  stm32f4xx_it.o(i.PendSV_Handler)
    Project_Init                             0x08001ca1   Thumb Code    38  audio_driver.o(i.Project_Init)
    Project_PlayTone                         0x08001ccd   Thumb Code    84  audio_driver.o(i.Project_PlayTone)
    RCC_AHB1PeriphClockCmd                   0x08001d25   Thumb Code    22  stm32f4xx_rcc.o(i.RCC_AHB1PeriphClockCmd)
    RCC_AHB2PeriphClockCmd                   0x08001d41   Thumb Code    22  stm32f4xx_rcc.o(i.RCC_AHB2PeriphClockCmd)
    RCC_APB1PeriphClockCmd                   0x08001d5d   Thumb Code    22  stm32f4xx_rcc.o(i.RCC_APB1PeriphClockCmd)
    RCC_APB1PeriphResetCmd                   0x08001d79   Thumb Code    22  stm32f4xx_rcc.o(i.RCC_APB1PeriphResetCmd)
    RCC_APB2PeriphClockCmd                   0x08001d95   Thumb Code    22  stm32f4xx_rcc.o(i.RCC_APB2PeriphClockCmd)
    RCC_APB2PeriphResetCmd                   0x08001db1   Thumb Code    22  stm32f4xx_rcc.o(i.RCC_APB2PeriphResetCmd)
    RCC_GetClocksFreq                        0x08001dcd   Thumb Code   148  stm32f4xx_rcc.o(i.RCC_GetClocksFreq)
    SPI3_IRQHandler                          0x08001e6d   Thumb Code    54  stm32f4_discovery_audio_codec.o(i.SPI3_IRQHandler)
    SPI_I2S_DMACmd                           0x08001ead   Thumb Code    20  stm32f4xx_spi.o(i.SPI_I2S_DMACmd)
    SPI_I2S_DeInit                           0x08001ec1   Thumb Code    88  stm32f4xx_spi.o(i.SPI_I2S_DeInit)
    SPI_I2S_GetFlagStatus                    0x08001f25   Thumb Code    14  stm32f4xx_spi.o(i.SPI_I2S_GetFlagStatus)
    SPI_I2S_ITConfig                         0x08001f33   Thumb Code    28  stm32f4xx_spi.o(i.SPI_I2S_ITConfig)
    SPI_I2S_SendData                         0x08001f4f   Thumb Code     4  stm32f4xx_spi.o(i.SPI_I2S_SendData)
    SVC_Handler                              0x08001f53   Thumb Code     2  stm32f4xx_it.o(i.SVC_Handler)
    SYSCFG_EXTILineConfig                    0x08001f55   Thumb Code    34  stm32f4xx_syscfg.o(i.SYSCFG_EXTILineConfig)
    SysTick_Handler                          0x08002059   Thumb Code     2  stm32f4xx_it.o(i.SysTick_Handler)
    SystemInit                               0x0800205d   Thumb Code    62  system_stm32f4xx.o(i.SystemInit)
    TIM2_IRQHandler                          0x080020ad   Thumb Code    14  timer.o(i.TIM2_IRQHandler)
    TIM_CCxCmd                               0x080020c1   Thumb Code    22  stm32f4xx_tim.o(i.TIM_CCxCmd)
    TIM_ClearFlag                            0x080020d7   Thumb Code     6  stm32f4xx_tim.o(i.TIM_ClearFlag)
    TIM_Cmd                                  0x080020dd   Thumb Code    24  stm32f4xx_tim.o(i.TIM_Cmd)
    TIM_GetCounter                           0x080020f5   Thumb Code     4  stm32f4xx_tim.o(i.TIM_GetCounter)
    TIM_ITConfig                             0x080020f9   Thumb Code    20  stm32f4xx_tim.o(i.TIM_ITConfig)
    TIM_OC3Init                              0x0800210d   Thumb Code   124  stm32f4xx_tim.o(i.TIM_OC3Init)
    TIM_OCStructInit                         0x08002191   Thumb Code    20  stm32f4xx_tim.o(i.TIM_OCStructInit)
    TIM_SetCompare3                          0x080021a5   Thumb Code     4  stm32f4xx_tim.o(i.TIM_SetCompare3)
    TIM_SetCounter                           0x080021a9   Thumb Code     4  stm32f4xx_tim.o(i.TIM_SetCounter)
    TIM_TimeBaseInit                         0x080021ad   Thumb Code    96  stm32f4xx_tim.o(i.TIM_TimeBaseInit)
    TIM_TimeBaseStructInit                   0x08002229   Thumb Code    18  stm32f4xx_tim.o(i.TIM_TimeBaseStructInit)
    UsageFault_Handler                       0x0800223b   Thumb Code     2  stm32f4xx_it.o(i.UsageFault_Handler)
    VisionSet1                               0x0800223d   Thumb Code   662  visionset_project.o(i.VisionSet1)
    VisionSet2                               0x08002615   Thumb Code   584  visionset_evd.o(i.VisionSet2)
    WebcamMode                               0x08002965   Thumb Code    10  programma.o(i.WebcamMode)
    __ARM_fpclassify                         0x0800296f   Thumb Code    48  fpclassify.o(i.__ARM_fpclassify)
    __hardfp_pow                             0x080029a1   Thumb Code  3132  pow.o(i.__hardfp_pow)
    __kernel_poly                            0x08003631   Thumb Code   248  poly.o(i.__kernel_poly)
    __mathlib_dbl_underflow                  0x08003729   Thumb Code    24  dunder.o(i.__mathlib_dbl_underflow)
    __scatterload_copy                       0x08003749   Thumb Code    14  handlers.o(i.__scatterload_copy)
    __scatterload_null                       0x08003757   Thumb Code     2  handlers.o(i.__scatterload_null)
    __scatterload_zeroinit                   0x08003759   Thumb Code    14  handlers.o(i.__scatterload_zeroinit)
    __set_errno                              0x08003769   Thumb Code     6  errno.o(i.__set_errno)
    benchmark_start                          0x08003775   Thumb Code    30  timer.o(i.benchmark_start)
    benchmark_stop                           0x08003793   Thumb Code    16  timer.o(i.benchmark_stop)
    camera_init                              0x080037a5   Thumb Code    88  camera.o(i.camera_init)
    camera_io_init                           0x08003801   Thumb Code    84  camera_io.o(i.camera_io_init)
    camera_io_reset                          0x08003859   Thumb Code    50  camera_io.o(i.camera_io_reset)
    camera_snapshot                          0x08003891   Thumb Code     4  camera.o(i.camera_snapshot)
    dNormalizedCentralMoments                0x08003895   Thumb Code   300  operators.o(i.dNormalizedCentralMoments)
    dcmi_init                                0x080039d1   Thumb Code   496  dcmi.o(i.dcmi_init)
    dcmi_snapshot                            0x08003be1   Thumb Code    72  dcmi.o(i.dcmi_snapshot)
    dcmi_start                               0x08003c31   Thumb Code     6  dcmi.o(i.dcmi_start)
    eGetShape                                0x08003c39   Thumb Code   220  operators.o(i.eGetShape)
    fabs                                     0x08003d4d   Thumb Code    32  fabs.o(i.fabs)
    free                                     0x08003d6d   Thumb Code    76  malloc.o(i.free)
    hardware_init                            0x08003dbd   Thumb Code   210  pc_interface.o(i.hardware_init)
    iLabelBlobs                              0x08003e99   Thumb Code   276  operators.o(i.iLabelBlobs)
    iNeighbourCount                          0x08003fad   Thumb Code   148  operators.o(i.iNeighbourCount)
    led_init                                 0x08004041   Thumb Code    64  led.o(i.led_init)
    led_reset                                0x0800408d   Thumb Code    34  led.o(i.led_reset)
    led_set                                  0x080040b9   Thumb Code    34  led.o(i.led_set)
    led_toggle                               0x080040e5   Thumb Code    42  led.o(i.led_toggle)
    main                                     0x08004119   Thumb Code   128  main.o(i.main)
    malloc                                   0x080041a5   Thumb Code    92  malloc.o(i.malloc)
    mem_manager_alloc                        0x08004211   Thumb Code    32  mem_manager.o(i.mem_manager_alloc)
    mem_manager_init                         0x08004235   Thumb Code    42  mem_manager.o(i.mem_manager_init)
    pc_interface_init                        0x08004269   Thumb Code    14  pc_interface.o(i.pc_interface_init)
    pc_mode_from_pc                          0x08004279   Thumb Code    16  pc_interface.o(i.pc_mode_from_pc)
    pc_receive_image                         0x0800428d   Thumb Code    52  pc_interface.o(i.pc_receive_image)
    pc_reset_connection                      0x080042c5   Thumb Code    46  pc_interface.o(i.pc_reset_connection)
    pc_reset_image_counter                   0x080042f9   Thumb Code    24  pc_interface.o(i.pc_reset_image_counter)
    pc_send_benchmark                        0x08004315   Thumb Code    48  pc_interface.o(i.pc_send_benchmark)
    pc_send_hello                            0x0800434d   Thumb Code    36  pc_interface.o(i.pc_send_hello)
    pc_send_image                            0x08004375   Thumb Code    64  pc_interface.o(i.pc_send_image)
    pc_send_string                           0x080043b9   Thumb Code    54  pc_interface.o(i.pc_send_string)
    programma_set                            0x080043f9   Thumb Code     6  programma.o(i.programma_set)
    programma_start                          0x08004405   Thumb Code    24  programma.o(i.programma_start)
    sccb_init                                0x08004421   Thumb Code   134  sccb.o(i.sccb_init)
    sccb_read                                0x080044b5   Thumb Code   332  sccb.o(i.sccb_read)
    sccb_write                               0x08004611   Thumb Code   192  sccb.o(i.sccb_write)
    sqrt                                     0x080046dd   Thumb Code   110  sqrt.o(i.sqrt)
    timer_init                               0x0800474d   Thumb Code   114  timer.o(i.timer_init)
    timer_reset                              0x080047c9   Thumb Code    20  timer.o(i.timer_reset)
    timer_set_fps                            0x080047e1   Thumb Code    14  timer.o(i.timer_set_fps)
    timer_sleep                              0x080047f5   Thumb Code    10  timer.o(i.timer_sleep)
    vBlobAnalyse                             0x08004805   Thumb Code   238  operators.o(i.vBlobAnalyse)
    vCentroid                                0x08004915   Thumb Code   106  operators.o(i.vCentroid)
    vContrastStretch                         0x08004981   Thumb Code   160  operators.o(i.vContrastStretch)
    vContrastStretchFast                     0x08004a25   Thumb Code     8  operators.o(i.vContrastStretchFast)
    vCopy                                    0x08004a2d   Thumb Code    30  operators.o(i.vCopy)
    vCropVertical                            0x08004a4b   Thumb Code    92  operators.o(i.vCropVertical)
    vDrawLine                                0x08004aa9   Thumb Code   272  operators.o(i.vDrawLine)
    vFillHoles                               0x08004bb9   Thumb Code    74  operators.o(i.vFillHoles)
    vHistogram                               0x08004c05   Thumb Code    66  operators.o(i.vHistogram)
    vMarkBorders                             0x08004c49   Thumb Code   106  operators.o(i.vMarkBorders)
    vMarkConnectedToBorders                  0x08004cb5   Thumb Code   528  operators.o(i.vMarkConnectedToBorders)
    vRemoveBorderBlobs                       0x08004ec5   Thumb Code    64  operators.o(i.vRemoveBorderBlobs)
    vRotate180                               0x08004f05   Thumb Code    30  operators.o(i.vRotate180)
    vSetBorders                              0x08004f23   Thumb Code    78  operators.o(i.vSetBorders)
    vSetSelectedToValue                      0x08004f71   Thumb Code    36  operators.o(i.vSetSelectedToValue)
    vThreshold                               0x08004f95   Thumb Code    44  operators.o(i.vThreshold)
    vThresholdIsoData                        0x08004fc1   Thumb Code   178  operators.o(i.vThresholdIsoData)
    AUDIO_SAMPLE                             0x0800507c   Data          96  audio_driver.o(.constdata)
    __mathlib_zero                           0x08005168   Data           8  qnan.o(.constdata)
    Region$$Table$$Base                      0x08005170   Number         0  anon$$obj.o(Region$$Table)
    Region$$Table$$Limit                     0x08005190   Number         0  anon$$obj.o(Region$$Table)
    error                                    0x20000000   Data           1  camera.o(.data)
    buffer0                                  0x20000004   Data           4  dcmi.o(.data)
    buffer1                                  0x20000008   Data           4  dcmi.o(.data)
    free_bloks                               0x2000000c   Data           1  mem_manager.o(.data)
    free_list                                0x20000010   Data           4  mem_manager.o(.data)
    image_counter                            0x20000014   Data           1  pc_interface.o(.data)
    image_selected                           0x20000015   Data           1  pc_interface.o(.data)
    pc_connection_active                     0x20000016   Data           1  pc_interface.o(.data)
    mode_irq                                 0x20000017   Data           1  pc_interface.o(.data)
    mode                                     0x20000018   Data           1  pc_interface.o(.data)
    image_busy                               0x20000019   Data           1  pc_interface.o(.data)
    benchmark_busy                           0x2000001a   Data           1  pc_interface.o(.data)
    string_busy                              0x2000001b   Data           1  pc_interface.o(.data)
    control_busy                             0x2000001c   Data           1  pc_interface.o(.data)
    control_buffer                           0x2000001d   Data           1  pc_interface.o(.data)
    control_size                             0x2000001e   Data           1  pc_interface.o(.data)
    write_state                              0x2000001f   Data           1  pc_interface.o(.data)
    read_state                               0x20000020   Data           1  pc_interface.o(.data)
    img_ready                                0x20000021   Data           1  pc_interface.o(.data)
    img_header                               0x20000022   Data           2  pc_interface.o(.data)
    write_size                               0x20000024   Data           2  pc_interface.o(.data)
    read_size                                0x20000026   Data           2  pc_interface.o(.data)
    img_to_send                              0x20000028   Data           4  pc_interface.o(.data)
    write_pointer                            0x2000002c   Data           4  pc_interface.o(.data)
    img_to_receive                           0x20000030   Data           4  pc_interface.o(.data)
    programma_nummer                         0x20000034   Data           1  programma.o(.data)
    programma_table                          0x20000038   Data          12  programma.o(.data)
    new_frame                                0x20000044   Data           4  timer.o(.data)
    prevFreq                                 0x20000048   Data           2  audio_driver.o(.data)
    OutputDev                                0x2000004c   Data           1  stm32f4_discovery_audio_codec.o(.data)
    AudioTotalSize                           0x20000050   Data           4  stm32f4_discovery_audio_codec.o(.data)
    AudioRemSize                             0x20000054   Data           4  stm32f4_discovery_audio_codec.o(.data)
    CODECTimeout                             0x20000058   Data           4  stm32f4_discovery_audio_codec.o(.data)
    CurrAudioInterface                       0x2000005c   Data           4  stm32f4_discovery_audio_codec.o(.data)
    AUDIO_MAL_DMA_CLOCK                      0x20000060   Data           4  stm32f4_discovery_audio_codec.o(.data)
    AUDIO_MAL_DMA_STREAM                     0x20000064   Data           4  stm32f4_discovery_audio_codec.o(.data)
    AUDIO_MAL_DMA_DREG                       0x20000068   Data           4  stm32f4_discovery_audio_codec.o(.data)
    AUDIO_MAL_DMA_CHANNEL                    0x2000006c   Data           4  stm32f4_discovery_audio_codec.o(.data)
    AUDIO_MAL_DMA_IRQ                        0x20000070   Data           4  stm32f4_discovery_audio_codec.o(.data)
    AUDIO_MAL_DMA_FLAG_TC                    0x20000074   Data           4  stm32f4_discovery_audio_codec.o(.data)
    AUDIO_MAL_DMA_FLAG_HT                    0x20000078   Data           4  stm32f4_discovery_audio_codec.o(.data)
    AUDIO_MAL_DMA_FLAG_FE                    0x2000007c   Data           4  stm32f4_discovery_audio_codec.o(.data)
    AUDIO_MAL_DMA_FLAG_TE                    0x20000080   Data           4  stm32f4_discovery_audio_codec.o(.data)
    AUDIO_MAL_DMA_FLAG_DME                   0x20000084   Data           4  stm32f4_discovery_audio_codec.o(.data)
    CurrentPos                               0x20000088   Data           4  stm32f4_discovery_audio_codec.o(.data)
    __microlib_freelist                      0x2000009c   Data           4  mvars.o(.data)
    __microlib_freelist_initialised          0x200000a0   Data           4  mvars.o(.data)
    pool                                     0x200000a8   Data       101408  mem_manager.o(.bss)
    benchmark_buffer                         0x20018cc8   Data          25  pc_interface.o(.bss)
    string_buffer                            0x20018ce1   Data         201  pc_interface.o(.bss)
    DMA_InitStructure                        0x20018dac   Data          60  stm32f4_discovery_audio_codec.o(.bss)
    __heap_base                              0x20018de8   Data           0  startup_stm32f4xx.o(HEAP)
    __heap_limit                             0x20018fe8   Data           0  startup_stm32f4xx.o(HEAP)
    __initial_sp                             0x200193e8   Data           0  startup_stm32f4xx.o(STACK)



==============================================================================

Memory Map of the image

  Image Entry point : 0x08000189

  Load Region LR_IROM1 (Base: 0x08000000, Size: 0x00005238, Max: 0x00100000, ABSOLUTE)

    Execution Region ER_IROM1 (Base: 0x08000000, Size: 0x00005190, Max: 0x00100000, ABSOLUTE)

    Base Addr    Size         Type   Attr      Idx    E Section Name        Object

    0x08000000   0x00000188   Data   RO         3084    RESET               startup_stm32f4xx.o
    0x08000188   0x00000000   Code   RO         3103  * .ARM.Collect$$$$00000000  mc_w.l(entry.o)
    0x08000188   0x00000004   Code   RO         3183    .ARM.Collect$$$$00000001  mc_w.l(entry2.o)
    0x0800018c   0x00000004   Code   RO         3186    .ARM.Collect$$$$00000004  mc_w.l(entry5.o)
    0x08000190   0x00000000   Code   RO         3188    .ARM.Collect$$$$00000008  mc_w.l(entry7b.o)
    0x08000190   0x00000000   Code   RO         3190    .ARM.Collect$$$$0000000A  mc_w.l(entry8b.o)
    0x08000190   0x00000008   Code   RO         3191    .ARM.Collect$$$$0000000B  mc_w.l(entry9a.o)
    0x08000198   0x00000000   Code   RO         3193    .ARM.Collect$$$$0000000D  mc_w.l(entry10a.o)
    0x08000198   0x00000000   Code   RO         3195    .ARM.Collect$$$$0000000F  mc_w.l(entry11a.o)
    0x08000198   0x00000004   Code   RO         3184    .ARM.Collect$$$$00002712  mc_w.l(entry2.o)
    0x0800019c   0x00000024   Code   RO         3085    .text               startup_stm32f4xx.o
    0x080001c0   0x00000024   Code   RO         3106    .text               mc_w.l(memcpya.o)
    0x080001e4   0x00000024   Code   RO         3108    .text               mc_w.l(memseta.o)
    0x08000208   0x00000018   Code   RO         3110    .text               mc_w.l(strncpy.o)
    0x08000220   0x0000014e   Code   RO         3142    .text               mf_w.l(dadd.o)
    0x0800036e   0x000000e4   Code   RO         3144    .text               mf_w.l(dmul.o)
    0x08000452   0x000000de   Code   RO         3146    .text               mf_w.l(ddiv.o)
    0x08000530   0x00000022   Code   RO         3148    .text               mf_w.l(dflti.o)
    0x08000552   0x0000001a   Code   RO         3150    .text               mf_w.l(dfltui.o)
    0x0800056c   0x00000032   Code   RO         3152    .text               mf_w.l(dfixui.o)
    0x0800059e   0x00000002   PAD
    0x080005a0   0x00000028   Code   RO         3154    .text               mf_w.l(cdcmple.o)
    0x080005c8   0x00000028   Code   RO         3156    .text               mf_w.l(cdrcmple.o)
    0x080005f0   0x0000001e   Code   RO         3197    .text               mc_w.l(llshl.o)
    0x0800060e   0x00000020   Code   RO         3199    .text               mc_w.l(llushr.o)
    0x0800062e   0x00000024   Code   RO         3201    .text               mc_w.l(llsshr.o)
    0x08000652   0x00000000   Code   RO         3212    .text               mc_w.l(iusefp.o)
    0x08000652   0x000000be   Code   RO         3213    .text               mf_w.l(depilogue.o)
    0x08000710   0x0000002e   Code   RO         3217    .text               mf_w.l(dscalb.o)
    0x0800073e   0x00000002   PAD
    0x08000740   0x00000024   Code   RO         3219    .text               mc_w.l(init.o)
    0x08000764   0x000000a2   Code   RO         3221    .text               mf_w.l(dsqrt.o)
    0x08000806   0x00000002   PAD
    0x08000808   0x0000009c   Code   RO          886    i.Audio_MAL_IRQHandler  stm32f4_discovery_audio_codec.o
    0x080008a4   0x000000cc   Code   RO          887    i.Audio_MAL_Init    stm32f4_discovery_audio_codec.o
    0x08000970   0x00000054   Code   RO          888    i.Audio_MAL_PauseResume  stm32f4_discovery_audio_codec.o
    0x080009c4   0x00000060   Code   RO          889    i.Audio_MAL_Play    stm32f4_discovery_audio_codec.o
    0x08000a24   0x00000002   Code   RO          716    i.BusFault_Handler  stm32f4xx_it.o
    0x08000a26   0x00000002   PAD
    0x08000a28   0x0000006c   Code   RO          892    i.Codec_AudioInterface_Init  stm32f4_discovery_audio_codec.o
    0x08000a94   0x00000050   Code   RO          894    i.Codec_CtrlInterface_Init  stm32f4_discovery_audio_codec.o
    0x08000ae4   0x0000011c   Code   RO          897    i.Codec_GPIO_Init   stm32f4_discovery_audio_codec.o
    0x08000c00   0x000000dc   Code   RO          898    i.Codec_Init        stm32f4_discovery_audio_codec.o
    0x08000cdc   0x0000001c   Code   RO          899    i.Codec_Mute        stm32f4_discovery_audio_codec.o
    0x08000cf8   0x00000040   Code   RO          900    i.Codec_PauseResume  stm32f4_discovery_audio_codec.o
    0x08000d38   0x000001a4   Code   RO          902    i.Codec_ReadRegister  stm32f4_discovery_audio_codec.o
    0x08000edc   0x00000028   Code   RO          903    i.Codec_Reset       stm32f4_discovery_audio_codec.o
    0x08000f04   0x00000008   Code   RO          835    i.Codec_TIMEOUT_UserCallback  audio_driver.o
    0x08000f0c   0x0000003a   Code   RO          905    i.Codec_VolumeCtrl  stm32f4_discovery_audio_codec.o
    0x08000f46   0x00000002   PAD
    0x08000f48   0x00000124   Code   RO          906    i.Codec_WriteRegister  stm32f4_discovery_audio_codec.o
    0x0800106c   0x00000020   Code   RO         2940    i.DAC_Cmd           stm32f4xx_dac.o
    0x0800108c   0x00000050   Code   RO          907    i.DAC_Config        stm32f4_discovery_audio_codec.o
    0x080010dc   0x00000028   Code   RO         2948    i.DAC_Init          stm32f4xx_dac.o
    0x08001104   0x00000014   Code   RO         2949    i.DAC_SetChannel1Data  stm32f4xx_dac.o
    0x08001118   0x00000020   Code   RO         1132    i.DCMI_CaptureCmd   stm32f4xx_dcmi.o
    0x08001138   0x0000000c   Code   RO         1133    i.DCMI_ClearFlag    stm32f4xx_dcmi.o
    0x08001144   0x00000020   Code   RO         1135    i.DCMI_Cmd          stm32f4xx_dcmi.o
    0x08001164   0x00000024   Code   RO          419    i.DCMI_IRQHandler   dcmi.o
    0x08001188   0x00000020   Code   RO         1139    i.DCMI_ITConfig     stm32f4xx_dcmi.o
    0x080011a8   0x0000003c   Code   RO         1140    i.DCMI_Init         stm32f4xx_dcmi.o
    0x080011e4   0x00000004   Code   RO          908    i.DMA1_Stream6_IRQHandler  stm32f4_discovery_audio_codec.o
    0x080011e8   0x00000004   Code   RO          909    i.DMA1_Stream7_IRQHandler  stm32f4_discovery_audio_codec.o
    0x080011ec   0x0000002c   Code   RO         1230    i.DMA_ClearFlag     stm32f4xx_dma.o
    0x08001218   0x00000018   Code   RO         1232    i.DMA_Cmd           stm32f4xx_dma.o
    0x08001230   0x0000012c   Code   RO         1233    i.DMA_DeInit        stm32f4xx_dma.o
    0x0800135c   0x00000018   Code   RO         1234    i.DMA_DoubleBufferModeCmd  stm32f4xx_dma.o
    0x08001374   0x0000001a   Code   RO         1235    i.DMA_DoubleBufferModeConfig  stm32f4xx_dma.o
    0x0800138e   0x0000000e   Code   RO         1237    i.DMA_GetCmdStatus  stm32f4xx_dma.o
    0x0800139c   0x00000010   Code   RO         1239    i.DMA_GetCurrentMemoryTarget  stm32f4xx_dma.o
    0x080013ac   0x00000034   Code   RO         1241    i.DMA_GetFlagStatus  stm32f4xx_dma.o
    0x080013e0   0x00000034   Code   RO         1243    i.DMA_ITConfig      stm32f4xx_dma.o
    0x08001414   0x00000054   Code   RO         1244    i.DMA_Init          stm32f4xx_dma.o
    0x08001468   0x0000000c   Code   RO         1245    i.DMA_MemoryTargetConfig  stm32f4xx_dma.o
    0x08001474   0x00000004   Code   RO         1247    i.DMA_SetCurrDataCounter  stm32f4xx_dma.o
    0x08001478   0x00000022   Code   RO         1248    i.DMA_StructInit    stm32f4xx_dma.o
    0x0800149a   0x00000002   Code   RO          717    i.DebugMon_Handler  stm32f4xx_it.o
    0x0800149c   0x00000012   Code   RO          910    i.Delay             stm32f4_discovery_audio_codec.o
    0x080014ae   0x00000004   Code   RO          836    i.EVAL_AUDIO_GetSampleCallBack  audio_driver.o
    0x080014b2   0x00000028   Code   RO          912    i.EVAL_AUDIO_Init   stm32f4_discovery_audio_codec.o
    0x080014da   0x0000001c   Code   RO          914    i.EVAL_AUDIO_PauseResume  stm32f4_discovery_audio_codec.o
    0x080014f6   0x00000002   PAD
    0x080014f8   0x00000094   Code   RO          916    i.EVAL_AUDIO_SetAudioInterface  stm32f4_discovery_audio_codec.o
    0x0800158c   0x0000000c   Code   RO          837    i.EVAL_AUDIO_TransferComplete_CallBack  audio_driver.o
    0x08001598   0x000000e8   Code   RO          587    i.EXTI0_IRQHandler  pc_interface.o
    0x08001680   0x00000120   Code   RO          588    i.EXTI1_IRQHandler  pc_interface.o
    0x080017a0   0x0000002c   Code   RO          589    i.EXTI9_5_IRQHandler  pc_interface.o
    0x080017cc   0x0000000c   Code   RO         1355    i.EXTI_ClearITPendingBit  stm32f4xx_exti.o
    0x080017d8   0x00000010   Code   RO         1357    i.EXTI_GenerateSWInterrupt  stm32f4xx_exti.o
    0x080017e8   0x00000020   Code   RO         1359    i.EXTI_GetITStatus  stm32f4xx_exti.o
    0x08001808   0x00000074   Code   RO         1360    i.EXTI_Init         stm32f4xx_exti.o
    0x0800187c   0x0000007c   Code   RO         1413    i.GPIO_Init         stm32f4xx_gpio.o
    0x080018f8   0x00000020   Code   RO         1414    i.GPIO_PinAFConfig  stm32f4xx_gpio.o
    0x08001918   0x0000000e   Code   RO         1417    i.GPIO_ReadInputDataBit  stm32f4xx_gpio.o
    0x08001926   0x00000004   Code   RO         1420    i.GPIO_ResetBits    stm32f4xx_gpio.o
    0x0800192a   0x00000004   Code   RO         1421    i.GPIO_SetBits      stm32f4xx_gpio.o
    0x0800192e   0x0000000c   Code   RO         1425    i.GPIO_WriteBit     stm32f4xx_gpio.o
    0x0800193a   0x00000002   Code   RO          718    i.HardFault_Handler  stm32f4xx_it.o
    0x0800193c   0x00000018   Code   RO         1507    i.I2C_AcknowledgeConfig  stm32f4xx_i2c.o
    0x08001954   0x00000018   Code   RO         1509    i.I2C_CheckEvent    stm32f4xx_i2c.o
    0x0800196c   0x00000006   Code   RO         1510    i.I2C_ClearFlag     stm32f4xx_i2c.o
    0x08001972   0x00000018   Code   RO         1512    i.I2C_Cmd           stm32f4xx_i2c.o
    0x0800198a   0x00000002   PAD
    0x0800198c   0x00000064   Code   RO         1515    i.I2C_DeInit        stm32f4xx_i2c.o
    0x080019f0   0x00000018   Code   RO         1519    i.I2C_GenerateSTART  stm32f4xx_i2c.o
    0x08001a08   0x00000018   Code   RO         1520    i.I2C_GenerateSTOP  stm32f4xx_i2c.o
    0x08001a20   0x00000032   Code   RO         1521    i.I2C_GetFlagStatus  stm32f4xx_i2c.o
    0x08001a52   0x00000002   PAD
    0x08001a54   0x000000b8   Code   RO         1526    i.I2C_Init          stm32f4xx_i2c.o
    0x08001b0c   0x00000006   Code   RO         1531    i.I2C_ReceiveData   stm32f4xx_i2c.o
    0x08001b12   0x00000012   Code   RO         1533    i.I2C_Send7bitAddress  stm32f4xx_i2c.o
    0x08001b24   0x00000004   Code   RO         1534    i.I2C_SendData      stm32f4xx_i2c.o
    0x08001b28   0x00000018   Code   RO         2778    i.I2S_Cmd           stm32f4xx_spi.o
    0x08001b40   0x000000d8   Code   RO         2780    i.I2S_Init          stm32f4xx_spi.o
    0x08001c18   0x00000002   Code   RO          719    i.MemManage_Handler  stm32f4xx_it.o
    0x08001c1a   0x00000002   Code   RO          720    i.NMI_Handler       stm32f4xx_it.o
    0x08001c1c   0x00000018   Code   RO          590    i.NVIC_EnableIRQ    pc_interface.o
    0x08001c34   0x00000068   Code   RO         1090    i.NVIC_Init         misc.o
    0x08001c9c   0x00000002   Code   RO          721    i.PendSV_Handler    stm32f4xx_it.o
    0x08001c9e   0x00000002   PAD
    0x08001ca0   0x0000002c   Code   RO          838    i.Project_Init      audio_driver.o
    0x08001ccc   0x00000058   Code   RO          839    i.Project_PlayTone  audio_driver.o
    0x08001d24   0x0000001c   Code   RO         1714    i.RCC_AHB1PeriphClockCmd  stm32f4xx_rcc.o
    0x08001d40   0x0000001c   Code   RO         1717    i.RCC_AHB2PeriphClockCmd  stm32f4xx_rcc.o
    0x08001d5c   0x0000001c   Code   RO         1723    i.RCC_APB1PeriphClockCmd  stm32f4xx_rcc.o
    0x08001d78   0x0000001c   Code   RO         1725    i.RCC_APB1PeriphResetCmd  stm32f4xx_rcc.o
    0x08001d94   0x0000001c   Code   RO         1726    i.RCC_APB2PeriphClockCmd  stm32f4xx_rcc.o
    0x08001db0   0x0000001c   Code   RO         1728    i.RCC_APB2PeriphResetCmd  stm32f4xx_rcc.o
    0x08001dcc   0x000000a0   Code   RO         1735    i.RCC_GetClocksFreq  stm32f4xx_rcc.o
    0x08001e6c   0x00000040   Code   RO          919    i.SPI3_IRQHandler   stm32f4_discovery_audio_codec.o
    0x08001eac   0x00000014   Code   RO         2790    i.SPI_I2S_DMACmd    stm32f4xx_spi.o
    0x08001ec0   0x00000064   Code   RO         2791    i.SPI_I2S_DeInit    stm32f4xx_spi.o
    0x08001f24   0x0000000e   Code   RO         2792    i.SPI_I2S_GetFlagStatus  stm32f4xx_spi.o
    0x08001f32   0x0000001c   Code   RO         2794    i.SPI_I2S_ITConfig  stm32f4xx_spi.o
    0x08001f4e   0x00000004   Code   RO         2796    i.SPI_I2S_SendData  stm32f4xx_spi.o
    0x08001f52   0x00000002   Code   RO          722    i.SVC_Handler       stm32f4xx_it.o
    0x08001f54   0x00000028   Code   RO         1993    i.SYSCFG_EXTILineConfig  stm32f4xx_syscfg.o
    0x08001f7c   0x000000dc   Code   RO         3050    i.SetSysClock       system_stm32f4xx.o
    0x08002058   0x00000002   Code   RO          723    i.SysTick_Handler   stm32f4xx_it.o
    0x0800205a   0x00000002   PAD
    0x0800205c   0x00000050   Code   RO         3052    i.SystemInit        system_stm32f4xx.o
    0x080020ac   0x00000014   Code   RO          780    i.TIM2_IRQHandler   timer.o
    0x080020c0   0x00000016   Code   RO         2044    i.TIM_CCxCmd        stm32f4xx_tim.o
    0x080020d6   0x00000006   Code   RO         2046    i.TIM_ClearFlag     stm32f4xx_tim.o
    0x080020dc   0x00000018   Code   RO         2052    i.TIM_Cmd           stm32f4xx_tim.o
    0x080020f4   0x00000004   Code   RO         2071    i.TIM_GetCounter    stm32f4xx_tim.o
    0x080020f8   0x00000014   Code   RO         2077    i.TIM_ITConfig      stm32f4xx_tim.o
    0x0800210c   0x00000084   Code   RO         2091    i.TIM_OC3Init       stm32f4xx_tim.o
    0x08002190   0x00000014   Code   RO         2099    i.TIM_OCStructInit  stm32f4xx_tim.o
    0x080021a4   0x00000004   Code   RO         2116    i.TIM_SetCompare3   stm32f4xx_tim.o
    0x080021a8   0x00000004   Code   RO         2118    i.TIM_SetCounter    stm32f4xx_tim.o
    0x080021ac   0x0000007c   Code   RO         2124    i.TIM_TimeBaseInit  stm32f4xx_tim.o
    0x08002228   0x00000012   Code   RO         2125    i.TIM_TimeBaseStructInit  stm32f4xx_tim.o
    0x0800223a   0x00000002   Code   RO          724    i.UsageFault_Handler  stm32f4xx_it.o
    0x0800223c   0x000003d8   Code   RO          229    i.VisionSet1        visionset_project.o
    0x08002614   0x00000350   Code   RO          195    i.VisionSet2        visionset_evd.o
    0x08002964   0x0000000a   Code   RO          686    i.WebcamMode        programma.o
    0x0800296e   0x00000030   Code   RO         3166    i.__ARM_fpclassify  m_wm.l(fpclassify.o)
    0x0800299e   0x00000002   PAD
    0x080029a0   0x00000c90   Code   RO         3089    i.__hardfp_pow      m_wm.l(pow.o)
    0x08003630   0x000000f8   Code   RO         3168    i.__kernel_poly     m_wm.l(poly.o)
    0x08003728   0x00000020   Code   RO         3158    i.__mathlib_dbl_underflow  m_wm.l(dunder.o)
    0x08003748   0x0000000e   Code   RO         3225    i.__scatterload_copy  mc_w.l(handlers.o)
    0x08003756   0x00000002   Code   RO         3226    i.__scatterload_null  mc_w.l(handlers.o)
    0x08003758   0x0000000e   Code   RO         3227    i.__scatterload_zeroinit  mc_w.l(handlers.o)
    0x08003766   0x00000002   PAD
    0x08003768   0x0000000c   Code   RO         3207    i.__set_errno       mc_w.l(errno.o)
    0x08003774   0x0000001e   Code   RO          781    i.benchmark_start   timer.o
    0x08003792   0x00000010   Code   RO          782    i.benchmark_stop    timer.o
    0x080037a2   0x00000002   PAD
    0x080037a4   0x0000005c   Code   RO          357    i.camera_init       camera.o
    0x08003800   0x00000058   Code   RO          397    i.camera_io_init    camera_io.o
    0x08003858   0x00000038   Code   RO          398    i.camera_io_reset   camera_io.o
    0x08003890   0x00000004   Code   RO          358    i.camera_snapshot   camera.o
    0x08003894   0x0000013c   Code   RO            1    i.dNormalizedCentralMoments  operators.o
    0x080039d0   0x00000210   Code   RO          420    i.dcmi_init         dcmi.o
    0x08003be0   0x00000050   Code   RO          421    i.dcmi_snapshot     dcmi.o
    0x08003c30   0x00000006   Code   RO          422    i.dcmi_start        dcmi.o
    0x08003c36   0x00000002   PAD
    0x08003c38   0x00000114   Code   RO            2    i.eGetShape         operators.o
    0x08003d4c   0x00000020   Code   RO         3162    i.fabs              m_wm.l(fabs.o)
    0x08003d6c   0x00000050   Code   RO         3114    i.free              mc_w.l(malloc.o)
    0x08003dbc   0x000000dc   Code   RO          591    i.hardware_init     pc_interface.o
    0x08003e98   0x00000114   Code   RO            3    i.iLabelBlobs       operators.o
    0x08003fac   0x00000094   Code   RO            4    i.iNeighbourCount   operators.o
    0x08004040   0x0000004c   Code   RO          488    i.led_init          led.o
    0x0800408c   0x0000002c   Code   RO          489    i.led_reset         led.o
    0x080040b8   0x0000002c   Code   RO          490    i.led_set           led.o
    0x080040e4   0x00000034   Code   RO          492    i.led_toggle        led.o
    0x08004118   0x0000008c   Code   RO          528    i.main              main.o
    0x080041a4   0x0000006c   Code   RO         3115    i.malloc            mc_w.l(malloc.o)
    0x08004210   0x00000024   Code   RO          549    i.mem_manager_alloc  mem_manager.o
    0x08004234   0x00000034   Code   RO          552    i.mem_manager_init  mem_manager.o
    0x08004268   0x0000000e   Code   RO          592    i.pc_interface_init  pc_interface.o
    0x08004276   0x00000002   PAD
    0x08004278   0x00000014   Code   RO          593    i.pc_mode_from_pc   pc_interface.o
    0x0800428c   0x00000038   Code   RO          594    i.pc_receive_image  pc_interface.o
    0x080042c4   0x00000034   Code   RO          595    i.pc_reset_connection  pc_interface.o
    0x080042f8   0x0000001c   Code   RO          596    i.pc_reset_image_counter  pc_interface.o
    0x08004314   0x00000038   Code   RO          597    i.pc_send_benchmark  pc_interface.o
    0x0800434c   0x00000028   Code   RO          598    i.pc_send_hello     pc_interface.o
    0x08004374   0x00000044   Code   RO          599    i.pc_send_image     pc_interface.o
    0x080043b8   0x00000040   Code   RO          600    i.pc_send_string    pc_interface.o
    0x080043f8   0x0000000c   Code   RO          687    i.programma_set     programma.o
    0x08004404   0x0000001c   Code   RO          688    i.programma_start   programma.o
    0x08004420   0x00000094   Code   RO          460    i.sccb_init         sccb.o
    0x080044b4   0x0000015c   Code   RO          461    i.sccb_read         sccb.o
    0x08004610   0x000000cc   Code   RO          462    i.sccb_write        sccb.o
    0x080046dc   0x0000006e   Code   RO         3173    i.sqrt              m_wm.l(sqrt.o)
    0x0800474a   0x00000002   PAD
    0x0800474c   0x0000007c   Code   RO          783    i.timer_init        timer.o
    0x080047c8   0x00000018   Code   RO          784    i.timer_reset       timer.o
    0x080047e0   0x00000014   Code   RO          785    i.timer_set_fps     timer.o
    0x080047f4   0x00000010   Code   RO          786    i.timer_sleep       timer.o
    0x08004804   0x00000110   Code   RO            8    i.vBlobAnalyse      operators.o
    0x08004914   0x0000006a   Code   RO            9    i.vCentroid         operators.o
    0x0800497e   0x00000002   PAD
    0x08004980   0x000000a4   Code   RO           10    i.vContrastStretch  operators.o
    0x08004a24   0x00000008   Code   RO           11    i.vContrastStretchFast  operators.o
    0x08004a2c   0x0000001e   Code   RO           12    i.vCopy             operators.o
    0x08004a4a   0x0000005c   Code   RO           13    i.vCropVertical     operators.o
    0x08004aa6   0x00000002   PAD
    0x08004aa8   0x00000110   Code   RO           14    i.vDrawLine         operators.o
    0x08004bb8   0x0000004a   Code   RO           16    i.vFillHoles        operators.o
    0x08004c02   0x00000002   PAD
    0x08004c04   0x00000042   Code   RO           18    i.vHistogram        operators.o
    0x08004c46   0x00000002   PAD
    0x08004c48   0x0000006a   Code   RO           19    i.vMarkBorders      operators.o
    0x08004cb2   0x00000002   PAD
    0x08004cb4   0x00000210   Code   RO           20    i.vMarkConnectedToBorders  operators.o
    0x08004ec4   0x00000040   Code   RO           22    i.vRemoveBorderBlobs  operators.o
    0x08004f04   0x0000001e   Code   RO           23    i.vRotate180        operators.o
    0x08004f22   0x0000004e   Code   RO           24    i.vSetBorders       operators.o
    0x08004f70   0x00000024   Code   RO           25    i.vSetSelectedToValue  operators.o
    0x08004f94   0x0000002c   Code   RO           26    i.vThreshold        operators.o
    0x08004fc0   0x000000bc   Code   RO           27    i.vThresholdIsoData  operators.o
    0x0800507c   0x00000060   Data   RO          841    .constdata          audio_driver.o
    0x080050dc   0x00000004   PAD
    0x080050e0   0x00000088   Data   RO         3092    .constdata          m_wm.l(pow.o)
    0x08005168   0x00000008   Data   RO         3170    .constdata          m_wm.l(qnan.o)
    0x08005170   0x00000020   Data   RO         3223    Region$$Table       anon$$obj.o


    Execution Region RW_IRAM1 (Base: 0x20000000, Size: 0x000193e8, Max: 0x00020000, ABSOLUTE)

    Base Addr    Size         Type   Attr      Idx    E Section Name        Object

    0x20000000   0x00000001   Data   RW          359    .data               camera.o
    0x20000001   0x00000003   PAD
    0x20000004   0x00000008   Data   RW          423    .data               dcmi.o
    0x2000000c   0x00000008   Data   RW          554    .data               mem_manager.o
    0x20000014   0x00000020   Data   RW          602    .data               pc_interface.o
    0x20000034   0x00000010   Data   RW          689    .data               programma.o
    0x20000044   0x00000004   Data   RW          787    .data               timer.o
    0x20000048   0x00000002   Data   RW          842    .data               audio_driver.o
    0x2000004a   0x00000002   PAD
    0x2000004c   0x00000040   Data   RW          922    .data               stm32f4_discovery_audio_codec.o
    0x2000008c   0x00000010   Data   RW         1758    .data               stm32f4xx_rcc.o
    0x2000009c   0x00000004   Data   RW         3203    .data               mc_w.l(mvars.o)
    0x200000a0   0x00000004   Data   RW         3204    .data               mc_w.l(mvars.o)
    0x200000a4   0x00000004   Data   RW         3208    .data               mc_w.l(errno.o)
    0x200000a8   0x00018c20   Zero   RW          553    .bss                mem_manager.o
    0x20018cc8   0x000000e2   Zero   RW          601    .bss                pc_interface.o
    0x20018daa   0x00000002   PAD
    0x20018dac   0x0000003c   Zero   RW          920    .bss                stm32f4_discovery_audio_codec.o
    0x20018de8   0x00000200   Zero   RW         3083    HEAP                startup_stm32f4xx.o
    0x20018fe8   0x00000400   Zero   RW         3082    STACK               startup_stm32f4xx.o


==============================================================================

Image component sizes


      Code (inc. data)   RO Data    RW Data    ZI Data      Debug   Object Name

       156         14         96          2          0       3085   audio_driver.o
        96          4          0          1          0       1420   camera.o
       144         10          0          0          0       1003   camera_io.o
       650         46          0          8          0      21964   dcmi.o
       216         42          0          0          0       1722   led.o
       140         12          0          0          0       1047   main.o
        88         14          0          8     101408       1443   mem_manager.o
       104         10          0          0          0       1104   misc.o
      3174        120          0          0          0      20365   operators.o
      1206         94          0         32        226       9806   pc_interface.o
        50         10          0         16          0       1822   programma.o
       700         42          0          0          0       2465   sccb.o
        36          8        392          0       1536        760   startup_stm32f4xx.o
      2520        204          0         64         60      18245   stm32f4_discovery_audio_codec.o
        92         14          0          0          0       2523   stm32f4xx_dac.o
       168         30          0          0          0       3178   stm32f4xx_dcmi.o
       686         50          0          0          0       9723   stm32f4xx_dma.o
       176         22          0          0          0       2839   stm32f4xx_exti.o
       190          0          0          0          0       4183   stm32f4xx_gpio.o
       488         20          0          0          0       8229   stm32f4xx_i2c.o
        18          0          0          0          0       3562   stm32f4xx_it.o
       328         48          0         16          0       6414   stm32f4xx_rcc.o
       406         22          0          0          0       5525   stm32f4xx_spi.o
        40          6          0          0          0        668   stm32f4xx_syscfg.o
       378         36          0          0          0       7399   stm32f4xx_tim.o
       300         40          0          0          0       1409   system_stm32f4xx.o
       250         32          0          4          0       3654   timer.o
       848        264          0          0          0       3281   visionset_evd.o
       984        322          0          0          0     295485   visionset_project.o

    ----------------------------------------------------------------------
     14662       1536        524        156     103232     444323   Object Totals
         0          0         32          0          0          0   (incl. Generated)
        30          0          4          5          2          0   (incl. Padding)

    ----------------------------------------------------------------------

      Code (inc. data)   RO Data    RW Data    ZI Data      Debug   Library Member Name

        32          8          0          0          0        124   dunder.o
        32          0          0          0          0        124   fabs.o
        48          0          0          0          0        124   fpclassify.o
       248          0          0          0          0        152   poly.o
      3216        310        136          0          0        216   pow.o
         0          0          8          0          0          0   qnan.o
       110          0          0          0          0        148   sqrt.o
         0          0          0          0          0          0   entry.o
         0          0          0          0          0          0   entry10a.o
         0          0          0          0          0          0   entry11a.o
         8          4          0          0          0          0   entry2.o
         4          0          0          0          0          0   entry5.o
         0          0          0          0          0          0   entry7b.o
         0          0          0          0          0          0   entry8b.o
         8          4          0          0          0          0   entry9a.o
        12          6          0          4          0         68   errno.o
        30          0          0          0          0          0   handlers.o
        36          8          0          0          0         68   init.o
         0          0          0          0          0          0   iusefp.o
        30          0          0          0          0         68   llshl.o
        36          0          0          0          0         68   llsshr.o
        32          0          0          0          0         68   llushr.o
       188         20          0          0          0        160   malloc.o
        36          0          0          0          0         68   memcpya.o
        36          0          0          0          0        108   memseta.o
         0          0          0          8          0          0   mvars.o
        24          0          0          0          0         76   strncpy.o
        40          2          0          0          0         68   cdcmple.o
        40          2          0          0          0         68   cdrcmple.o
       334          0          0          0          0        144   dadd.o
       222          0          0          0          0        100   ddiv.o
       190          0          0          0          0        176   depilogue.o
        50          0          0          0          0         76   dfixui.o
        34          0          0          0          0         76   dflti.o
        26          0          0          0          0         76   dfltui.o
       228          0          0          0          0         92   dmul.o
        46          0          0          0          0         80   dscalb.o
       162          0          0          0          0        100   dsqrt.o

    ----------------------------------------------------------------------
      5550        364        144         12          0       2696   Library Totals
        12          0          0          0          0          0   (incl. Padding)

    ----------------------------------------------------------------------

      Code (inc. data)   RO Data    RW Data    ZI Data      Debug   Library Name

      3686        318        144          0          0        888   m_wm.l
       480         42          0         12          0        752   mc_w.l
      1372          4          0          0          0       1056   mf_w.l

    ----------------------------------------------------------------------
      5550        364        144         12          0       2696   Library Totals

    ----------------------------------------------------------------------

==============================================================================


      Code (inc. data)   RO Data    RW Data    ZI Data      Debug   

     20212       1900        668        168     103232     428983   Grand Totals
     20212       1900        668        168     103232     428983   ELF Image Totals
     20212       1900        668        168          0          0   ROM Totals

==============================================================================

    Total RO  Size (Code + RO Data)                20880 (  20.39kB)
    Total RW  Size (RW Data + ZI Data)            103400 ( 100.98kB)
    Total ROM Size (Code + RO Data + RW Data)      21048 (  20.55kB)

==============================================================================

