ARM Linker, 5.03 [Build 76] [MDK-ARM Lite]

==============================================================================

Section Cross References

    main.o(i.TIM_LED_Config) refers to stm32f4xx_rcc.o(i.RCC_APB1PeriphClockCmd) for RCC_APB1PeriphClockCmd
    main.o(i.TIM_LED_Config) refers to misc.o(i.NVIC_PriorityGroupConfig) for NVIC_PriorityGroupConfig
    main.o(i.TIM_LED_Config) refers to misc.o(i.NVIC_Init) for NVIC_Init
    main.o(i.TIM_LED_Config) refers to stm32f4_discovery.o(i.STM_EVAL_LEDInit) for STM_EVAL_LEDInit
    main.o(i.TIM_LED_Config) refers to stm32f4xx_tim.o(i.TIM_TimeBaseInit) for TIM_TimeBaseInit
    main.o(i.TIM_LED_Config) refers to stm32f4xx_tim.o(i.TIM_ARRPreloadConfig) for TIM_ARRPreloadConfig
    main.o(i.TIM_LED_Config) refers to stm32f4xx_tim.o(i.TIM_OC1Init) for TIM_OC1Init
    main.o(i.TIM_LED_Config) refers to stm32f4xx_tim.o(i.TIM_OC1PreloadConfig) for TIM_OC1PreloadConfig
    main.o(i.TIM_LED_Config) refers to stm32f4xx_tim.o(i.TIM_ITConfig) for TIM_ITConfig
    main.o(i.TIM_LED_Config) refers to stm32f4xx_tim.o(i.TIM_Cmd) for TIM_Cmd
    main.o(i.TIM_LED_Config) refers to system_stm32f4xx.o(.data) for SystemCoreClock
    main.o(i.TIM_LED_Config) refers to main.o(.data) for .data
    main.o(i.main) refers to stm32f4_discovery.o(i.STM_EVAL_LEDInit) for STM_EVAL_LEDInit
    main.o(i.main) refers to stm32f4_discovery.o(i.STM_EVAL_LEDOn) for STM_EVAL_LEDOn
    main.o(i.main) refers to stm32f4xx_rcc.o(i.RCC_GetClocksFreq) for RCC_GetClocksFreq
    main.o(i.main) refers to main.o(i.TIM_LED_Config) for TIM_LED_Config
    main.o(i.main) refers to stm32f4_discovery.o(i.STM_EVAL_PBInit) for STM_EVAL_PBInit
    main.o(i.main) refers to usbh_core.o(i.USBH_Init) for USBH_Init
    main.o(i.main) refers to usbh_core.o(i.USBH_Process) for USBH_Process
    main.o(i.main) refers to main.o(.bss) for .bss
    main.o(i.main) refers to main.o(.data) for .data
    main.o(i.main) refers to stm32f4xx_it.o(.data) for LED_Toggle
    main.o(i.main) refers to usbh_usr.o(.data) for USR_Callbacks
    main.o(i.main) refers to usbh_msc_core.o(.data) for USBH_MSC_cb
    stm32f4xx_it.o(i.EXTI0_IRQHandler) refers to stm32f4xx_exti.o(i.EXTI_GetITStatus) for EXTI_GetITStatus
    stm32f4xx_it.o(i.EXTI0_IRQHandler) refers to stm32f4xx_exti.o(i.EXTI_ClearITPendingBit) for EXTI_ClearITPendingBit
    stm32f4xx_it.o(i.EXTI0_IRQHandler) refers to stm32f4_discovery_audio_codec.o(i.EVAL_AUDIO_Stop) for EVAL_AUDIO_Stop
    stm32f4xx_it.o(i.EXTI0_IRQHandler) refers to usbh_usr.o(.data) for Command_index
    stm32f4xx_it.o(i.EXTI0_IRQHandler) refers to main.o(.data) for RepeatState
    stm32f4xx_it.o(i.EXTI0_IRQHandler) refers to waveplayer.o(.data) for XferCplt
    stm32f4xx_it.o(i.EXTI1_IRQHandler) refers to stm32f4xx_exti.o(i.EXTI_GetITStatus) for EXTI_GetITStatus
    stm32f4xx_it.o(i.EXTI1_IRQHandler) refers to stm32f4xx_exti.o(i.EXTI_ClearITPendingBit) for EXTI_ClearITPendingBit
    stm32f4xx_it.o(i.EXTI1_IRQHandler) refers to stm32f4xx_it.o(.data) for .data
    stm32f4xx_it.o(i.OTG_FS_IRQHandler) refers to usb_hcd_int.o(i.USBH_OTG_ISR_Handler) for USBH_OTG_ISR_Handler
    stm32f4xx_it.o(i.OTG_FS_IRQHandler) refers to main.o(.bss) for USB_OTG_Core
    stm32f4xx_it.o(i.SysTick_Handler) refers to waveplayer.o(i.TimingDelay_Decrement) for TimingDelay_Decrement
    stm32f4xx_it.o(i.SysTick_Handler) refers to usbh_usr.o(.data) for Command_index
    stm32f4xx_it.o(i.SysTick_Handler) refers to stm32f4xx_it.o(.data) for .data
    stm32f4xx_it.o(i.TIM2_IRQHandler) refers to usb_bsp.o(i.USB_OTG_BSP_TimerIRQ) for USB_OTG_BSP_TimerIRQ
    stm32f4xx_it.o(i.TIM4_IRQHandler) refers to stm32f4_discovery_lis302dl.o(i.LIS302DL_Read) for LIS302DL_Read
    stm32f4xx_it.o(i.TIM4_IRQHandler) refers to stm32f4xx_tim.o(i.TIM_GetITStatus) for TIM_GetITStatus
    stm32f4xx_it.o(i.TIM4_IRQHandler) refers to stm32f4xx_tim.o(i.TIM_ClearITPendingBit) for TIM_ClearITPendingBit
    stm32f4xx_it.o(i.TIM4_IRQHandler) refers to stm32f4_discovery.o(i.STM_EVAL_LEDToggle) for STM_EVAL_LEDToggle
    stm32f4xx_it.o(i.TIM4_IRQHandler) refers to stm32f4_discovery.o(i.STM_EVAL_LEDOff) for STM_EVAL_LEDOff
    stm32f4xx_it.o(i.TIM4_IRQHandler) refers to stm32f4_discovery.o(i.STM_EVAL_LEDOn) for STM_EVAL_LEDOn
    stm32f4xx_it.o(i.TIM4_IRQHandler) refers to stm32f4xx_tim.o(i.TIM_GetCapture1) for TIM_GetCapture1
    stm32f4xx_it.o(i.TIM4_IRQHandler) refers to stm32f4xx_tim.o(i.TIM_SetCompare1) for TIM_SetCompare1
    stm32f4xx_it.o(i.TIM4_IRQHandler) refers to waveplayer.o(.data) for AudioPlayStart
    stm32f4xx_it.o(i.TIM4_IRQHandler) refers to waveplayer.o(.data) for Buffer
    stm32f4xx_it.o(i.TIM4_IRQHandler) refers to stm32f4xx_it.o(.data) for .data
    stm32f4xx_it.o(i.TIM4_IRQHandler) refers to main.o(.data) for CCR_Val
    system_stm32f4xx.o(i.SystemCoreClockUpdate) refers to system_stm32f4xx.o(.data) for .data
    system_stm32f4xx.o(i.SystemInit) refers to system_stm32f4xx.o(i.SetSysClock) for SetSysClock
[...]
    i.mem_cpy                                0x0800764c   Section        0  ff.o(i.mem_cpy)
    mem_cpy                                  0x0800764d   Thumb Code    18  ff.o(i.mem_cpy)
    i.mem_set                                0x0800765e   Section        0  ff.o(i.mem_set)
    mem_set                                  0x0800765f   Thumb Code    14  ff.o(i.mem_set)
    i.move_window                            0x0800766c   Section        0  ff.o(i.move_window)
    move_window                              0x0800766d   Thumb Code   106  ff.o(i.move_window)
    i.put_fat                                0x080076d6   Section        0  ff.o(i.put_fat)
    i.remove_chain                           0x08007808   Section        0  ff.o(i.remove_chain)
    remove_chain                             0x08007809   Thumb Code    98  ff.o(i.remove_chain)
    i.sync                                   0x0800786a   Section        0  ff.o(i.sync)
    sync                                     0x0800786b   Thumb Code   184  ff.o(i.sync)
    i.validate                               0x08007922   Section        0  ff.o(i.validate)
    validate                                 0x08007923   Thumb Code    32  ff.o(i.validate)
    .constdata                               0x08007944   Section       36  stm32f4_discovery.o(.constdata)
    .constdata                               0x08007968   Section      194  ff.o(.constdata)
    cvt                                      0x08007968   Data         128  ff.o(.constdata)
    sstbl                                    0x080079e8   Data          44  ff.o(.constdata)
    cstbl                                    0x08007a14   Data          22  ff.o(.constdata)
    .data                                    0x20000000   Section        4  main.o(.data)
    .data                                    0x20000004   Section        8  stm32f4xx_it.o(.data)
    .data                                    0x2000000c   Section       20  system_stm32f4xx.o(.data)
    .data                                    0x20000020   Section        4  usb_bsp.o(.data)
    .data                                    0x20000024   Section        2  usbh_usr.o(.data)
    USBH_USR_ApplicationState                0x20000025   Data           1  usbh_usr.o(.data)
    .data                                    0x20000028   Section       72  usbh_usr.o(.data)
    .data                                    0x20000070   Section       36  waveplayer.o(.data)
    wavelen                                  0x20000074   Data           4  waveplayer.o(.data)
    SpeechDataOffset                         0x20000078   Data           4  waveplayer.o(.data)
    WaveFileName                             0x20000084   Data           4  waveplayer.o(.data)
    TimingDelay                              0x20000090   Data           4  waveplayer.o(.data)
    .data                                    0x20000094   Section        6  waveplayer.o(.data)
    .data                                    0x2000009c   Section       44  waverecorder.o(.data)
    AudioRecInited                           0x200000a8   Data           4  waverecorder.o(.data)
    InternalBufferSize                       0x200000bc   Data           4  waverecorder.o(.data)
    .data                                    0x200000c8   Section       20  stm32f4_discovery.o(.data)
    .data                                    0x200000dc   Section        4  stm32f4_discovery_lis302dl.o(.data)
    .data                                    0x200000e0   Section       64  stm32f4_discovery_audio_codec.o(.data)
    .data                                    0x20000120   Section       16  stm32f4xx_rcc.o(.data)
    APBAHBPrescTable                         0x20000120   Data          16  stm32f4xx_rcc.o(.data)
    .data                                    0x20000130   Section        1  usbh_msc_scsi.o(.data)
    status                                   0x20000130   Data           1  usbh_msc_scsi.o(.data)
    .data                                    0x20000134   Section       16  usbh_msc_bot.o(.data)
    error_direction                          0x20000134   Data           1  usbh_msc_bot.o(.data)
    remainingDataLength                      0x20000138   Data           4  usbh_msc_bot.o(.data)
    datapointer                              0x2000013c   Data           4  usbh_msc_bot.o(.data)
    BOTStallErrorCount                       0x20000140   Data           4  usbh_msc_bot.o(.data)
    .data                                    0x20000144   Section        2  usbh_msc_core.o(.data)
    maxLunExceed                             0x20000145   Data           1  usbh_msc_core.o(.data)
    .data                                    0x20000148   Section       16  usbh_msc_core.o(.data)
    .data                                    0x20000158   Section        1  usbh_msc_fatfs.o(.data)
    Stat                                     0x20000158   Data           1  usbh_msc_fatfs.o(.data)
    .data                                    0x2000015c   Section       16  usbh_core.o(.data)
    timeout                                  0x2000015c   Data           2  usbh_core.o(.data)
    .data                                    0x2000016c   Section        8  ff.o(.data)
    Fsid                                     0x2000016c   Data           2  ff.o(.data)
    FatFs                                    0x20000170   Data           4  ff.o(.data)
    .data                                    0x20000174   Section      772  pdm_filter.o(.data)
    .bss                                     0x20000478   Section     1348  main.o(.bss)
    .bss                                     0x200009bc   Section     1072  usbh_usr.o(.bss)
    .bss                                     0x20000dec   Section     1060  usbh_usr.o(.bss)
    .bss                                     0x20001210   Section     1060  usbh_usr.o(.bss)
    .bss                                     0x20001634   Section       28  usbh_usr.o(.bss)
    .bss                                     0x20001650   Section     4120  waveplayer.o(.bss)
    .bss                                     0x20002668   Section     6756  waverecorder.o(.bss)
    InternalBuffer                           0x2000404c   Data         128  waverecorder.o(.bss)
    .bss                                     0x200040cc   Section       60  stm32f4_discovery_audio_codec.o(.bss)
    .bss                                     0x20004108   Section      528  usbh_msc_scsi.o(.bss)
    .bss                                     0x20004318   Section       64  usbh_msc_bot.o(.bss)
    .bss                                     0x20004358   Section       74  usbh_msc_core.o(.bss)
    STACK                                    0x200043a8   Section     1024  startup_stm32f4xx.o(STACK)

    Global Symbols

    Symbol Name                              Value     Ov Type        Size  Object(Section)

    BuildAttributes$$THM_ISAv4$E$P$D$K$B$S$7EM$PE$A:L22UL41UL21$X:L11$S22US41US21$IEEE1$IW$USESV6$~STKCKD$USESV7$~SHL$OSPACE$ROPI$EBA8$MICROLIB$REQ8$PRES8$EABIv2 0x00000000   Number         0  anon$$obj.o ABSOLUTE
    __ARM_use_no_argv                        0x00000000   Number         0  main.o ABSOLUTE
    __cpp_initialize__aeabi_                  - Undefined Weak Reference
    __cxa_finalize                            - Undefined Weak Reference
    _clock_init                               - Undefined Weak Reference
    _microlib_exit                            - Undefined Weak Reference
    __Vectors_Size                           0x00000188   Number         0  startup_stm32f4xx.o ABSOLUTE
    __Vectors                                0x08000000   Data           4  startup_stm32f4xx.o(RESET)
    __Vectors_End                            0x08000188   Data           0  startup_stm32f4xx.o(RESET)
    __main                                   0x08000189   Thumb Code     0  entry.o(.ARM.Collect$$$$00000000)
    _main_stk                                0x08000189   Thumb Code     0  entry2.o(.ARM.Collect$$$$00000001)
    _main_scatterload                        0x0800018d   Thumb Code     0  entry5.o(.ARM.Collect$$$$00000004)
    __main_after_scatterload                 0x08000191   Thumb Code     0  entry5.o(.ARM.Collect$$$$00000004)
    _main_clock                              0x08000191   Thumb Code     0  entry7b.o(.ARM.Collect$$$$00000008)
    _main_cpp_init                           0x08000191   Thumb Code     0  entry8b.o(.ARM.Collect$$$$0000000A)
    _main_init                               0x08000191   Thumb Code     0  entry9a.o(.ARM.Collect$$$$0000000B)
    __rt_final_cpp                           0x08000199   Thumb Code     0  entry10a.o(.ARM.Collect$$$$0000000D)
    __rt_final_exit                          0x08000199   Thumb Code     0  entry11a.o(.ARM.Collect$$$$0000000F)
    Reset_Handler                            0x0800019d   Thumb Code     8  startup_stm32f4xx.o(.text)
    ADC_IRQHandler                           0x080001b7   Thumb Code     0  startup_stm32f4xx.o(.text)
    CAN1_RX0_IRQHandler                      0x080001b7   Thumb Code     0  startup_stm32f4xx.o(.text)
    CAN1_RX1_IRQHandler                      0x080001b7   Thumb Code     0  startup_stm32f4xx.o(.text)
    CAN1_SCE_IRQHandler                      0x080001b7   Thumb Code     0  startup_stm32f4xx.o(.text)
    CAN1_TX_IRQHandler                       0x080001b7   Thumb Code     0  startup_stm32f4xx.o(.text)
    CAN2_RX0_IRQHandler                      0x080001b7   Thumb Code     0  startup_stm32f4xx.o(.text)
    CAN2_RX1_IRQHandler                      0x080001b7   Thumb Code     0  startup_stm32f4xx.o(.text)
    CAN2_SCE_IRQHandler                      0x080001b7   Thumb Code     0  startup_stm32f4xx.o(.text)
    CAN2_TX_IRQHandler                       0x080001b7   Thumb Code     0  startup_stm32f4xx.o(.text)
    CRYP_IRQHandler                          0x080001b7   Thumb Code     0  startup_stm32f4xx.o(.text)
    DCMI_IRQHandler                          0x080001b7   Thumb Code     0  startup_stm32f4xx.o(.text)
    DMA1_Stream1_IRQHandler                  0x080001b7   Thumb Code     0  startup_stm32f4xx.o(.text)
    DMA1_Stream2_IRQHandler                  0x080001b7   Thumb Code     0  startup_stm32f4xx.o(.text)
    DMA1_Stream3_IRQHandler                  0x080001b7   Thumb Code     0  startup_stm32f4xx.o(.text)
    DMA1_Stream4_IRQHandler                  0x080001b7   Thumb Code     0  startup_stm32f4xx.o(.text)
    DMA1_Stream5_IRQHandler                  0x080001b7   Thumb Code     0  startup_stm32f4xx.o(.text)
    DMA1_Stream6_IRQHandler                  0x080001b7   Thumb Code     0  startup_stm32f4xx.o(.text)
    DMA2_Stream0_IRQHandler                  0x080001b7   Thumb Code     0  startup_stm32f4xx.o(.text)
    DMA2_Stream1_IRQHandler                  0x080001b7   Thumb Code     0  startup_stm32f4xx.o(.text)
    DMA2_Stream2_IRQHandler                  0x080001b7   Thumb Code     0  startup_stm32f4xx.o(.text)
    DMA2_Stream3_IRQHandler                  0x080001b7   Thumb Code     0  startup_stm32f4xx.o(.text)
    DMA2_Stream4_IRQHandler                  0x080001b7   Thumb Code     0  startup_stm32f4xx.o(.text)
    DMA2_Stream5_IRQHandler                  0x080001b7   Thumb Code     0  startup_stm32f4xx.o(.text)
    DMA2_Stream6_IRQHandler                  0x080001b7   Thumb Code     0  startup_stm32f4xx.o(.text)
    DMA2_Stream7_IRQHandler                  0x080001b7   Thumb Code     0  startup_stm32f4xx.o(.text)
    ETH_IRQHandler                           0x080001b7   Thumb Code     0  startup_stm32f4xx.o(.text)
    ETH_WKUP_IRQHandler                      0x080001b7   Thumb Code     0  startup_stm32f4xx.o(.text)
    EXTI15_10_IRQHandler                     0x080001b7   Thumb Code     0  startup_stm32f4xx.o(.text)
    EXTI2_IRQHandler                         0x080001b7   Thumb Code     0  startup_stm32f4xx.o(.text)
    EXTI3_IRQHandler                         0x080001b7   Thumb Code     0  startup_stm32f4xx.o(.text)
    EXTI4_IRQHandler                         0x080001b7   Thumb Code     0  startup_stm32f4xx.o(.text)
    EXTI9_5_IRQHandler                       0x080001b7   Thumb Code     0  startup_stm32f4xx.o(.text)
    FLASH_IRQHandler                         0x080001b7   Thumb Code     0  startup_stm32f4xx.o(.text)
    FPU_IRQHandler                           0x080001b7   Thumb Code     0  startup_stm32f4xx.o(.text)
    FSMC_IRQHandler                          0x080001b7   Thumb Code     0  startup_stm32f4xx.o(.text)
    HASH_RNG_IRQHandler                      0x080001b7   Thumb Code     0  startup_stm32f4xx.o(.text)
    I2C1_ER_IRQHandler                       0x080001b7   Thumb Code     0  startup_stm32f4xx.o(.text)
    I2C1_EV_IRQHandler                       0x080001b7   Thumb Code     0  startup_stm32f4xx.o(.text)
    I2C2_ER_IRQHandler                       0x080001b7   Thumb Code     0  startup_stm32f4xx.o(.text)
    I2C2_EV_IRQHandler                       0x080001b7   Thumb Code     0  startup_stm32f4xx.o(.text)
    I2C3_ER_IRQHandler                       0x080001b7   Thumb Code     0  startup_stm32f4xx.o(.text)
    I2C3_EV_IRQHandler                       0x080001b7   Thumb Code     0  startup_stm32f4xx.o(.text)
    OTG_FS_WKUP_IRQHandler                   0x080001b7   Thumb Code     0  startup_stm32f4xx.o(.text)
    OTG_HS_EP1_IN_IRQHandler                 0x080001b7   Thumb Code     0  startup_stm32f4xx.o(.text)
    OTG_HS_EP1_OUT_IRQHandler                0x080001b7   Thumb Code     0  startup_stm32f4xx.o(.text)
    OTG_HS_IRQHandler                        0x080001b7   Thumb Code     0  startup_stm32f4xx.o(.text)
    OTG_HS_WKUP_IRQHandler                   0x080001b7   Thumb Code     0  startup_stm32f4xx.o(.text)
    PVD_IRQHandler                           0x080001b7   Thumb Code     0  startup_stm32f4xx.o(.text)
    RCC_IRQHandler                           0x080001b7   Thumb Code     0  startup_stm32f4xx.o(.text)
    RTC_Alarm_IRQHandler                     0x080001b7   Thumb Code     0  startup_stm32f4xx.o(.text)
    RTC_WKUP_IRQHandler                      0x080001b7   Thumb Code     0  startup_stm32f4xx.o(.text)
    SDIO_IRQHandler                          0x080001b7   Thumb Code     0  startup_stm32f4xx.o(.text)
    SPI1_IRQHandler                          0x080001b7   Thumb Code     0  startup_stm32f4xx.o(.text)
    TAMP_STAMP_IRQHandler                    0x080001b7   Thumb Code     0  startup_stm32f4xx.o(.text)
    TIM1_BRK_TIM9_IRQHandler                 0x080001b7   Thumb Code     0  startup_stm32f4xx.o(.text)
    TIM1_CC_IRQHandler                       0x080001b7   Thumb Code     0  startup_stm32f4xx.o(.text)
    TIM1_TRG_COM_TIM11_IRQHandler            0x080001b7   Thumb Code     0  startup_stm32f4xx.o(.text)
    TIM1_UP_TIM10_IRQHandler                 0x080001b7   Thumb Code     0  startup_stm32f4xx.o(.text)
    TIM3_IRQHandler                          0x080001b7   Thumb Code     0  startup_stm32f4xx.o(.text)
    TIM5_IRQHandler                          0x080001b7   Thumb Code     0  startup_stm32f4xx.o(.text)
    TIM6_DAC_IRQHandler                      0x080001b7   Thumb Code     0  startup_stm32f4xx.o(.text)
    TIM7_IRQHandler                          0x080001b7   Thumb Code     0  startup_stm32f4xx.o(.text)
    TIM8_BRK_TIM12_IRQHandler                0x080001b7   Thumb Code     0  startup_stm32f4xx.o(.text)
    TIM8_CC_IRQHandler                       0x080001b7   Thumb Code     0  startup_stm32f4xx.o(.text)
    TIM8_TRG_COM_TIM14_IRQHandler            0x080001b7   Thumb Code     0  startup_stm32f4xx.o(.text)
    TIM8_UP_TIM13_IRQHandler                 0x080001b7   Thumb Code     0  startup_stm32f4xx.o(.text)
    UART4_IRQHandler                         0x080001b7   Thumb Code     0  startup_stm32f4xx.o(.text)
    UART5_IRQHandler                         0x080001b7   Thumb Code     0  startup_stm32f4xx.o(.text)
    USART1_IRQHandler                        0x080001b7   Thumb Code     0  startup_stm32f4xx.o(.text)
    USART2_IRQHandler                        0x080001b7   Thumb Code     0  startup_stm32f4xx.o(.text)
    USART3_IRQHandler                        0x080001b7   Thumb Code     0  startup_stm32f4xx.o(.text)
    USART6_IRQHandler                        0x080001b7   Thumb Code     0  startup_stm32f4xx.o(.text)
    WWDG_IRQHandler                          0x080001b7   Thumb Code     0  startup_stm32f4xx.o(.text)
    PDM_Filter_Init                          0x080001c1   Thumb Code   222  pdm_filter.o(.text)
    PDM_Filter_64_LSB                        0x0800029f   Thumb Code   660  pdm_filter.o(.text)
    PDM_Filter_80_LSB                        0x08000533   Thumb Code   692  pdm_filter.o(.text)
    PDM_Filter_64_MSB                        0x080007e7   Thumb Code   658  pdm_filter.o(.text)
    PDM_Filter_80_MSB                        0x08000a79   Thumb Code   830  pdm_filter.o(.text)
    __ARM_scalbnf                            0x08000dbd   Thumb Code    24  fscalb.o(.text)
    scalbnf                                  0x08000dbd   Thumb Code     0  fscalb.o(.text)
    __aeabi_dadd                             0x08000dd5   Thumb Code   322  dadd.o(.text)
    __aeabi_dsub                             0x08000f17   Thumb Code     6  dadd.o(.text)
    __aeabi_drsub                            0x08000f1d   Thumb Code     6  dadd.o(.text)
    __aeabi_dmul                             0x08000f23   Thumb Code   228  dmul.o(.text)
    __aeabi_ddiv                             0x08001007   Thumb Code   222  ddiv.o(.text)
    __aeabi_ui2d                             0x080010e5   Thumb Code    26  dfltui.o(.text)
    __aeabi_d2uiz                            0x080010ff   Thumb Code    50  dfixui.o(.text)
    __aeabi_f2d                              0x08001131   Thumb Code    38  f2d.o(.text)
    __aeabi_llsl                             0x08001157   Thumb Code    30  llshl.o(.text)
    _ll_shift_l                              0x08001157   Thumb Code     0  llshl.o(.text)
    __aeabi_llsr                             0x08001175   Thumb Code    32  llushr.o(.text)
    _ll_ushift_r                             0x08001175   Thumb Code     0  llushr.o(.text)
    __aeabi_lasr                             0x08001195   Thumb Code    36  llsshr.o(.text)
    _ll_sshift_r                             0x08001195   Thumb Code     0  llsshr.o(.text)
    __I$use$fp                               0x080011b9   Thumb Code     0  iusefp.o(.text)
    _double_round                            0x080011b9   Thumb Code    26  depilogue.o(.text)
    _double_epilogue                         0x080011d3   Thumb Code   164  depilogue.o(.text)
    __scatterload                            0x08001279   Thumb Code    28  init.o(.text)
    __scatterload_rt2                        0x08001279   Thumb Code     0  init.o(.text)
    __decompress                             0x0800129d   Thumb Code     0  __dczerorl2.o(.text)
    __decompress1                            0x0800129d   Thumb Code    92  __dczerorl2.o(.text)
    Audio_MAL_Play                           0x08001461   Thumb Code    66  stm32f4_discovery_audio_codec.o(i.Audio_MAL_Play)
    BusFault_Handler                         0x0800153f   Thumb Code     2  stm32f4xx_it.o(i.BusFault_Handler)
    COMMAND_AudioExecuteApplication          0x08001541   Thumb Code    32  usbh_usr.o(i.COMMAND_AudioExecuteApplication)
    Codec_ReadRegister                       0x08001831   Thumb Code   342  stm32f4_discovery_audio_codec.o(i.Codec_ReadRegister)
    Codec_TIMEOUT_UserCallback               0x080019c9   Thumb Code     4  waveplayer.o(i.Codec_TIMEOUT_UserCallback)
    Codec_WriteRegister                      0x080019f5   Thumb Code   234  stm32f4_discovery_audio_codec.o(i.Codec_WriteRegister)
    DAC_Cmd                                  0x08001af5   Thumb Code    20  stm32f4xx_dac.o(i.DAC_Cmd)
    DAC_Config                               0x08001b0d   Thumb Code    70  stm32f4_discovery_audio_codec.o(i.DAC_Config)
    DAC_Init                                 0x08001b5d   Thumb Code    36  stm32f4xx_dac.o(i.DAC_Init)
    DAC_SetChannel1Data                      0x08001b85   Thumb Code    14  stm32f4xx_dac.o(i.DAC_SetChannel1Data)
    DMA1_Stream0_IRQHandler                  0x08001b99   Thumb Code     4  stm32f4_discovery_audio_codec.o(i.DMA1_Stream0_IRQHandler)
    DMA1_Stream7_IRQHandler                  0x08001b9d   Thumb Code     4  stm32f4_discovery_audio_codec.o(i.DMA1_Stream7_IRQHandler)
    DMA_ClearFlag                            0x08001ba1   Thumb Code    32  stm32f4xx_dma.o(i.DMA_ClearFlag)
    DMA_Cmd                                  0x08001bcd   Thumb Code    20  stm32f4xx_dma.o(i.DMA_Cmd)
    DMA_DeInit                               0x08001be1   Thumb Code   272  stm32f4xx_dma.o(i.DMA_DeInit)
    DMA_GetCmdStatus                         0x08001d05   Thumb Code    14  stm32f4xx_dma.o(i.DMA_GetCmdStatus)
    DMA_GetFlagStatus                        0x08001d15   Thumb Code    40  stm32f4xx_dma.o(i.DMA_GetFlagStatus)
    DMA_ITConfig                             0x08001d49   Thumb Code    52  stm32f4xx_dma.o(i.DMA_ITConfig)
    DMA_Init                                 0x08001d7d   Thumb Code    80  stm32f4xx_dma.o(i.DMA_Init)
    DebugMon_Handler                         0x08001dd1   Thumb Code     2  stm32f4xx_it.o(i.DebugMon_Handler)
    Delay                                    0x08001dd5   Thumb Code    16  waveplayer.o(i.Delay)
    EVAL_AUDIO_GetSampleCallBack             0x08001df9   Thumb Code     4  waveplayer.o(i.EVAL_AUDIO_GetSampleCallBack)
    EVAL_AUDIO_Init                          0x08001dfd   Thumb Code    40  stm32f4_discovery_audio_codec.o(i.EVAL_AUDIO_Init)
    EVAL_AUDIO_PauseResume                   0x08001e25   Thumb Code   122  stm32f4_discovery_audio_codec.o(i.EVAL_AUDIO_PauseResume)
    EVAL_AUDIO_SetAudioInterface             0x08001ea9   Thumb Code   114  stm32f4_discovery_audio_codec.o(i.EVAL_AUDIO_SetAudioInterface)
    EVAL_AUDIO_Stop                          0x08001f35   Thumb Code   106  stm32f4_discovery_audio_codec.o(i.EVAL_AUDIO_Stop)
    EVAL_AUDIO_TransferComplete_CallBack     0x08001fad   Thumb Code    32  waveplayer.o(i.EVAL_AUDIO_TransferComplete_CallBack)
    EXTI0_IRQHandler                         0x08001fd1   Thumb Code    56  stm32f4xx_it.o(i.EXTI0_IRQHandler)
    EXTI1_IRQHandler                         0x08002015   Thumb Code    46  stm32f4xx_it.o(i.EXTI1_IRQHandler)
    EXTI_ClearITPendingBit                   0x080020bd   Thumb Code     6  stm32f4xx_exti.o(i.EXTI_ClearITPendingBit)
    EXTI_GetITStatus                         0x080020c9   Thumb Code    28  stm32f4xx_exti.o(i.EXTI_GetITStatus)
    EXTI_Init                                0x080020e9   Thumb Code   108  stm32f4xx_exti.o(i.EXTI_Init)
    GPIO_Init                                0x08002159   Thumb Code   162  stm32f4xx_gpio.o(i.GPIO_Init)
    GPIO_PinAFConfig                         0x080021fb   Thumb Code    32  stm32f4xx_gpio.o(i.GPIO_PinAFConfig)
    GPIO_ResetBits                           0x0800221b   Thumb Code     4  stm32f4xx_gpio.o(i.GPIO_ResetBits)
    GPIO_SetBits                             0x0800221f   Thumb Code     4  stm32f4xx_gpio.o(i.GPIO_SetBits)
    GPIO_WriteBit                            0x08002223   Thumb Code    10  stm32f4xx_gpio.o(i.GPIO_WriteBit)
    HCD_GetCurrentFrame                      0x0800222d   Thumb Code     8  usb_hcd.o(i.HCD_GetCurrentFrame)
    HCD_GetCurrentSpeed                      0x08002235   Thumb Code    12  usb_hcd.o(i.HCD_GetCurrentSpeed)
    HCD_GetURB_State                         0x08002241   Thumb Code     8  usb_hcd.o(i.HCD_GetURB_State)
    HCD_GetXferCnt                           0x08002249   Thumb Code    10  usb_hcd.o(i.HCD_GetXferCnt)
    HCD_Init                                 0x08002253   Thumb Code    86  usb_hcd.o(i.HCD_Init)
    HCD_IsDeviceConnected                    0x080022a9   Thumb Code     6  usb_hcd.o(i.HCD_IsDeviceConnected)
    HCD_ResetPort                            0x080022af   Thumb Code    10  usb_hcd.o(i.HCD_ResetPort)
    HCD_SubmitRequest                        0x080022b9   Thumb Code    20  usb_hcd.o(i.HCD_SubmitRequest)
    HardFault_Handler                        0x080022cd   Thumb Code     2  stm32f4xx_it.o(i.HardFault_Handler)
    I2C_AcknowledgeConfig                    0x080022cf   Thumb Code    20  stm32f4xx_i2c.o(i.I2C_AcknowledgeConfig)
    I2C_CheckEvent                           0x080022e3   Thumb Code    24  stm32f4xx_i2c.o(i.I2C_CheckEvent)
    I2C_ClearFlag                            0x080022fb   Thumb Code     6  stm32f4xx_i2c.o(i.I2C_ClearFlag)
    I2C_Cmd                                  0x08002301   Thumb Code    20  stm32f4xx_i2c.o(i.I2C_Cmd)
    I2C_DeInit                               0x08002315   Thumb Code    56  stm32f4xx_i2c.o(i.I2C_DeInit)
    I2C_GenerateSTART                        0x08002359   Thumb Code    20  stm32f4xx_i2c.o(i.I2C_GenerateSTART)
    I2C_GenerateSTOP                         0x0800236d   Thumb Code    20  stm32f4xx_i2c.o(i.I2C_GenerateSTOP)
    I2C_GetFlagStatus                        0x08002381   Thumb Code    42  stm32f4xx_i2c.o(i.I2C_GetFlagStatus)
    I2C_Init                                 0x080023ad   Thumb Code   172  stm32f4xx_i2c.o(i.I2C_Init)
    I2C_ReceiveData                          0x08002461   Thumb Code     6  stm32f4xx_i2c.o(i.I2C_ReceiveData)
    I2C_Send7bitAddress                      0x08002467   Thumb Code    16  stm32f4xx_i2c.o(i.I2C_Send7bitAddress)
    I2C_SendData                             0x08002477   Thumb Code     4  stm32f4xx_i2c.o(i.I2C_SendData)
    I2S_Cmd                                  0x0800247b   Thumb Code    20  stm32f4xx_spi.o(i.I2S_Cmd)
    I2S_Init                                 0x08002491   Thumb Code   190  stm32f4xx_spi.o(i.I2S_Init)
    LIS302DL_Init                            0x08002559   Thumb Code    48  stm32f4_discovery_lis302dl.o(i.LIS302DL_Init)
    LIS302DL_InterruptConfig                 0x08002589   Thumb Code    46  stm32f4_discovery_lis302dl.o(i.LIS302DL_InterruptConfig)
    LIS302DL_Read                            0x080026d9   Thumb Code    70  stm32f4_discovery_lis302dl.o(i.LIS302DL_Read)
    LIS302DL_TIMEOUT_UserCallback            0x08002789   Thumb Code     2  waveplayer.o(i.LIS302DL_TIMEOUT_UserCallback)
    LIS302DL_Write                           0x0800278d   Thumb Code    64  stm32f4_discovery_lis302dl.o(i.LIS302DL_Write)
    MemManage_Handler                        0x080027d1   Thumb Code     2  stm32f4xx_it.o(i.MemManage_Handler)
    NMI_Handler                              0x0800288f   Thumb Code     2  stm32f4xx_it.o(i.NMI_Handler)
    NVIC_Init                                0x08002891   Thumb Code    92  misc.o(i.NVIC_Init)
    NVIC_PriorityGroupConfig                 0x080028f5   Thumb Code    10  misc.o(i.NVIC_PriorityGroupConfig)
    NVIC_SetVectorTable                      0x08002909   Thumb Code    12  misc.o(i.NVIC_SetVectorTable)
    OTG_FS_IRQHandler                        0x0800291d   Thumb Code     6  stm32f4xx_it.o(i.OTG_FS_IRQHandler)
    PendSV_Handler                           0x08002929   Thumb Code     2  stm32f4xx_it.o(i.PendSV_Handler)
    RCC_AHB1PeriphClockCmd                   0x0800292d   Thumb Code    18  stm32f4xx_rcc.o(i.RCC_AHB1PeriphClockCmd)
    RCC_AHB2PeriphClockCmd                   0x08002945   Thumb Code    18  stm32f4xx_rcc.o(i.RCC_AHB2PeriphClockCmd)
    RCC_APB1PeriphClockCmd                   0x0800295d   Thumb Code    18  stm32f4xx_rcc.o(i.RCC_APB1PeriphClockCmd)
    RCC_APB1PeriphResetCmd                   0x08002975   Thumb Code    18  stm32f4xx_rcc.o(i.RCC_APB1PeriphResetCmd)
    RCC_APB2PeriphClockCmd                   0x0800298d   Thumb Code    18  stm32f4xx_rcc.o(i.RCC_APB2PeriphClockCmd)
    RCC_APB2PeriphResetCmd                   0x080029a5   Thumb Code    18  stm32f4xx_rcc.o(i.RCC_APB2PeriphResetCmd)
    RCC_GetClocksFreq                        0x080029bd   Thumb Code   132  stm32f4xx_rcc.o(i.RCC_GetClocksFreq)
    ReadUnit                                 0x08002a4d   Thumb Code    34  waveplayer.o(i.ReadUnit)
    SPI2_IRQHandler                          0x08002a71   Thumb Code    64  waverecorder.o(i.SPI2_IRQHandler)
    SPI3_IRQHandler                          0x08002ac1   Thumb Code    54  stm32f4_discovery_audio_codec.o(i.SPI3_IRQHandler)
    SPI_Cmd                                  0x08002b01   Thumb Code    20  stm32f4xx_spi.o(i.SPI_Cmd)
    SPI_I2S_DMACmd                           0x08002b15   Thumb Code    16  stm32f4xx_spi.o(i.SPI_I2S_DMACmd)
    SPI_I2S_DeInit                           0x08002b25   Thumb Code    72  stm32f4xx_spi.o(i.SPI_I2S_DeInit)
    SPI_I2S_GetFlagStatus                    0x08002b79   Thumb Code    14  stm32f4xx_spi.o(i.SPI_I2S_GetFlagStatus)
    SPI_I2S_GetITStatus                      0x08002b87   Thumb Code    42  stm32f4xx_spi.o(i.SPI_I2S_GetITStatus)
    SPI_I2S_ITConfig                         0x08002bb1   Thumb Code    24  stm32f4xx_spi.o(i.SPI_I2S_ITConfig)
    SPI_I2S_ReceiveData                      0x08002bc9   Thumb Code     4  stm32f4xx_spi.o(i.SPI_I2S_ReceiveData)
    SPI_I2S_SendData                         0x08002bcd   Thumb Code     4  stm32f4xx_spi.o(i.SPI_I2S_SendData)
    SPI_Init                                 0x08002bd1   Thumb Code    56  stm32f4xx_spi.o(i.SPI_Init)
    STM_EVAL_LEDInit                         0x08002c09   Thumb Code    62  stm32f4_discovery.o(i.STM_EVAL_LEDInit)
    STM_EVAL_LEDOff                          0x08002c51   Thumb Code    16  stm32f4_discovery.o(i.STM_EVAL_LEDOff)
    STM_EVAL_LEDOn                           0x08002c69   Thumb Code    16  stm32f4_discovery.o(i.STM_EVAL_LEDOn)
    STM_EVAL_LEDToggle                       0x08002c81   Thumb Code    20  stm32f4_discovery.o(i.STM_EVAL_LEDToggle)
    STM_EVAL_PBInit                          0x08002c9d   Thumb Code   144  stm32f4_discovery.o(i.STM_EVAL_PBInit)
    SVC_Handler                              0x08002d35   Thumb Code     2  stm32f4xx_it.o(i.SVC_Handler)
    SYSCFG_EXTILineConfig                    0x08002d39   Thumb Code    34  stm32f4xx_syscfg.o(i.SYSCFG_EXTILineConfig)
    SysTick_Handler                          0x08002e39   Thumb Code    24  stm32f4xx_it.o(i.SysTick_Handler)
    SystemInit                               0x08002e59   Thumb Code    62  system_stm32f4xx.o(i.SystemInit)
    TIM2_IRQHandler                          0x08002ea9   Thumb Code     4  stm32f4xx_it.o(i.TIM2_IRQHandler)
    TIM4_IRQHandler                          0x08002ead   Thumb Code   196  stm32f4xx_it.o(i.TIM4_IRQHandler)
    TIM_ARRPreloadConfig                     0x08002f85   Thumb Code    20  stm32f4xx_tim.o(i.TIM_ARRPreloadConfig)
    TIM_ClearITPendingBit                    0x08002f99   Thumb Code     6  stm32f4xx_tim.o(i.TIM_ClearITPendingBit)
    TIM_Cmd                                  0x08002f9f   Thumb Code    20  stm32f4xx_tim.o(i.TIM_Cmd)
    TIM_GetCapture1                          0x08002fb3   Thumb Code     4  stm32f4xx_tim.o(i.TIM_GetCapture1)
    TIM_GetITStatus                          0x08002fb7   Thumb Code    24  stm32f4xx_tim.o(i.TIM_GetITStatus)
    TIM_ITConfig                             0x08002fcf   Thumb Code    16  stm32f4xx_tim.o(i.TIM_ITConfig)
    TIM_OC1Init                              0x0800309d   Thumb Code    88  stm32f4xx_tim.o(i.TIM_OC1Init)
    TIM_OC1PreloadConfig                     0x080030fd   Thumb Code    12  stm32f4xx_tim.o(i.TIM_OC1PreloadConfig)
    TIM_SetCompare1                          0x08003109   Thumb Code     4  stm32f4xx_tim.o(i.TIM_SetCompare1)
    TIM_TimeBaseInit                         0x0800310d   Thumb Code    96  stm32f4xx_tim.o(i.TIM_TimeBaseInit)
    TimingDelay_Decrement                    0x08003189   Thumb Code    16  waveplayer.o(i.TimingDelay_Decrement)
    USBH_Alloc_Channel                       0x0800319d   Thumb Code    52  usbh_hcs.o(i.USBH_Alloc_Channel)
    USBH_BulkReceiveData                     0x080031d1   Thumb Code    38  usbh_ioreq.o(i.USBH_BulkReceiveData)
    USBH_BulkSendData                        0x080031f7   Thumb Code    40  usbh_ioreq.o(i.USBH_BulkSendData)
    USBH_ClrFeature                          0x0800321f   Thumb Code    46  usbh_stdreq.o(i.USBH_ClrFeature)
    USBH_Connect                             0x0800324d   Thumb Code    18  usbh_core.o(i.USBH_Connect)
    USBH_CtlReceiveData                      0x0800325f   Thumb Code    34  usbh_ioreq.o(i.USBH_CtlReceiveData)
    USBH_CtlReq                              0x08003281   Thumb Code    80  usbh_ioreq.o(i.USBH_CtlReq)
    USBH_CtlSendData                         0x080032d1   Thumb Code    54  usbh_ioreq.o(i.USBH_CtlSendData)
    USBH_CtlSendSetup                        0x08003307   Thumb Code    36  usbh_ioreq.o(i.USBH_CtlSendSetup)
    USBH_DeAllocate_AllChannel               0x0800332b   Thumb Code    24  usbh_hcs.o(i.USBH_DeAllocate_AllChannel)
    USBH_DeInit                              0x08003343   Thumb Code    52  usbh_core.o(i.USBH_DeInit)
    USBH_Disconnect                          0x08003377   Thumb Code    18  usbh_core.o(i.USBH_Disconnect)
    USBH_ErrorHandle                         0x08003389   Thumb Code    44  usbh_core.o(i.USBH_ErrorHandle)
    USBH_Free_Channel                        0x080033b5   Thumb Code    26  usbh_hcs.o(i.USBH_Free_Channel)
    USBH_GetDescriptor                       0x080033cf   Thumb Code    48  usbh_stdreq.o(i.USBH_GetDescriptor)
    USBH_Get_CfgDesc                         0x0800340d   Thumb Code    58  usbh_stdreq.o(i.USBH_Get_CfgDesc)
    USBH_Get_DevDesc                         0x08003447   Thumb Code   132  usbh_stdreq.o(i.USBH_Get_DevDesc)
    USBH_Get_StringDesc                      0x080034cb   Thumb Code    72  usbh_stdreq.o(i.USBH_Get_StringDesc)
    USBH_HandleControl                       0x08003515   Thumb Code   458  usbh_core.o(i.USBH_HandleControl)
    USBH_Init                                0x08003879   Thumb Code    80  usbh_core.o(i.USBH_Init)
    USBH_MSC_BOT_Abort                       0x080038cd   Thumb Code    48  usbh_msc_bot.o(i.USBH_MSC_BOT_Abort)
    USBH_MSC_DecodeCSW                       0x08003911   Thumb Code    78  usbh_msc_bot.o(i.USBH_MSC_DecodeCSW)
    USBH_MSC_ErrorHandle                     0x0800396d   Thumb Code    42  usbh_msc_core.o(i.USBH_MSC_ErrorHandle)
    USBH_MSC_HandleBOTXfer                   0x08003b05   Thumb Code   502  usbh_msc_bot.o(i.USBH_MSC_HandleBOTXfer)
    USBH_MSC_Init                            0x08003d09   Thumb Code    40  usbh_msc_bot.o(i.USBH_MSC_Init)
    USBH_MSC_ModeSense6                      0x08003e1d   Thumb Code   142  usbh_msc_scsi.o(i.USBH_MSC_ModeSense6)
    USBH_MSC_Read10                          0x08003eb9   Thumb Code   204  usbh_msc_scsi.o(i.USBH_MSC_Read10)
    USBH_MSC_ReadCapacity10                  0x08003f91   Thumb Code   148  usbh_msc_scsi.o(i.USBH_MSC_ReadCapacity10)
    USBH_MSC_RequestSense                    0x08004031   Thumb Code   146  usbh_msc_scsi.o(i.USBH_MSC_RequestSense)
    USBH_MSC_TestUnitReady                   0x080040d1   Thumb Code   116  usbh_msc_scsi.o(i.USBH_MSC_TestUnitReady)
    USBH_MSC_Write10                         0x08004151   Thumb Code   148  usbh_msc_scsi.o(i.USBH_MSC_Write10)
    USBH_Modify_Channel                      0x080041ed   Thumb Code    50  usbh_hcs.o(i.USBH_Modify_Channel)
    USBH_OTG_ISR_Handler                     0x0800421f   Thumb Code   168  usb_hcd_int.o(i.USBH_OTG_ISR_Handler)
    USBH_Open_Channel                        0x080042c7   Thumb Code    80  usbh_hcs.o(i.USBH_Open_Channel)
    USBH_Process                             0x08004401   Thumb Code   426  usbh_core.o(i.USBH_Process)
    USBH_SetAddress                          0x080045ab   Thumb Code    24  usbh_stdreq.o(i.USBH_SetAddress)
    USBH_SetCfg                              0x080045c3   Thumb Code    24  usbh_stdreq.o(i.USBH_SetCfg)
    USBH_USR_Configuration_DescAvailable     0x080045db   Thumb Code     2  usbh_usr.o(i.USBH_USR_Configuration_DescAvailable)
    USBH_USR_DeInit                          0x080045dd   Thumb Code     8  usbh_usr.o(i.USBH_USR_DeInit)
    USBH_USR_DeviceAddressAssigned           0x080045e9   Thumb Code     2  usbh_usr.o(i.USBH_USR_DeviceAddressAssigned)
    USBH_USR_DeviceAttached                  0x080045ed   Thumb Code    40  usbh_usr.o(i.USBH_USR_DeviceAttached)
    USBH_USR_DeviceDisconnected              0x08004621   Thumb Code    72  usbh_usr.o(i.USBH_USR_DeviceDisconnected)
    USBH_USR_DeviceNotSupported              0x0800467d   Thumb Code     2  usbh_usr.o(i.USBH_USR_DeviceNotSupported)
    USBH_USR_DeviceSpeedDetected             0x0800467f   Thumb Code     2  usbh_usr.o(i.USBH_USR_DeviceSpeedDetected)
    USBH_USR_Device_DescAvailable            0x08004681   Thumb Code     2  usbh_usr.o(i.USBH_USR_Device_DescAvailable)
    USBH_USR_EnumerationDone                 0x08004683   Thumb Code    18  usbh_usr.o(i.USBH_USR_EnumerationDone)
    USBH_USR_Init                            0x08004695   Thumb Code     2  usbh_usr.o(i.USBH_USR_Init)
    USBH_USR_MSC_Application                 0x08004699   Thumb Code    62  usbh_usr.o(i.USBH_USR_MSC_Application)
    USBH_USR_Manufacturer_String             0x080046e5   Thumb Code     2  usbh_usr.o(i.USBH_USR_Manufacturer_String)
    USBH_USR_OverCurrentDetected             0x080046e7   Thumb Code     2  usbh_usr.o(i.USBH_USR_OverCurrentDetected)
    USBH_USR_Product_String                  0x080046e9   Thumb Code     2  usbh_usr.o(i.USBH_USR_Product_String)
    USBH_USR_ResetDevice                     0x080046eb   Thumb Code     2  usbh_usr.o(i.USBH_USR_ResetDevice)
    USBH_USR_SerialNum_String                0x080046ed   Thumb Code     2  usbh_usr.o(i.USBH_USR_SerialNum_String)
    USBH_USR_UnrecoveredError                0x080046ef   Thumb Code     2  usbh_usr.o(i.USBH_USR_UnrecoveredError)
    USBH_USR_UserInput                       0x080046f1   Thumb Code     4  usbh_usr.o(i.USBH_USR_UserInput)
    USB_OTG_BSP_ConfigVBUS                   0x080046f5   Thumb Code    60  usb_bsp.o(i.USB_OTG_BSP_ConfigVBUS)
    USB_OTG_BSP_DriveVBUS                    0x08004735   Thumb Code    18  usb_bsp.o(i.USB_OTG_BSP_DriveVBUS)
    USB_OTG_BSP_EnableInterrupt              0x0800474d   Thumb Code    64  usb_bsp.o(i.USB_OTG_BSP_EnableInterrupt)
    USB_OTG_BSP_Init                         0x0800478d   Thumb Code   180  usb_bsp.o(i.USB_OTG_BSP_Init)
    USB_OTG_BSP_TimerIRQ                     0x08004845   Thumb Code    50  usb_bsp.o(i.USB_OTG_BSP_TimerIRQ)
    USB_OTG_BSP_mDelay                       0x0800487d   Thumb Code     6  usb_bsp.o(i.USB_OTG_BSP_mDelay)
    USB_OTG_BSP_uDelay                       0x08004883   Thumb Code     6  usb_bsp.o(i.USB_OTG_BSP_uDelay)
    USB_OTG_CoreInit                         0x08004889   Thumb Code   218  usb_core.o(i.USB_OTG_CoreInit)
    USB_OTG_CoreInitHost                     0x08004965   Thumb Code   150  usb_core.o(i.USB_OTG_CoreInitHost)
    USB_OTG_DisableGlobalInt                 0x08004a55   Thumb Code    16  usb_core.o(i.USB_OTG_DisableGlobalInt)
    USB_OTG_DriveVbus                        0x08004a65   Thumb Code    52  usb_core.o(i.USB_OTG_DriveVbus)
    USB_OTG_EnableGlobalInt                  0x08004a99   Thumb Code    16  usb_core.o(i.USB_OTG_EnableGlobalInt)
    USB_OTG_EnableHostInt                    0x08004aa9   Thumb Code    62  usb_core.o(i.USB_OTG_EnableHostInt)
    USB_OTG_FlushRxFifo                      0x08004aed   Thumb Code    52  usb_core.o(i.USB_OTG_FlushRxFifo)
    USB_OTG_FlushTxFifo                      0x08004b25   Thumb Code    60  usb_core.o(i.USB_OTG_FlushTxFifo)
    USB_OTG_HC_DoPing                        0x08004b65   Thumb Code    42  usb_core.o(i.USB_OTG_HC_DoPing)
    USB_OTG_HC_Halt                          0x08004b8f   Thumb Code    60  usb_core.o(i.USB_OTG_HC_Halt)
    USB_OTG_HC_Init                          0x08004bcb   Thumb Code   236  usb_core.o(i.USB_OTG_HC_Init)
    USB_OTG_HC_StartXfer                     0x08004cb7   Thumb Code   258  usb_core.o(i.USB_OTG_HC_StartXfer)
    USB_OTG_InitFSLSPClkSel                  0x08004db9   Thumb Code    12  usb_core.o(i.USB_OTG_InitFSLSPClkSel)
    USB_OTG_IsEvenFrame                      0x08004dc5   Thumb Code    12  usb_core.o(i.USB_OTG_IsEvenFrame)
    USB_OTG_IsHostMode                       0x08004dd1   Thumb Code    14  usb_core.o(i.USB_OTG_IsHostMode)
    USB_OTG_ReadCoreItr                      0x08004ddf   Thumb Code    10  usb_core.o(i.USB_OTG_ReadCoreItr)
    USB_OTG_ReadHPRT0                        0x08004de9   Thumb Code    12  usb_core.o(i.USB_OTG_ReadHPRT0)
    USB_OTG_ReadHostAllChannels_intr         0x08004df5   Thumb Code     6  usb_core.o(i.USB_OTG_ReadHostAllChannels_intr)
    USB_OTG_ReadPacket                       0x08004dfb   Thumb Code    32  usb_core.o(i.USB_OTG_ReadPacket)
    USB_OTG_ResetPort                        0x08004e1b   Thumb Code    42  usb_core.o(i.USB_OTG_ResetPort)
    USB_OTG_SelectCore                       0x08004e45   Thumb Code   188  usb_core.o(i.USB_OTG_SelectCore)
    USB_OTG_SetCurrentMode                   0x08004f05   Thumb Code    42  usb_core.o(i.USB_OTG_SetCurrentMode)
    USB_OTG_WritePacket                      0x08005c99   Thumb Code    40  usb_core.o(i.USB_OTG_WritePacket)
    UsageFault_Handler                       0x08005cc1   Thumb Code     2  stm32f4xx_it.o(i.UsageFault_Handler)
    WavaRecorderHeaderInit                   0x08005cc3   Thumb Code   182  waverecorder.o(i.WavaRecorderHeaderInit)
    WavePlayBack                             0x08005d79   Thumb Code   266  waveplayer.o(i.WavePlayBack)
    WavePlayerInit                           0x08005eb1   Thumb Code    34  waveplayer.o(i.WavePlayerInit)
    WavePlayerStart                          0x08005ed9   Thumb Code   136  waveplayer.o(i.WavePlayerStart)
    WavePlayer_CallBack                      0x08005f99   Thumb Code    76  waveplayer.o(i.WavePlayer_CallBack)
    WaveRecorderInit                         0x08006171   Thumb Code   256  waverecorder.o(i.WaveRecorderInit)
    WaveRecorderStart                        0x08006291   Thumb Code    40  waverecorder.o(i.WaveRecorderStart)
    WaveRecorderStop                         0x080062c1   Thumb Code    24  waverecorder.o(i.WaveRecorderStop)
    WaveRecorderUpdate                       0x080062e1   Thumb Code   482  waverecorder.o(i.WaveRecorderUpdate)
    __scatterload_copy                       0x080064f9   Thumb Code    14  handlers.o(i.__scatterload_copy)
    __scatterload_null                       0x08006507   Thumb Code     2  handlers.o(i.__scatterload_null)
    __scatterload_zeroinit                   0x08006509   Thumb Code    14  handlers.o(i.__scatterload_zeroinit)
    chk_mounted                              0x08006575   Thumb Code   472  ff.o(i.chk_mounted)
    clust2sect                               0x08006759   Thumb Code    24  ff.o(i.clust2sect)
    disk_initialize                          0x08006b65   Thumb Code    24  usbh_msc_fatfs.o(i.disk_initialize)
    disk_ioctl                               0x08006b85   Thumb Code    56  usbh_msc_fatfs.o(i.disk_ioctl)
    disk_read                                0x08006bc5   Thumb Code    86  usbh_msc_fatfs.o(i.disk_read)
    disk_status                              0x08006c29   Thumb Code    12  usbh_msc_fatfs.o(i.disk_status)
    disk_write                               0x08006c39   Thumb Code    96  usbh_msc_fatfs.o(i.disk_write)
    f_close                                  0x08006ca5   Thumb Code    18  ff.o(i.f_close)
    f_lseek                                  0x08006cb7   Thumb Code   344  ff.o(i.f_lseek)
    f_mount                                  0x08006e11   Thumb Code    26  ff.o(i.f_mount)
    f_open                                   0x08006e31   Thumb Code   330  ff.o(i.f_open)
    f_opendir                                0x08006f7b   Thumb Code    78  ff.o(i.f_opendir)
    f_read                                   0x08006fc9   Thumb Code   370  ff.o(i.f_read)
    f_sync                                   0x0800713b   Thumb Code   164  ff.o(i.f_sync)
    f_unlink                                 0x080071df   Thumb Code   144  ff.o(i.f_unlink)
    f_write                                  0x0800726f   Thumb Code   430  ff.o(i.f_write)
    get_fat                                  0x080074d9   Thumb Code   206  ff.o(i.get_fat)
    get_fattime                              0x080075a7   Thumb Code     4  fattime.o(i.get_fattime)
    main                                     0x080075ad   Thumb Code   134  main.o(i.main)
    put_fat                                  0x080076d7   Thumb Code   306  ff.o(i.put_fat)
    BUTTON_PORT_SOURCE                       0x08007944   Data           1  stm32f4_discovery.o(.constdata)
    BUTTON_PIN_SOURCE                        0x08007945   Data           1  stm32f4_discovery.o(.constdata)
    BUTTON_IRQn                              0x08007946   Data           1  stm32f4_discovery.o(.constdata)
    BUTTON_PIN                               0x08007948   Data           2  stm32f4_discovery.o(.constdata)
    BUTTON_EXTI_LINE                         0x0800794a   Data           2  stm32f4_discovery.o(.constdata)
    BUTTON_CLK                               0x0800794c   Data           4  stm32f4_discovery.o(.constdata)
    GPIO_PIN                                 0x08007950   Data           8  stm32f4_discovery.o(.constdata)
    GPIO_CLK                                 0x08007958   Data          16  stm32f4_discovery.o(.constdata)
    Region$$Table$$Base                      0x08007a2c   Number         0  anon$$obj.o(Region$$Table)
    Region$$Table$$Limit                     0x08007a4c   Number         0  anon$$obj.o(Region$$Table)
    RepeatState                              0x20000000   Data           1  main.o(.data)
    CCR_Val                                  0x20000002   Data           2  main.o(.data)
    PauseResumeStatus                        0x20000004   Data           1  stm32f4xx_it.o(.data)
    Count                                    0x20000005   Data           1  stm32f4xx_it.o(.data)
    LED_Toggle                               0x20000006   Data           1  stm32f4xx_it.o(.data)
    capture                                  0x20000008   Data           2  stm32f4xx_it.o(.data)
    Time_Rec_Base                            0x2000000a   Data           2  stm32f4xx_it.o(.data)
    SystemCoreClock                          0x2000000c   Data           4  system_stm32f4xx.o(.data)
    AHBPrescTable                            0x20000010   Data          16  system_stm32f4xx.o(.data)
    BSP_delay                                0x20000020   Data           4  usb_bsp.o(.data)
    Command_index                            0x20000024   Data           1  usbh_usr.o(.data)
    USR_Callbacks                            0x20000028   Data          72  usbh_usr.o(.data)
    WaveFileStatus                           0x20000070   Data           1  waveplayer.o(.data)
    buffer_switch                            0x20000071   Data           1  waveplayer.o(.data)
    volume                                   0x20000072   Data           1  waveplayer.o(.data)
    AudioPlayStart                           0x20000073   Data           1  waveplayer.o(.data)
    XferCplt                                 0x2000007c   Data           4  waveplayer.o(.data)
    WaveDataLength                           0x20000080   Data           4  waveplayer.o(.data)
    BytesRead                                0x20000088   Data           4  waveplayer.o(.data)
    WaveCounter                              0x2000008c   Data           4  waveplayer.o(.data)
    Buffer                                   0x20000094   Data           6  waveplayer.o(.data)
    WaveRecStatus                            0x2000009c   Data           1  waverecorder.o(.data)
    Switch                                   0x2000009d   Data           1  waverecorder.o(.data)
    buf_idx                                  0x2000009e   Data           2  waverecorder.o(.data)
    buf_idx1                                 0x200000a0   Data           2  waverecorder.o(.data)
    counter                                  0x200000a2   Data           2  waverecorder.o(.data)
    bytesWritten                             0x200000a4   Data           2  waverecorder.o(.data)
    AudioRecBitRes                           0x200000ac   Data           4  waverecorder.o(.data)
    Data_Status                              0x200000b0   Data           4  waverecorder.o(.data)
    AudioRecChnlNbr                          0x200000b4   Data           4  waverecorder.o(.data)
    AudioRecCurrSize                         0x200000b8   Data           4  waverecorder.o(.data)
    writebuffer                              0x200000c0   Data           4  waverecorder.o(.data)
    pAudioRecBuf                             0x200000c4   Data           4  waverecorder.o(.data)
    BUTTON_PORT                              0x200000c8   Data           4  stm32f4_discovery.o(.data)
    GPIO_PORT                                0x200000cc   Data          16  stm32f4_discovery.o(.data)
    LIS302DLTimeout                          0x200000dc   Data           4  stm32f4_discovery_lis302dl.o(.data)
    OutputDev                                0x200000e0   Data           1  stm32f4_discovery_audio_codec.o(.data)
    AudioTotalSize                           0x200000e4   Data           4  stm32f4_discovery_audio_codec.o(.data)
    AudioRemSize                             0x200000e8   Data           4  stm32f4_discovery_audio_codec.o(.data)
    CODECTimeout                             0x200000ec   Data           4  stm32f4_discovery_audio_codec.o(.data)
    CurrAudioInterface                       0x200000f0   Data           4  stm32f4_discovery_audio_codec.o(.data)
    AUDIO_MAL_DMA_CLOCK                      0x200000f4   Data           4  stm32f4_discovery_audio_codec.o(.data)
    AUDIO_MAL_DMA_STREAM                     0x200000f8   Data           4  stm32f4_discovery_audio_codec.o(.data)
    AUDIO_MAL_DMA_DREG                       0x200000fc   Data           4  stm32f4_discovery_audio_codec.o(.data)
    AUDIO_MAL_DMA_CHANNEL                    0x20000100   Data           4  stm32f4_discovery_audio_codec.o(.data)
    AUDIO_MAL_DMA_IRQ                        0x20000104   Data           4  stm32f4_discovery_audio_codec.o(.data)
    AUDIO_MAL_DMA_FLAG_TC                    0x20000108   Data           4  stm32f4_discovery_audio_codec.o(.data)
    AUDIO_MAL_DMA_FLAG_HT                    0x2000010c   Data           4  stm32f4_discovery_audio_codec.o(.data)
    AUDIO_MAL_DMA_FLAG_FE                    0x20000110   Data           4  stm32f4_discovery_audio_codec.o(.data)
    AUDIO_MAL_DMA_FLAG_TE                    0x20000114   Data           4  stm32f4_discovery_audio_codec.o(.data)
    AUDIO_MAL_DMA_FLAG_DME                   0x20000118   Data           4  stm32f4_discovery_audio_codec.o(.data)
    CurrentPos                               0x2000011c   Data           4  stm32f4_discovery_audio_codec.o(.data)
    MSCErrorCount                            0x20000144   Data           1  usbh_msc_core.o(.data)
    USBH_MSC_cb                              0x20000148   Data          16  usbh_msc_core.o(.data)
    USBH_DeviceConnStatus_cb                 0x20000160   Data          12  usbh_core.o(.data)
    stm32_crc                                0x20000174   Data           4  pdm_filter.o(.data)
    T0                                       0x20000178   Data         256  pdm_filter.o(.data)
    T1                                       0x20000278   Data         256  pdm_filter.o(.data)
    T2                                       0x20000378   Data         256  pdm_filter.o(.data)
    USB_OTG_Core                             0x20000478   Data        1200  main.o(.bss)
    USB_Host                                 0x20000928   Data         132  main.o(.bss)
    RCC_Clocks                               0x200009ac   Data          16  main.o(.bss)
    fatfs                                    0x200009bc   Data        1072  usbh_usr.o(.bss)
    file                                     0x20000dec   Data        1060  usbh_usr.o(.bss)
    fileR                                    0x20001210   Data        1060  usbh_usr.o(.bss)
    dir                                      0x20001634   Data          28  usbh_usr.o(.bss)
    buffer1                                  0x20001650   Data        2048  waveplayer.o(.bss)
    buffer2                                  0x20001e50   Data        2048  waveplayer.o(.bss)
    WAVE_Format                              0x20002650   Data          24  waveplayer.o(.bss)
    RAM_Buf                                  0x20002668   Data        3000  waverecorder.o(.bss)
    RAM_Buf1                                 0x20003220   Data        3000  waverecorder.o(.bss)
    Filter                                   0x20003dd8   Data          52  waverecorder.o(.bss)
    RecBuf                                   0x20003e0c   Data          32  waverecorder.o(.bss)
    RecBuf1                                  0x20003e2c   Data          32  waverecorder.o(.bss)
    RecBufHeader                             0x20003e4c   Data         512  waverecorder.o(.bss)
    DMA_InitStructure                        0x200040cc   Data          60  stm32f4_discovery_audio_codec.o(.bss)
    USBH_MSC_Param                           0x20004108   Data          16  usbh_msc_scsi.o(.bss)
    USBH_DataInBuffer                        0x20004118   Data         512  usbh_msc_scsi.o(.bss)
    USBH_MSC_CBWData                         0x20004318   Data          32  usbh_msc_bot.o(.bss)
    USBH_MSC_CSWData                         0x20004338   Data          16  usbh_msc_bot.o(.bss)
    USBH_MSC_BOTXferParam                    0x20004348   Data          16  usbh_msc_bot.o(.bss)
    MSC_Machine                              0x20004358   Data          74  usbh_msc_core.o(.bss)
    __initial_sp                             0x200047a8   Data           0  startup_stm32f4xx.o(STACK)



==============================================================================

Memory Map of the image

  Image Entry point : 0x08000189

  Load Region LR_IROM1 (Base: 0x08000000, Size: 0x00007ec4, Max: 0x00100000, ABSOLUTE, COMPRESSED[0x00007d04])

    Execution Region ER_IROM1 (Base: 0x08000000, Size: 0x00007a4c, Max: 0x00100000, ABSOLUTE)

    Base Addr    Size         Type   Attr      Idx    E Section Name        Object

    0x08000000   0x00000188   Data   RO         3255    RESET               startup_stm32f4xx.o
    0x08000188   0x00000000   Code   RO         4259  * .ARM.Collect$$$$00000000  mc_w.l(entry.o)
    0x08000188   0x00000004   Code   RO         4276    .ARM.Collect$$$$00000001  mc_w.l(entry2.o)
    0x0800018c   0x00000004   Code   RO         4279    .ARM.Collect$$$$00000004  mc_w.l(entry5.o)
    0x08000190   0x00000000   Code   RO         4281    .ARM.Collect$$$$00000008  mc_w.l(entry7b.o)
    0x08000190   0x00000000   Code   RO         4283    .ARM.Collect$$$$0000000A  mc_w.l(entry8b.o)
    0x08000190   0x00000008   Code   RO         4284    .ARM.Collect$$$$0000000B  mc_w.l(entry9a.o)
    0x08000198   0x00000000   Code   RO         4286    .ARM.Collect$$$$0000000D  mc_w.l(entry10a.o)
    0x08000198   0x00000000   Code   RO         4288    .ARM.Collect$$$$0000000F  mc_w.l(entry11a.o)
    0x08000198   0x00000004   Code   RO         4277    .ARM.Collect$$$$00002712  mc_w.l(entry2.o)
    0x0800019c   0x00000024   Code   RO         3256    .text               startup_stm32f4xx.o
    0x080001c0   0x00000bfc   Code   RO         4256    .text               libPDMFilter_Keil.lib(pdm_filter.o)
    0x08000dbc   0x00000018   Code   RO         4262    .text               mf_w.l(fscalb.o)
    0x08000dd4   0x0000014e   Code   RO         4264    .text               mf_w.l(dadd.o)
    0x08000f22   0x000000e4   Code   RO         4266    .text               mf_w.l(dmul.o)
    0x08001006   0x000000de   Code   RO         4268    .text               mf_w.l(ddiv.o)
    0x080010e4   0x0000001a   Code   RO         4270    .text               mf_w.l(dfltui.o)
    0x080010fe   0x00000032   Code   RO         4272    .text               mf_w.l(dfixui.o)
    0x08001130   0x00000026   Code   RO         4274    .text               mf_w.l(f2d.o)
    0x08001156   0x0000001e   Code   RO         4290    .text               mc_w.l(llshl.o)
    0x08001174   0x00000020   Code   RO         4292    .text               mc_w.l(llushr.o)
    0x08001194   0x00000024   Code   RO         4294    .text               mc_w.l(llsshr.o)
    0x080011b8   0x00000000   Code   RO         4296    .text               mc_w.l(iusefp.o)
    0x080011b8   0x000000be   Code   RO         4297    .text               mf_w.l(depilogue.o)
    0x08001276   0x00000002   PAD
    0x08001278   0x00000024   Code   RO         4299    .text               mc_w.l(init.o)
    0x0800129c   0x0000005c   Code   RO         4309    .text               mc_w.l(__dczerorl2.o)
    0x080012f8   0x0000009c   Code   RO          903    i.Audio_MAL_IRQHandler  stm32f4_discovery_audio_codec.o
    0x08001394   0x000000cc   Code   RO          904    i.Audio_MAL_Init    stm32f4_discovery_audio_codec.o
    0x08001460   0x00000050   Code   RO          905    i.Audio_MAL_Play    stm32f4_discovery_audio_codec.o
    0x080014b0   0x00000024   Code   RO          378    i.BSP_Delay         usb_bsp.o
    0x080014d4   0x0000006a   Code   RO          380    i.BSP_SetTime       usb_bsp.o
    0x0800153e   0x00000002   Code   RO          247    i.BusFault_Handler  stm32f4xx_it.o
    0x08001540   0x00000028   Code   RO          450    i.COMMAND_AudioExecuteApplication  usbh_usr.o
    0x08001568   0x0000006c   Code   RO          906    i.Codec_AudioInterface_Init  stm32f4_discovery_audio_codec.o
    0x080015d4   0x0000011c   Code   RO          908    i.Codec_GPIO_Init   stm32f4_discovery_audio_codec.o
    0x080016f0   0x00000128   Code   RO          909    i.Codec_Init        stm32f4_discovery_audio_codec.o
    0x08001818   0x00000018   Code   RO          910    i.Codec_Mute        stm32f4_discovery_audio_codec.o
    0x08001830   0x00000170   Code   RO          911    i.Codec_ReadRegister  stm32f4_discovery_audio_codec.o
    0x080019a0   0x00000028   Code   RO          912    i.Codec_Reset       stm32f4_discovery_audio_codec.o
    0x080019c8   0x00000004   Code   RO          592    i.Codec_TIMEOUT_UserCallback  waveplayer.o
    0x080019cc   0x00000026   Code   RO          913    i.Codec_VolumeCtrl  stm32f4_discovery_audio_codec.o
    0x080019f2   0x00000002   PAD
    0x080019f4   0x00000100   Code   RO          914    i.Codec_WriteRegister  stm32f4_discovery_audio_codec.o
    0x08001af4   0x00000018   Code   RO         1491    i.DAC_Cmd           stm32f4xx_dac.o
    0x08001b0c   0x00000050   Code   RO          915    i.DAC_Config        stm32f4_discovery_audio_codec.o
    0x08001b5c   0x00000028   Code   RO         1499    i.DAC_Init          stm32f4xx_dac.o
    0x08001b84   0x00000014   Code   RO         1500    i.DAC_SetChannel1Data  stm32f4xx_dac.o
    0x08001b98   0x00000004   Code   RO          916    i.DMA1_Stream0_IRQHandler  stm32f4_discovery_audio_codec.o
    0x08001b9c   0x00000004   Code   RO          917    i.DMA1_Stream7_IRQHandler  stm32f4_discovery_audio_codec.o
    0x08001ba0   0x0000002c   Code   RO         1601    i.DMA_ClearFlag     stm32f4xx_dma.o
    0x08001bcc   0x00000014   Code   RO         1603    i.DMA_Cmd           stm32f4xx_dma.o
    0x08001be0   0x00000124   Code   RO         1604    i.DMA_DeInit        stm32f4xx_dma.o
    0x08001d04   0x0000000e   Code   RO         1608    i.DMA_GetCmdStatus  stm32f4xx_dma.o
    0x08001d12   0x00000002   PAD
    0x08001d14   0x00000034   Code   RO         1612    i.DMA_GetFlagStatus  stm32f4xx_dma.o
    0x08001d48   0x00000034   Code   RO         1614    i.DMA_ITConfig      stm32f4xx_dma.o
    0x08001d7c   0x00000054   Code   RO         1615    i.DMA_Init          stm32f4xx_dma.o
    0x08001dd0   0x00000002   Code   RO          248    i.DebugMon_Handler  stm32f4xx_it.o
    0x08001dd2   0x00000002   PAD
    0x08001dd4   0x00000014   Code   RO          593    i.Delay             waveplayer.o
    0x08001de8   0x00000010   Code   RO          918    i.Delay             stm32f4_discovery_audio_codec.o
    0x08001df8   0x00000004   Code   RO          595    i.EVAL_AUDIO_GetSampleCallBack  waveplayer.o
    0x08001dfc   0x00000028   Code   RO          920    i.EVAL_AUDIO_Init   stm32f4_discovery_audio_codec.o
    0x08001e24   0x00000084   Code   RO          922    i.EVAL_AUDIO_PauseResume  stm32f4_discovery_audio_codec.o
    0x08001ea8   0x0000008c   Code   RO          924    i.EVAL_AUDIO_SetAudioInterface  stm32f4_discovery_audio_codec.o
    0x08001f34   0x00000078   Code   RO          925    i.EVAL_AUDIO_Stop   stm32f4_discovery_audio_codec.o
    0x08001fac   0x00000024   Code   RO          597    i.EVAL_AUDIO_TransferComplete_CallBack  waveplayer.o
    0x08001fd0   0x00000044   Code   RO          249    i.EXTI0_IRQHandler  stm32f4xx_it.o
    0x08002014   0x00000034   Code   RO          250    i.EXTI1_IRQHandler  stm32f4xx_it.o
    0x08002048   0x00000074   Code   RO          598    i.EXTILine_Config   waveplayer.o
    0x080020bc   0x0000000c   Code   RO         1726    i.EXTI_ClearITPendingBit  stm32f4xx_exti.o
    0x080020c8   0x00000020   Code   RO         1730    i.EXTI_GetITStatus  stm32f4xx_exti.o
    0x080020e8   0x00000070   Code   RO         1731    i.EXTI_Init         stm32f4xx_exti.o
    0x08002158   0x000000a2   Code   RO         1974    i.GPIO_Init         stm32f4xx_gpio.o
    0x080021fa   0x00000020   Code   RO         1975    i.GPIO_PinAFConfig  stm32f4xx_gpio.o
    0x0800221a   0x00000004   Code   RO         1981    i.GPIO_ResetBits    stm32f4xx_gpio.o
    0x0800221e   0x00000004   Code   RO         1982    i.GPIO_SetBits      stm32f4xx_gpio.o
    0x08002222   0x0000000a   Code   RO         1986    i.GPIO_WriteBit     stm32f4xx_gpio.o
    0x0800222c   0x00000008   Code   RO         3501    i.HCD_GetCurrentFrame  usb_hcd.o
    0x08002234   0x0000000c   Code   RO         3502    i.HCD_GetCurrentSpeed  usb_hcd.o
    0x08002240   0x00000008   Code   RO         3504    i.HCD_GetURB_State  usb_hcd.o
    0x08002248   0x0000000a   Code   RO         3505    i.HCD_GetXferCnt    usb_hcd.o
    0x08002252   0x00000056   Code   RO         3507    i.HCD_Init          usb_hcd.o
    0x080022a8   0x00000006   Code   RO         3508    i.HCD_IsDeviceConnected  usb_hcd.o
    0x080022ae   0x0000000a   Code   RO         3509    i.HCD_ResetPort     usb_hcd.o
    0x080022b8   0x00000014   Code   RO         3510    i.HCD_SubmitRequest  usb_hcd.o
    0x080022cc   0x00000002   Code   RO          251    i.HardFault_Handler  stm32f4xx_it.o
    0x080022ce   0x00000014   Code   RO         2068    i.I2C_AcknowledgeConfig  stm32f4xx_i2c.o
    0x080022e2   0x00000018   Code   RO         2070    i.I2C_CheckEvent    stm32f4xx_i2c.o
    0x080022fa   0x00000006   Code   RO         2071    i.I2C_ClearFlag     stm32f4xx_i2c.o
    0x08002300   0x00000014   Code   RO         2073    i.I2C_Cmd           stm32f4xx_i2c.o
    0x08002314   0x00000044   Code   RO         2076    i.I2C_DeInit        stm32f4xx_i2c.o
    0x08002358   0x00000014   Code   RO         2080    i.I2C_GenerateSTART  stm32f4xx_i2c.o
    0x0800236c   0x00000014   Code   RO         2081    i.I2C_GenerateSTOP  stm32f4xx_i2c.o
    0x08002380   0x0000002a   Code   RO         2082    i.I2C_GetFlagStatus  stm32f4xx_i2c.o
    0x080023aa   0x00000002   PAD
    0x080023ac   0x000000b4   Code   RO         2087    i.I2C_Init          stm32f4xx_i2c.o
    0x08002460   0x00000006   Code   RO         2092    i.I2C_ReceiveData   stm32f4xx_i2c.o
    0x08002466   0x00000010   Code   RO         2094    i.I2C_Send7bitAddress  stm32f4xx_i2c.o
    0x08002476   0x00000004   Code   RO         2095    i.I2C_SendData      stm32f4xx_i2c.o
    0x0800247a   0x00000014   Code   RO         2551    i.I2S_Cmd           stm32f4xx_spi.o
    0x0800248e   0x00000002   PAD
    0x08002490   0x000000c8   Code   RO         2553    i.I2S_Init          stm32f4xx_spi.o
    0x08002558   0x00000030   Code   RO          823    i.LIS302DL_Init     stm32f4_discovery_lis302dl.o
    0x08002588   0x0000002e   Code   RO          824    i.LIS302DL_InterruptConfig  stm32f4_discovery_lis302dl.o
    0x080025b6   0x00000002   PAD
    0x080025b8   0x00000120   Code   RO          825    i.LIS302DL_LowLevel_Init  stm32f4_discovery_lis302dl.o
    0x080026d8   0x0000004c   Code   RO          827    i.LIS302DL_Read     stm32f4_discovery_lis302dl.o
    0x08002724   0x00000064   Code   RO          830    i.LIS302DL_SendByte  stm32f4_discovery_lis302dl.o
    0x08002788   0x00000002   Code   RO          599    i.LIS302DL_TIMEOUT_UserCallback  waveplayer.o
    0x0800278a   0x00000002   PAD
    0x0800278c   0x00000044   Code   RO          831    i.LIS302DL_Write    stm32f4_discovery_lis302dl.o
    0x080027d0   0x00000002   Code   RO          252    i.MemManage_Handler  stm32f4xx_it.o
    0x080027d2   0x000000bc   Code   RO          600    i.Mems_Config       waveplayer.o
    0x0800288e   0x00000002   Code   RO          253    i.NMI_Handler       stm32f4xx_it.o
    0x08002890   0x00000064   Code   RO         1211    i.NVIC_Init         misc.o
    0x080028f4   0x00000014   Code   RO         1212    i.NVIC_PriorityGroupConfig  misc.o
    0x08002908   0x00000014   Code   RO         1213    i.NVIC_SetVectorTable  misc.o
    0x0800291c   0x0000000c   Code   RO          254    i.OTG_FS_IRQHandler  stm32f4xx_it.o
    0x08002928   0x00000002   Code   RO          255    i.PendSV_Handler    stm32f4xx_it.o
    0x0800292a   0x00000002   PAD
    0x0800292c   0x00000018   Code   RO         2275    i.RCC_AHB1PeriphClockCmd  stm32f4xx_rcc.o
    0x08002944   0x00000018   Code   RO         2278    i.RCC_AHB2PeriphClockCmd  stm32f4xx_rcc.o
    0x0800295c   0x00000018   Code   RO         2284    i.RCC_APB1PeriphClockCmd  stm32f4xx_rcc.o
    0x08002974   0x00000018   Code   RO         2286    i.RCC_APB1PeriphResetCmd  stm32f4xx_rcc.o
    0x0800298c   0x00000018   Code   RO         2287    i.RCC_APB2PeriphClockCmd  stm32f4xx_rcc.o
    0x080029a4   0x00000018   Code   RO         2289    i.RCC_APB2PeriphResetCmd  stm32f4xx_rcc.o
    0x080029bc   0x00000090   Code   RO         2296    i.RCC_GetClocksFreq  stm32f4xx_rcc.o
    0x08002a4c   0x00000022   Code   RO          601    i.ReadUnit          waveplayer.o
    0x08002a6e   0x00000002   PAD
    0x08002a70   0x00000050   Code   RO          719    i.SPI2_IRQHandler   waverecorder.o
    0x08002ac0   0x00000040   Code   RO          927    i.SPI3_IRQHandler   stm32f4_discovery_audio_codec.o
    0x08002b00   0x00000014   Code   RO         2557    i.SPI_Cmd           stm32f4xx_spi.o
    0x08002b14   0x00000010   Code   RO         2563    i.SPI_I2S_DMACmd    stm32f4xx_spi.o
    0x08002b24   0x00000054   Code   RO         2564    i.SPI_I2S_DeInit    stm32f4xx_spi.o
    0x08002b78   0x0000000e   Code   RO         2565    i.SPI_I2S_GetFlagStatus  stm32f4xx_spi.o
    0x08002b86   0x0000002a   Code   RO         2566    i.SPI_I2S_GetITStatus  stm32f4xx_spi.o
    0x08002bb0   0x00000018   Code   RO         2567    i.SPI_I2S_ITConfig  stm32f4xx_spi.o
    0x08002bc8   0x00000004   Code   RO         2568    i.SPI_I2S_ReceiveData  stm32f4xx_spi.o
    0x08002bcc   0x00000004   Code   RO         2569    i.SPI_I2S_SendData  stm32f4xx_spi.o
    0x08002bd0   0x00000038   Code   RO         2570    i.SPI_Init          stm32f4xx_spi.o
    0x08002c08   0x00000048   Code   RO          769    i.STM_EVAL_LEDInit  stm32f4_discovery.o
    0x08002c50   0x00000018   Code   RO          770    i.STM_EVAL_LEDOff   stm32f4_discovery.o
    0x08002c68   0x00000018   Code   RO          771    i.STM_EVAL_LEDOn    stm32f4_discovery.o
    0x08002c80   0x0000001c   Code   RO          772    i.STM_EVAL_LEDToggle  stm32f4_discovery.o
    0x08002c9c   0x00000098   Code   RO          774    i.STM_EVAL_PBInit   stm32f4_discovery.o
    0x08002d34   0x00000002   Code   RO          256    i.SVC_Handler       stm32f4xx_it.o
    0x08002d36   0x00000002   PAD
    0x08002d38   0x00000028   Code   RO         1168    i.SYSCFG_EXTILineConfig  stm32f4xx_syscfg.o
    0x08002d60   0x000000d8   Code   RO          345    i.SetSysClock       system_stm32f4xx.o
    0x08002e38   0x00000020   Code   RO          257    i.SysTick_Handler   stm32f4xx_it.o
    0x08002e58   0x00000050   Code   RO          347    i.SystemInit        system_stm32f4xx.o
    0x08002ea8   0x00000004   Code   RO          258    i.TIM2_IRQHandler   stm32f4xx_it.o
    0x08002eac   0x000000d8   Code   RO          259    i.TIM4_IRQHandler   stm32f4xx_it.o
    0x08002f84   0x00000014   Code   RO         2713    i.TIM_ARRPreloadConfig  stm32f4xx_tim.o
    0x08002f98   0x00000006   Code   RO         2720    i.TIM_ClearITPendingBit  stm32f4xx_tim.o
    0x08002f9e   0x00000014   Code   RO         2725    i.TIM_Cmd           stm32f4xx_tim.o
    0x08002fb2   0x00000004   Code   RO         2740    i.TIM_GetCapture1   stm32f4xx_tim.o
    0x08002fb6   0x00000018   Code   RO         2746    i.TIM_GetITStatus   stm32f4xx_tim.o
    0x08002fce   0x00000010   Code   RO         2750    i.TIM_ITConfig      stm32f4xx_tim.o
    0x08002fde   0x00000002   PAD
    0x08002fe0   0x000000bc   Code   RO          122    i.TIM_LED_Config    main.o
    0x0800309c   0x00000060   Code   RO         2754    i.TIM_OC1Init       stm32f4xx_tim.o
    0x080030fc   0x0000000c   Code   RO         2757    i.TIM_OC1PreloadConfig  stm32f4xx_tim.o
    0x08003108   0x00000004   Code   RO         2787    i.TIM_SetCompare1   stm32f4xx_tim.o
    0x0800310c   0x0000007c   Code   RO         2797    i.TIM_TimeBaseInit  stm32f4xx_tim.o
    0x08003188   0x00000014   Code   RO          602    i.TimingDelay_Decrement  waveplayer.o
    0x0800319c   0x00000034   Code   RO         3889    i.USBH_Alloc_Channel  usbh_hcs.o
    0x080031d0   0x00000026   Code   RO         3929    i.USBH_BulkReceiveData  usbh_ioreq.o
    0x080031f6   0x00000028   Code   RO         3930    i.USBH_BulkSendData  usbh_ioreq.o
    0x0800321e   0x0000002e   Code   RO         3767    i.USBH_ClrFeature   usbh_stdreq.o
    0x0800324c   0x00000012   Code   RO         3829    i.USBH_Connect      usbh_core.o
    0x0800325e   0x00000022   Code   RO         3931    i.USBH_CtlReceiveData  usbh_ioreq.o
    0x08003280   0x00000050   Code   RO         3932    i.USBH_CtlReq       usbh_ioreq.o
    0x080032d0   0x00000036   Code   RO         3933    i.USBH_CtlSendData  usbh_ioreq.o
    0x08003306   0x00000024   Code   RO         3934    i.USBH_CtlSendSetup  usbh_ioreq.o
    0x0800332a   0x00000018   Code   RO         3890    i.USBH_DeAllocate_AllChannel  usbh_hcs.o
    0x08003342   0x00000034   Code   RO         3830    i.USBH_DeInit       usbh_core.o
    0x08003376   0x00000012   Code   RO         3831    i.USBH_Disconnect   usbh_core.o
    0x08003388   0x0000002c   Code   RO         3832    i.USBH_ErrorHandle  usbh_core.o
    0x080033b4   0x0000001a   Code   RO         3891    i.USBH_Free_Channel  usbh_hcs.o
    0x080033ce   0x00000030   Code   RO         3768    i.USBH_GetDescriptor  usbh_stdreq.o
    0x080033fe   0x0000000e   Code   RO         3769    i.USBH_GetNextDesc  usbh_stdreq.o
    0x0800340c   0x0000003a   Code   RO         3770    i.USBH_Get_CfgDesc  usbh_stdreq.o
    0x08003446   0x00000084   Code   RO         3771    i.USBH_Get_DevDesc  usbh_stdreq.o
    0x080034ca   0x00000048   Code   RO         3772    i.USBH_Get_StringDesc  usbh_stdreq.o
    0x08003512   0x00000002   PAD
    0x08003514   0x000001d0   Code   RO         3833    i.USBH_HandleControl  usbh_core.o
    0x080036e4   0x00000194   Code   RO         3834    i.USBH_HandleEnum   usbh_core.o
    0x08003878   0x00000054   Code   RO         3835    i.USBH_Init         usbh_core.o
    0x080038cc   0x00000038   Code   RO         3635    i.USBH_MSC_BOT_Abort  usbh_msc_bot.o
    0x08003904   0x0000000c   Code   RO         3676    i.USBH_MSC_ClassRequest  usbh_msc_core.o
    0x08003910   0x0000005c   Code   RO         3636    i.USBH_MSC_DecodeCSW  usbh_msc_bot.o
    0x0800396c   0x00000034   Code   RO         3677    i.USBH_MSC_ErrorHandle  usbh_msc_core.o
    0x080039a0   0x00000164   Code   RO         3678    i.USBH_MSC_Handle   usbh_msc_core.o
    0x08003b04   0x00000204   Code   RO         3637    i.USBH_MSC_HandleBOTXfer  usbh_msc_bot.o
    0x08003d08   0x0000003c   Code   RO         3638    i.USBH_MSC_Init     usbh_msc_bot.o
    0x08003d44   0x00000038   Code   RO         3679    i.USBH_MSC_InterfaceDeInit  usbh_msc_core.o
    0x08003d7c   0x000000a0   Code   RO         3680    i.USBH_MSC_InterfaceInit  usbh_msc_core.o
    0x08003e1c   0x0000009c   Code   RO         3571    i.USBH_MSC_ModeSense6  usbh_msc_scsi.o
    0x08003eb8   0x000000d8   Code   RO         3572    i.USBH_MSC_Read10   usbh_msc_scsi.o
    0x08003f90   0x000000a0   Code   RO         3573    i.USBH_MSC_ReadCapacity10  usbh_msc_scsi.o
    0x08004030   0x000000a0   Code   RO         3574    i.USBH_MSC_RequestSense  usbh_msc_scsi.o
    0x080040d0   0x00000080   Code   RO         3575    i.USBH_MSC_TestUnitReady  usbh_msc_scsi.o
    0x08004150   0x0000009c   Code   RO         3576    i.USBH_MSC_Write10  usbh_msc_scsi.o
    0x080041ec   0x00000032   Code   RO         3892    i.USBH_Modify_Channel  usbh_hcs.o
    0x0800421e   0x000000a8   Code   RO         3435    i.USBH_OTG_ISR_Handler  usb_hcd_int.o
    0x080042c6   0x00000050   Code   RO         3893    i.USBH_Open_Channel  usbh_hcs.o
    0x08004316   0x000000ea   Code   RO         3773    i.USBH_ParseCfgDesc  usbh_stdreq.o
    0x08004400   0x000001aa   Code   RO         3836    i.USBH_Process      usbh_core.o
    0x080045aa   0x00000018   Code   RO         3774    i.USBH_SetAddress   usbh_stdreq.o
    0x080045c2   0x00000018   Code   RO         3775    i.USBH_SetCfg       usbh_stdreq.o
    0x080045da   0x00000002   Code   RO          451    i.USBH_USR_Configuration_DescAvailable  usbh_usr.o
    0x080045dc   0x0000000c   Code   RO          452    i.USBH_USR_DeInit   usbh_usr.o
    0x080045e8   0x00000002   Code   RO          453    i.USBH_USR_DeviceAddressAssigned  usbh_usr.o
    0x080045ea   0x00000002   PAD
    0x080045ec   0x00000034   Code   RO          454    i.USBH_USR_DeviceAttached  usbh_usr.o
    0x08004620   0x0000005c   Code   RO          455    i.USBH_USR_DeviceDisconnected  usbh_usr.o
    0x0800467c   0x00000002   Code   RO          456    i.USBH_USR_DeviceNotSupported  usbh_usr.o
    0x0800467e   0x00000002   Code   RO          457    i.USBH_USR_DeviceSpeedDetected  usbh_usr.o
    0x08004680   0x00000002   Code   RO          458    i.USBH_USR_Device_DescAvailable  usbh_usr.o
    0x08004682   0x00000012   Code   RO          459    i.USBH_USR_EnumerationDone  usbh_usr.o
    0x08004694   0x00000002   Code   RO          460    i.USBH_USR_Init     usbh_usr.o
    0x08004696   0x00000002   PAD
    0x08004698   0x0000004c   Code   RO          461    i.USBH_USR_MSC_Application  usbh_usr.o
    0x080046e4   0x00000002   Code   RO          462    i.USBH_USR_Manufacturer_String  usbh_usr.o
    0x080046e6   0x00000002   Code   RO          463    i.USBH_USR_OverCurrentDetected  usbh_usr.o
    0x080046e8   0x00000002   Code   RO          464    i.USBH_USR_Product_String  usbh_usr.o
    0x080046ea   0x00000002   Code   RO          465    i.USBH_USR_ResetDevice  usbh_usr.o
    0x080046ec   0x00000002   Code   RO          466    i.USBH_USR_SerialNum_String  usbh_usr.o
    0x080046ee   0x00000002   Code   RO          467    i.USBH_USR_UnrecoveredError  usbh_usr.o
    0x080046f0   0x00000004   Code   RO          468    i.USBH_USR_UserInput  usbh_usr.o
    0x080046f4   0x00000040   Code   RO          381    i.USB_OTG_BSP_ConfigVBUS  usb_bsp.o
    0x08004734   0x00000018   Code   RO          382    i.USB_OTG_BSP_DriveVBUS  usb_bsp.o
    0x0800474c   0x00000040   Code   RO          383    i.USB_OTG_BSP_EnableInterrupt  usb_bsp.o
    0x0800478c   0x000000b8   Code   RO          384    i.USB_OTG_BSP_Init  usb_bsp.o
    0x08004844   0x00000038   Code   RO          385    i.USB_OTG_BSP_TimerIRQ  usb_bsp.o
    0x0800487c   0x00000006   Code   RO          386    i.USB_OTG_BSP_mDelay  usb_bsp.o
    0x08004882   0x00000006   Code   RO          387    i.USB_OTG_BSP_uDelay  usb_bsp.o
    0x08004888   0x000000da   Code   RO         3261    i.USB_OTG_CoreInit  usb_core.o
    0x08004962   0x00000002   PAD
    0x08004964   0x00000096   Code   RO         3262    i.USB_OTG_CoreInitHost  usb_core.o
    0x080049fa   0x00000002   PAD
    0x080049fc   0x00000058   Code   RO         3263    i.USB_OTG_CoreReset  usb_core.o
    0x08004a54   0x00000010   Code   RO         3264    i.USB_OTG_DisableGlobalInt  usb_core.o
    0x08004a64   0x00000034   Code   RO         3265    i.USB_OTG_DriveVbus  usb_core.o
    0x08004a98   0x00000010   Code   RO         3266    i.USB_OTG_EnableGlobalInt  usb_core.o
    0x08004aa8   0x00000044   Code   RO         3267    i.USB_OTG_EnableHostInt  usb_core.o
    0x08004aec   0x00000038   Code   RO         3268    i.USB_OTG_FlushRxFifo  usb_core.o
    0x08004b24   0x00000040   Code   RO         3269    i.USB_OTG_FlushTxFifo  usb_core.o
    0x08004b64   0x0000002a   Code   RO         3271    i.USB_OTG_HC_DoPing  usb_core.o
    0x08004b8e   0x0000003c   Code   RO         3272    i.USB_OTG_HC_Halt   usb_core.o
    0x08004bca   0x000000ec   Code   RO         3273    i.USB_OTG_HC_Init   usb_core.o
    0x08004cb6   0x00000102   Code   RO         3274    i.USB_OTG_HC_StartXfer  usb_core.o
    0x08004db8   0x0000000c   Code   RO         3275    i.USB_OTG_InitFSLSPClkSel  usb_core.o
    0x08004dc4   0x0000000c   Code   RO         3277    i.USB_OTG_IsEvenFrame  usb_core.o
    0x08004dd0   0x0000000e   Code   RO         3278    i.USB_OTG_IsHostMode  usb_core.o
    0x08004dde   0x0000000a   Code   RO         3279    i.USB_OTG_ReadCoreItr  usb_core.o
    0x08004de8   0x0000000c   Code   RO         3280    i.USB_OTG_ReadHPRT0  usb_core.o
    0x08004df4   0x00000006   Code   RO         3281    i.USB_OTG_ReadHostAllChannels_intr  usb_core.o
    0x08004dfa   0x00000020   Code   RO         3283    i.USB_OTG_ReadPacket  usb_core.o
    0x08004e1a   0x0000002a   Code   RO         3284    i.USB_OTG_ResetPort  usb_core.o
    0x08004e44   0x000000c0   Code   RO         3285    i.USB_OTG_SelectCore  usb_core.o
    0x08004f04   0x0000002a   Code   RO         3286    i.USB_OTG_SetCurrentMode  usb_core.o
    0x08004f2e   0x0000002e   Code   RO         3436    i.USB_OTG_USBH_handle_Disconnect_ISR  usb_hcd_int.o
    0x08004f5c   0x00000046   Code   RO         3437    i.USB_OTG_USBH_handle_IncompletePeriodicXfer_ISR  usb_hcd_int.o
    0x08004fa2   0x00000056   Code   RO         3438    i.USB_OTG_USBH_handle_hc_ISR  usb_hcd_int.o
    0x08004ff8   0x00000426   Code   RO         3439    i.USB_OTG_USBH_handle_hc_n_In_ISR  usb_hcd_int.o
    0x0800541e   0x00000388   Code   RO         3440    i.USB_OTG_USBH_handle_hc_n_Out_ISR  usb_hcd_int.o
    0x080057a6   0x0000012c   Code   RO         3441    i.USB_OTG_USBH_handle_nptxfempty_ISR  usb_hcd_int.o
    0x080058d2   0x00000118   Code   RO         3442    i.USB_OTG_USBH_handle_port_ISR  usb_hcd_int.o
    0x080059ea   0x0000012e   Code   RO         3443    i.USB_OTG_USBH_handle_ptxfempty_ISR  usb_hcd_int.o
    0x08005b18   0x00000164   Code   RO         3444    i.USB_OTG_USBH_handle_rx_qlvl_ISR  usb_hcd_int.o
    0x08005c7c   0x0000001c   Code   RO         3445    i.USB_OTG_USBH_handle_sof_ISR  usb_hcd_int.o
    0x08005c98   0x00000028   Code   RO         3288    i.USB_OTG_WritePacket  usb_core.o
    0x08005cc0   0x00000002   Code   RO          260    i.UsageFault_Handler  stm32f4xx_it.o
    0x08005cc2   0x000000b6   Code   RO          720    i.WavaRecorderHeaderInit  waverecorder.o
    0x08005d78   0x00000138   Code   RO          603    i.WavePlayBack      waveplayer.o
    0x08005eb0   0x00000028   Code   RO          604    i.WavePlayerInit    waveplayer.o
    0x08005ed8   0x000000c0   Code   RO          606    i.WavePlayerStart   waveplayer.o
    0x08005f98   0x00000064   Code   RO          608    i.WavePlayer_CallBack  waveplayer.o
    0x08005ffc   0x00000174   Code   RO          609    i.WavePlayer_WaveParsing  waveplayer.o
    0x08006170   0x00000120   Code   RO          721    i.WaveRecorderInit  waverecorder.o
    0x08006290   0x00000030   Code   RO          722    i.WaveRecorderStart  waverecorder.o
    0x080062c0   0x00000020   Code   RO          723    i.WaveRecorderStop  waverecorder.o
    0x080062e0   0x00000218   Code   RO          724    i.WaveRecorderUpdate  waverecorder.o
    0x080064f8   0x0000000e   Code   RO         4303    i.__scatterload_copy  mc_w.l(handlers.o)
    0x08006506   0x00000002   Code   RO         4304    i.__scatterload_null  mc_w.l(handlers.o)
    0x08006508   0x0000000e   Code   RO         4305    i.__scatterload_zeroinit  mc_w.l(handlers.o)
    0x08006516   0x00000002   PAD
    0x08006518   0x0000005c   Code   RO         3987    i.check_fs          ff.o
    0x08006574   0x000001e4   Code   RO         3988    i.chk_mounted       ff.o
    0x08006758   0x00000018   Code   RO         3989    i.clust2sect        ff.o
    0x08006770   0x00000096   Code   RO         3990    i.create_chain      ff.o
    0x08006806   0x00000002   PAD
    0x08006808   0x000000e4   Code   RO         3991    i.create_name       ff.o
    0x080068ec   0x00000106   Code   RO         3992    i.dir_next          ff.o
    0x080069f2   0x00000044   Code   RO         3993    i.dir_read          ff.o
    0x08006a36   0x00000066   Code   RO         3994    i.dir_register      ff.o
    0x08006a9c   0x00000028   Code   RO         3995    i.dir_remove        ff.o
    0x08006ac4   0x000000a0   Code   RO         3996    i.dir_seek          ff.o
    0x08006b64   0x00000020   Code   RO         3721    i.disk_initialize   usbh_msc_fatfs.o
    0x08006b84   0x00000040   Code   RO         3722    i.disk_ioctl        usbh_msc_fatfs.o
    0x08006bc4   0x00000064   Code   RO         3723    i.disk_read         usbh_msc_fatfs.o
    0x08006c28   0x00000010   Code   RO         3724    i.disk_status       usbh_msc_fatfs.o
    0x08006c38   0x0000006c   Code   RO         3725    i.disk_write        usbh_msc_fatfs.o
    0x08006ca4   0x00000012   Code   RO         3998    i.f_close           ff.o
    0x08006cb6   0x00000158   Code   RO         4001    i.f_lseek           ff.o
    0x08006e0e   0x00000002   PAD
    0x08006e10   0x00000020   Code   RO         4004    i.f_mount           ff.o
    0x08006e30   0x0000014a   Code   RO         4005    i.f_open            ff.o
    0x08006f7a   0x0000004e   Code   RO         4006    i.f_opendir         ff.o
    0x08006fc8   0x00000172   Code   RO         4010    i.f_read            ff.o
    0x0800713a   0x000000a4   Code   RO         4014    i.f_sync            ff.o
    0x080071de   0x00000090   Code   RO         4016    i.f_unlink          ff.o
    0x0800726e   0x000001ae   Code   RO         4018    i.f_write           ff.o
    0x0800741c   0x000000bc   Code   RO         4019    i.follow_path       ff.o
    0x080074d8   0x000000ce   Code   RO         4020    i.get_fat           ff.o
    0x080075a6   0x00000004   Code   RO         4238    i.get_fattime       fattime.o
    0x080075aa   0x00000002   PAD
    0x080075ac   0x000000a0   Code   RO          123    i.main              main.o
    0x0800764c   0x00000012   Code   RO         4022    i.mem_cpy           ff.o
    0x0800765e   0x0000000e   Code   RO         4023    i.mem_set           ff.o
    0x0800766c   0x0000006a   Code   RO         4024    i.move_window       ff.o
    0x080076d6   0x00000132   Code   RO         4025    i.put_fat           ff.o
    0x08007808   0x00000062   Code   RO         4026    i.remove_chain      ff.o
    0x0800786a   0x000000b8   Code   RO         4027    i.sync              ff.o
    0x08007922   0x00000020   Code   RO         4028    i.validate          ff.o
    0x08007942   0x00000002   PAD
    0x08007944   0x00000024   Data   RO          775    .constdata          stm32f4_discovery.o
    0x08007968   0x000000c2   Data   RO         4029    .constdata          ff.o
    0x08007a2a   0x00000002   PAD
    0x08007a2c   0x00000020   Data   RO         4301    Region$$Table       anon$$obj.o


    Execution Region RW_IRAM1 (Base: 0x20000000, Size: 0x000047a8, Max: 0x00020000, ABSOLUTE, COMPRESSED[0x000002b8])

    Base Addr    Size         Type   Attr      Idx    E Section Name        Object

    0x20000000   0x00000004   Data   RW          125    .data               main.o
    0x20000004   0x00000008   Data   RW          261    .data               stm32f4xx_it.o
    0x2000000c   0x00000014   Data   RW          348    .data               system_stm32f4xx.o
    0x20000020   0x00000004   Data   RW          388    .data               usb_bsp.o
    0x20000024   0x00000002   Data   RW          474    .data               usbh_usr.o
    0x20000026   0x00000002   PAD
    0x20000028   0x00000048   Data   RW          475    .data               usbh_usr.o
    0x20000070   0x00000024   Data   RW          612    .data               waveplayer.o
    0x20000094   0x00000006   Data   RW          613    .data               waveplayer.o
    0x2000009a   0x00000002   PAD
    0x2000009c   0x0000002c   Data   RW          726    .data               waverecorder.o
    0x200000c8   0x00000014   Data   RW          776    .data               stm32f4_discovery.o
    0x200000dc   0x00000004   Data   RW          832    .data               stm32f4_discovery_lis302dl.o
    0x200000e0   0x00000040   Data   RW          930    .data               stm32f4_discovery_audio_codec.o
    0x20000120   0x00000010   Data   RW         2319    .data               stm32f4xx_rcc.o
    0x20000130   0x00000001   Data   RW         3579    .data               usbh_msc_scsi.o
    0x20000131   0x00000003   PAD
    0x20000134   0x00000010   Data   RW         3640    .data               usbh_msc_bot.o
    0x20000144   0x00000002   Data   RW         3682    .data               usbh_msc_core.o
    0x20000146   0x00000002   PAD
    0x20000148   0x00000010   Data   RW         3683    .data               usbh_msc_core.o
    0x20000158   0x00000001   Data   RW         3726    .data               usbh_msc_fatfs.o
    0x20000159   0x00000003   PAD
    0x2000015c   0x00000010   Data   RW         3837    .data               usbh_core.o
    0x2000016c   0x00000008   Data   RW         4030    .data               ff.o
    0x20000174   0x00000304   Data   RW         4257    .data               libPDMFilter_Keil.lib(pdm_filter.o)
    0x20000478   0x00000544   Zero   RW          124    .bss                main.o
    0x200009bc   0x00000430   Zero   RW          469    .bss                usbh_usr.o
    0x20000dec   0x00000424   Zero   RW          470    .bss                usbh_usr.o
    0x20001210   0x00000424   Zero   RW          471    .bss                usbh_usr.o
    0x20001634   0x0000001c   Zero   RW          472    .bss                usbh_usr.o
    0x20001650   0x00001018   Zero   RW          611    .bss                waveplayer.o
    0x20002668   0x00001a64   Zero   RW          725    .bss                waverecorder.o
    0x200040cc   0x0000003c   Zero   RW          928    .bss                stm32f4_discovery_audio_codec.o
    0x20004108   0x00000210   Zero   RW         3577    .bss                usbh_msc_scsi.o
    0x20004318   0x00000040   Zero   RW         3639    .bss                usbh_msc_bot.o
    0x20004358   0x0000004a   Zero   RW         3681    .bss                usbh_msc_core.o
    0x200043a2   0x00000006   PAD
    0x200043a8   0x00000400   Zero   RW         3253    STACK               startup_stm32f4xx.o


==============================================================================

Image component sizes


      Code (inc. data)   RO Data    RW Data    ZI Data      Debug   Object Name

         0          0          0          0          0     289016   audio_sample.o
         4          0          0          0          0        514   fattime.o
      4672         40        194          8          0      24481   ff.o
       348         44          0          4       1348      58750   main.o
       140         26          0          0          0       2205   misc.o
        36          8        392          0       1024        896   startup_stm32f4xx.o
       300         42         36         20          0       4178   stm32f4_discovery.o
      2454        210          0         64         60     268615   stm32f4_discovery_audio_codec.o
       626         32          0          4          0       4902   stm32f4_discovery_lis302dl.o
        84         14          0          0          0       2543   stm32f4xx_dac.o
       558         48          0          0          0       6032   stm32f4xx_dma.o
       156         14          0          0          0       2336   stm32f4xx_exti.o
       212          0          0          0          0       3519   stm32f4xx_gpio.o
       426         20          0          0          0       7917   stm32f4xx_i2c.o
       400         52          0          8          0       7577   stm32f4xx_it.o
       288         48          0         16          0       6422   stm32f4xx_rcc.o
       484         22          0          0          0       7674   stm32f4xx_spi.o
        40          6          0          0          0        648   stm32f4xx_syscfg.o
       326         36          0          0          0       7749   stm32f4xx_tim.o
       296         44          0         20          0       1881   system_stm32f4xx.o
       546         24          0          4          0       5836   usb_bsp.o
      1738         22          0          0          0      16897   usb_core.o
       160          0          0          0          0       4979   usb_hcd.o
      3602          0          0          0          0      10551   usb_hcd_int.o
      1510         52          0         16          0       6905   usbh_core.o
       232          0          0          0          0       3836   usbh_hcs.o
       282          0          0          0          0       4654   usbh_ioreq.o
       724         66          0         16         64       6753   usbh_msc_bot.o
       636         50          0         18         74       5737   usbh_msc_core.o
       320         46          0          1          0       5294   usbh_msc_fatfs.o
       976         72          0          1        528      15060   usbh_msc_scsi.o
       652          0          0          0          0       7167   usbh_stdreq.o
       318         58          0         74       3220      14381   usbh_usr.o
      1440        184          0         42       4120       9802   waveplayer.o
      1166        118          0         44       6756       6309   waverecorder.o

    ----------------------------------------------------------------------
     26192       1398        656        372      17200     832016   Object Totals
         0          0         32          0          0          0   (incl. Generated)
        40          0          2         12          6          0   (incl. Padding)

    ----------------------------------------------------------------------

      Code (inc. data)   RO Data    RW Data    ZI Data      Debug   Library Member Name

      3068         54          0        772          0        268   pdm_filter.o
        92          0          0          0          0          0   __dczerorl2.o
         0          0          0          0          0          0   entry.o
         0          0          0          0          0          0   entry10a.o
         0          0          0          0          0          0   entry11a.o
         8          4          0          0          0          0   entry2.o
         4          0          0          0          0          0   entry5.o
         0          0          0          0          0          0   entry7b.o
         0          0          0          0          0          0   entry8b.o
         8          4          0          0          0          0   entry9a.o
        30          0          0          0          0          0   handlers.o
        36          8          0          0          0         68   init.o
         0          0          0          0          0          0   iusefp.o
        30          0          0          0          0         68   llshl.o
        36          0          0          0          0         68   llsshr.o
        32          0          0          0          0         68   llushr.o
       334          0          0          0          0        148   dadd.o
       222          0          0          0          0        100   ddiv.o
       190          0          0          0          0        176   depilogue.o
        50          0          0          0          0         76   dfixui.o
        26          0          0          0          0         76   dfltui.o
       228          0          0          0          0         96   dmul.o
        38          0          0          0          0         68   f2d.o
        24          0          0          0          0         68   fscalb.o

    ----------------------------------------------------------------------
      4460         70          0        772          0       1348   Library Totals
         4          0          0          0          0          0   (incl. Padding)

    ----------------------------------------------------------------------

      Code (inc. data)   RO Data    RW Data    ZI Data      Debug   Library Name

      3068         54          0        772          0        268   libPDMFilter_Keil.lib
       276         16          0          0          0        272   mc_w.l
      1112          0          0          0          0        808   mf_w.l

    ----------------------------------------------------------------------
      4460         70          0        772          0       1348   Library Totals

    ----------------------------------------------------------------------

==============================================================================


      Code (inc. data)   RO Data    RW Data    ZI Data      Debug   

     30652       1468        656       1144      17200     818492   Grand Totals
     30652       1468        656        696      17200     818492   ELF Image Totals (compressed)
     30652       1468        656        696          0          0   ROM Totals

==============================================================================

    Total RO  Size (Code + RO Data)                31308 (  30.57kB)
    Total RW  Size (RW Data + ZI Data)             18344 (  17.91kB)
    Total ROM Size (Code + RO Data + RW Data)      32004 (  31.25kB)

==============================================================================

